
 num     #instances         #bytes  class name
----------------------------------------------
   1:         20550       14800664  [B
   2:        116966        7953792  [C
   3:        152598        4957192  [I
   4:         61331        4448504  [Ljava.lang.Object;
   5:        114741        2753784  java.lang.String
   6:        133712        2139392  game.core.util.AutoIncrementIntArray
   7:         56848        1819136  java.util.HashMap$Node
   8:         67845        1628280  java.util.ArrayList
   9:         11454        1284264  java.lang.Class
  10:         34027        1088864  java.util.concurrent.ConcurrentHashMap$Node
  11:         10921         961048  java.lang.reflect.Method
  12:         37652         602432  java.lang.Integer
  13:          3106         572840  [Ljava.util.HashMap$Node;
  14:          2749         439840  game.data.bean.Cfg_itemBean
  15:          4103         426712  org.apache.logging.log4j.core.impl.MutableLogEvent
  16:          1968         393600  game.data.bean.Cfg_EquipBean
  17:          7727         370896  java.util.HashMap
  18:            83         329056  [Ljava.nio.channels.SelectionKey;
  19:          3723         297840  java.lang.reflect.Constructor
  20:         17852         285632  java.lang.Object
  21:            76         273504  [Ljava.util.concurrent.ConcurrentHashMap$Node;
  22:          8313         199512  game.data.bean.Cfg_offstringBean
  23:          1004         184736  game.data.bean.Cfg_monsterBean
  24:           652         146048  game.data.bean.Cfg_GrouDropBean
  25:          1397         145288  game.data.bean.Cfg_skillBean
  26:          7434         142496  [Ljava.lang.Class;
  27:          1951         140472  org.apache.ibatis.mapping.ResultMapping
  28:          5654         135696  java.util.Collections$UnmodifiableRandomAccessList
  29:          4098         131136  org.apache.logging.log4j.util.SortedArrayStringMap
  30:           780         131040  game.data.bean.Cfg_task_dailyBean
  31:          3000         120000  java.lang.ref.SoftReference
  32:          4973         119352  org.apache.ibatis.reflection.invoker.MethodInvoker
  33:          3584         114688  com.game.map.structs.ByteMapItem
  34:          1338         105104  [Ljava.lang.String;
  35:          1363         100832  [Ljava.util.Hashtable$Entry;
  36:          4134          99216  java.lang.StringBuilder
  37:          4096          98304  org.apache.logging.log4j.core.async.AsyncLoggerConfigDisruptor$Log4jEventWrapper
  38:           576          92160  game.data.bean.Cfg_gift_addBean
  39:           160          90880  io.netty.util.internal.shaded.org.jctools.queues.MpscUnboundedArrayQueue
  40:          3772          90528  com.game.structs.Vector3
  41:          2662          85184  java.util.Vector
  42:            91          81240  [[B
  43:           998          79840  game.data.bean.Cfg_skillLevelBean
  44:          1107          79704  sun.reflect.DelegatingClassLoader
  45:           935          67320  game.data.bean.Cfg_cardBean
  46:          2074          66368  game.core.dblog.base.MetaData
  47:          4091          65456  java.util.HashSet
  48:          1004          64256  io.netty.buffer.PoolSubpage
  49:          1335          64080  java.util.Hashtable
  50:          1897          60704  java.util.Hashtable$Entry
  51:          1345          53800  java.security.ProtectionDomain
  52:            78          51168  io.netty.util.internal.shaded.org.jctools.queues.MpscArrayQueue
  53:           652          46944  java.lang.reflect.Field
  54:           191          45840  game.data.bean.Cfg_droptableBean
  55:           600          43200  game.data.bean.Cfg_jjcrobotBean
  56:          1344          43008  java.security.CodeSource
  57:          1015          40600  java.util.LinkedHashMap$Entry
  58:           354          39648  game.data.bean.Cfg_task_conquerBean
  59:           942          37680  java.util.TreeMap$Entry
  60:           939          37560  game.data.bean.Cfg_clone_monsterBean
  61:          1550          37200  sun.reflect.NativeConstructorAccessorImpl
  62:           915          36600  org.apache.logging.log4j.core.Logger$PrivateConfig
  63:           351          33696  org.apache.ibatis.mapping.MappedStatement
  64:           259          33152  com.game.skill.config.event.FindTargetHitEvent
  65:           572          32032  java.lang.Package
  66:           496          31744  com.mysql.jdbc.ConnectionPropertiesImpl$BooleanConnectionProperty
  67:           263          31560  game.data.bean.Cfg_main_taskBean
  68:           562          31472  org.apache.ibatis.mapping.ParameterMapping
  69:           915          29280  org.apache.logging.log4j.core.Logger
  70:           505          28280  game.data.bean.Cfg_guild_collegeBean
  71:           313          27544  game.data.bean.Cfg_npcBean
  72:            13          26832  [Lorg.apache.ibatis.ognl.OgnlRuntime$ClassCache$Entry;
  73:           834          26688  com.game.skill.config.event.CommonEvent
  74:          1655          26480  sun.reflect.DelegatingConstructorAccessorImpl
  75:           660          26400  game.data.bean.Cfg_elves_runestarBean
  76:          1580          25280  sun.reflect.DelegatingMethodAccessorImpl
  77:           303          24240  com.game.skill.config.event.PlayHitEvent
  78:           480          23040  game.data.bean.Cfg_treasureBean
  79:           917          22008  org.apache.logging.log4j.message.DefaultFlowMessageFactory
  80:          1345          21520  [Ljava.security.Principal;
  81:          1345          21520  java.security.ProtectionDomain$Key
  82:           280          20160  game.data.bean.Cfg_meltingBean
  83:           500          20000  game.data.bean.Cfg_prayBean
  84:            89          19936  game.data.bean.Cfg_clone_mapBean
  85:           317          17752  java.util.LinkedHashMap
  86:           309          17304  com.game.skill.config.SkillVisual
  87:           140          16800  game.data.bean.Cfg_shop_MaketBean
  88:           407          16280  org.apache.log4j.Logger
  89:           670          16080  org.apache.log4j.CategoryKey
  90:           251          16064  java.util.concurrent.ConcurrentHashMap
  91:           142          15904  game.data.bean.Cfg_buffBean
  92:           216          15552  game.core.script.ScriptJavaLoader$ScriptClassLoader
  93:            41          15416  java.lang.Thread
  94:            91          15288  game.data.bean.Cfg_MapsettingBean
  95:           473          15136  com.game.utils.Shape
  96:           916          14656  org.apache.logging.log4j.message.ReusableMessageFactory
  97:           251          14056  org.apache.ibatis.mapping.ResultMap
  98:           435          13920  java.lang.ref.WeakReference
  99:           578          13872  sun.reflect.NativeMethodAccessorImpl
 100:           214          13696  com.game.skill.config.event.FindTargetEvent
 101:            55          12960  [Lio.netty.buffer.PoolSubpage;
 102:           534          12816  game.core.message.Dictionary
 103:            80          12160  io.netty.channel.nio.NioEventLoop
 104:           233          11184  org.apache.ibatis.reflection.Reflector
 105:           231          11088  game.data.bean.Cfg_pet_levelBean
 106:           172          11008  com.mysql.jdbc.ConnectionPropertiesImpl$StringConnectionProperty
 107:           341          10912  sun.misc.FDBigInteger
 108:           100          10400  game.data.bean.Cfg_specialclone_rewardBean
 109:           433          10392  game.data.bean.Cfg_globalBean
 110:           185          10360  java.lang.invoke.MemberName
 111:           110           9752  [[C
 112:           100           9600  game.data.bean.Cfg_charactersBean
 113:           200           9600  game.data.bean.Cfg_marriage_attributeBean
 114:           395           9480  org.slf4j.impl.Log4jLoggerAdapter
 115:           230           9200  game.data.bean.Cfg_bag_gridBean
 116:           216           8640  game.core.script.ScriptBean
 117:           351           8424  org.apache.ibatis.mapping.ParameterMap
 118:           263           8416  org.apache.log4j.ProvisionNode
 119:           350           8400  org.apache.ibatis.builder.StaticSqlSource
 120:           250           8000  game.data.bean.Cfg_FightingSoulLevelBean
 121:           125           8000  game.data.bean.Cfg_GatherBean
 122:           163           7968  [J
 123:           497           7952  java.util.HashMap$KeySet
 124:           192           7680  java.util.WeakHashMap$Entry
 125:           190           7600  game.data.bean.Cfg_guild_fight_continuous_rewardBean
 126:           190           7600  game.data.bean.Cfg_guild_fight_cumulative_rewardBean
 127:           116           7424  com.mysql.jdbc.ConnectionPropertiesImpl$IntegerConnectionProperty
 128:            90           7200  com.game.map.structs.ByteMapCfg
 129:            84           7168  [Ljava.util.WeakHashMap$Entry;
 130:           217           6944  sun.reflect.UnsafeObjectFieldAccessorImpl
 131:            84           6720  game.data.bean.Cfg_marriage_patronBean
 132:           162           6480  io.netty.buffer.PoolChunkList
 133:           202           6464  game.data.bean.Cfg_FunctionStartBean
 134:           198           6336  org.apache.logging.log4j.core.config.plugins.processor.PluginEntry
 135:             7           6320  [Lio.netty.util.Recycler$DefaultHandle;
 136:           196           6272  java.lang.invoke.LambdaForm$Name
 137:           195           6240  javax.management.MBeanAttributeInfo
 138:           258           6192  java.lang.Long
 139:            69           6072  game.data.bean.Cfg_giftBean
 140:           247           5928  javax.management.ObjectName$Property
 141:           368           5888  java.util.Collections$UnmodifiableSet
 142:           146           5840  java.lang.ref.Finalizer
 143:            80           5760  sun.nio.ch.EPollArrayWrapper
 144:            80           5760  sun.nio.ch.EPollSelectorImpl
 145:            89           5696  java.net.URL
 146:           354           5664  org.apache.ibatis.logging.slf4j.Slf4jImpl
 147:           354           5664  org.apache.ibatis.logging.slf4j.Slf4jLocationAwareLoggerImpl
 148:            94           5640  [Ljava.lang.ref.SoftReference;
 149:           350           5600  org.apache.ibatis.executor.keygen.NoKeyGenerator
 150:           350           5600  org.apache.ibatis.scripting.defaults.RawSqlSource
 151:           173           5536  java.lang.invoke.MethodType$ConcurrentWeakInternSet$WeakEntry
 152:           138           5520  game.data.bean.Cfg_rechargeItemBean
 153:           230           5520  java.util.LinkedList$Node
 154:           169           5408  game.data.bean.Cfg_monsterAiBean
 155:           181           5280  [Ljavax.management.ObjectName$Property;
 156:           128           5120  java.lang.invoke.MethodType
 157:           213           5112  javax.management.ImmutableDescriptor
 158:           211           5064  game.data.bean.Cfg_serverStrBean
 159:            70           5040  game.data.bean.Cfg_templeActivityBean
 160:            47           4944  [Z
 161:           123           4920  game.data.bean.Cfg_achievementBean
 162:           203           4872  sun.reflect.generics.tree.SimpleClassTypeSignature
 163:             4           4864  com.mysql.jdbc.JDBC4Connection
 164:            66           4752  game.data.bean.Cfg_elves_runeBean
 165:           198           4752  org.apache.logging.log4j.core.config.plugins.util.PluginType
 166:            72           4608  game.data.bean.Cfg_retrieveResBean
 167:           110           4400  game.data.bean.Cfg_elves_starBean
 168:           110           4400  game.data.bean.Cfg_horse_starBean
 169:           110           4400  game.data.bean.Cfg_wing_starBean
 170:           137           4384  io.netty.util.internal.LongAdderCounter
 171:           137           4384  java.util.LinkedList
 172:           108           4320  java.math.BigInteger
 173:             8           4224  [Ljava.util.TimerTask;
 174:           130           4160  com.sun.jmx.mbeanserver.ConvertingMethod
 175:            74           4144  java.beans.MethodDescriptor
 176:             2           4128  [Ljava.nio.ByteBuffer;
 177:            86           4128  game.data.bean.Cfg_FightingSoulBean
 178:             1           4112  [Lcom.alibaba.fastjson.util.IdentityHashMap$Entry;
 179:             1           4112  [Lcom.sun.org.apache.xpath.internal.objects.XObject;
 180:           257           4112  java.lang.Byte
 181:           257           4112  java.lang.Short
 182:            72           4104  [Ljavax.management.MBeanAttributeInfo;
 183:           171           4104  java.util.concurrent.atomic.AtomicLong
 184:           171           4104  org.apache.logging.log4j.core.pattern.PatternFormatter
 185:           101           4040  game.data.bean.Cfg_challenge_rewardBean
 186:           100           4000  game.data.bean.Cfg_MilitaryRankBean
 187:            99           3960  java.io.ObjectStreamField
 188:           162           3888  java.lang.Class$AnnotationData
 189:           203           3864  [Lsun.reflect.generics.tree.TypeArgument;
 190:            30           3840  game.data.bean.Cfg_ScuffleLevelBean
 191:            79           3792  java.util.WeakHashMap
 192:           117           3744  java.util.concurrent.locks.ReentrantLock$NonfairSync
 193:            91           3640  javax.management.ObjectName
 194:           111           3552  game.data.bean.Cfg_FashionStarStarBean
 195:            26           3536  game.data.bean.Cfg_task_battlefieldBean
 196:            28           3520  [S
 197:            72           3456  javax.management.MBeanInfo
 198:            85           3400  com.game.map.structs.ByteMapTrigger
 199:           140           3360  sun.reflect.annotation.AnnotationInvocationHandler
 200:           136           3264  java.beans.MethodRef
 201:           202           3232  sun.reflect.generics.tree.ClassTypeSignature
 202:            40           3200  game.data.bean.Cfg_MasterSpiritArrayBean
 203:           100           3200  java.lang.ref.ReferenceQueue
 204:             8           3072  java.util.TimerThread
 205:            68           3056  [Ljava.lang.invoke.LambdaForm$Name;
 206:            63           3024  java.lang.invoke.LambdaForm
 207:           188           3008  java.util.concurrent.atomic.AtomicBoolean
 208:            92           2944  java.util.concurrent.Semaphore$NonfairSync
 209:            28           2912  [Ljava.lang.invoke.MethodHandle;
 210:            36           2880  game.data.bean.Cfg_task_genderBean
 211:            45           2880  javax.management.openmbean.OpenMBeanAttributeInfoSupport
 212:            90           2880  org.apache.logging.log4j.core.pattern.LiteralPatternConverter
 213:            51           2856  sun.nio.cs.UTF_8$Encoder
 214:            86           2752  java.lang.ThreadLocal$ThreadLocalMap$Entry
 215:            49           2744  java.lang.invoke.MethodTypeForm
 216:            85           2720  io.netty.util.concurrent.DefaultPromise
 217:           137           2568  [Lcom.sun.jmx.mbeanserver.MXBeanMapping;
 218:            80           2560  sun.nio.ch.AllocatedNativeObject
 219:           155           2480  java.util.concurrent.atomic.AtomicInteger
 220:            28           2464  game.data.bean.Cfg_active_behaviorBean
 221:           104           2456  [Ljava.lang.reflect.Type;
 222:            51           2448  game.data.bean.Cfg_offLinePlugInBean
 223:            60           2400  com.mysql.jdbc.MysqlCharset
 224:           100           2400  game.data.bean.Cfg_MilitaryRankcamp1Bean
 225:           100           2400  game.data.bean.Cfg_MilitaryRankcamp2Bean
 226:           100           2400  game.data.bean.Cfg_specialclone_reward_coefficientBean
 227:            74           2368  com.alibaba.fastjson.util.IdentityHashMap$Entry
 228:            73           2336  sun.reflect.generics.repository.ClassRepository
 229:            72           2304  io.netty.buffer.PoolThreadCache$SubPageMemoryRegionCache
 230:            96           2304  java.lang.invoke.LambdaForm$NamedFunction
 231:            31           2232  java.beans.PropertyDescriptor
 232:            23           2208  java.util.jar.JarFile$JarFileEntry
 233:            39           2184  sun.util.calendar.ZoneInfo
 234:            90           2160  com.sun.jmx.mbeanserver.NamedObject
 235:            15           2160  io.netty.buffer.PoolArena$HeapArena
 236:            89           2136  com.game.copymap.structs.CloneTypeId
 237:            65           2080  java.lang.invoke.DirectMethodHandle
 238:           129           2064  java.lang.Character
 239:           123           1968  java.lang.ThreadLocal
 240:            82           1968  java.util.BitSet
 241:            24           1920  game.data.bean.Cfg_changejobBean
 242:            80           1920  io.netty.channel.nio.SelectedSelectionKeySet
 243:            80           1920  io.netty.channel.nio.SelectedSelectionKeySetSelector
 244:            40           1920  sun.util.locale.LocaleObjectCache$CacheEntry
 245:            17           1904  java.util.GregorianCalendar
 246:           119           1904  java.util.concurrent.locks.ReentrantLock
 247:            79           1896  sun.reflect.generics.factory.CoreReflectionFactory
 248:            77           1848  java.util.concurrent.locks.AbstractQueuedSynchronizer$ConditionObject
 249:            38           1824  game.data.bean.Cfg_tombstoneBean
 250:            25           1800  game.data.bean.Cfg_union_jjrankBean
 251:           112           1792  org.apache.ibatis.reflection.invoker.SetFieldInvoker
 252:            37           1776  sun.misc.URLClassPath$JarLoader
 253:            73           1752  game.data.bean.Cfg_attributeAddBean
 254:            73           1752  sun.reflect.generics.scope.ClassScope
 255:            73           1752  sun.reflect.generics.tree.ClassSignature
 256:            12           1728  io.netty.buffer.PoolArena$DirectArena
 257:            18           1728  sun.util.calendar.Gregorian$Date
 258:            43           1720  game.data.bean.Cfg_server_world_questionBean
 259:            43           1720  java.security.AccessControlContext
 260:            30           1680  java.security.Provider$Service
 261:           105           1680  sun.reflect.BootstrapConstructorAccessorImpl
 262:            70           1680  sun.reflect.generics.reflectiveObjects.ParameterizedTypeImpl
 263:            23           1664  [Ljava.lang.Integer;
 264:            26           1664  java.util.jar.JarFile
 265:            69           1656  java.security.Provider$ServiceKey
 266:            23           1656  org.apache.logging.log4j.core.async.AsyncLoggerConfig
 267:            68           1632  com.sun.jmx.mbeanserver.StandardMBeanSupport
 268:           102           1632  java.lang.ref.ReferenceQueue$Lock
 269:            40           1600  game.data.bean.Cfg_guild_upBean
 270:            40           1600  sun.management.DiagnosticCommandArgumentInfo
 271:            18           1584  game.data.bean.Cfg_task_guideBean
 272:            99           1584  org.apache.ibatis.reflection.invoker.GetFieldInvoker
 273:            28           1568  game.data.bean.Cfg_sevendaypartyBean
 274:            16           1536  [Ljava.lang.ThreadLocal$ThreadLocalMap$Entry;
 275:             4           1536  io.netty.util.concurrent.FastThreadLocalThread
 276:            32           1536  java.util.logging.LogManager$LoggerWeakRef
 277:            27           1512  game.data.bean.Cfg_pet_probabilityBean
 278:            31           1488  java.util.zip.Inflater
 279:            37           1480  game.data.bean.Cfg_PictureTitleBean
 280:            92           1472  java.util.concurrent.Semaphore
 281:            57           1464  [Ljavax.management.MBeanOperationInfo;
 282:            73           1440  [Lsun.reflect.generics.tree.ClassTypeSignature;
 283:            20           1440  game.data.bean.Cfg_ancientBossBean
 284:            10           1440  java.text.DecimalFormat
 285:            36           1440  javax.management.MBeanOperationInfo
 286:            59           1416  game.data.bean.Cfg_shielding_symbolBean
 287:            22           1408  game.data.bean.Cfg_task_branchBean
 288:            29           1392  com.game.skill.config.event.PlaySelfMoveEvent
 289:             1           1376  [Lsun.misc.FDBigInteger;
 290:            80           1376  [Lsun.reflect.generics.tree.FormalTypeParameter;
 291:            57           1368  java.util.Arrays$ArrayList
 292:            57           1368  org.apache.ibatis.ognl.OgnlRuntime$ClassCache$Entry
 293:            85           1360  java.util.LinkedHashSet
 294:            12           1344  org.apache.logging.log4j.core.appender.rolling.RollingRandomAccessFileManager
 295:            82           1312  java.util.Collections$SingletonSet
 296:            39           1280  [Ljava.math.BigInteger;
 297:            20           1280  game.data.bean.Cfg_PlayerTitleBean
 298:            80           1280  io.netty.channel.nio.NioEventLoop$1
 299:            80           1280  io.netty.channel.nio.NioEventLoop$2
 300:            39           1248  io.netty.util.Recycler$DefaultHandle
 301:            26           1248  java.util.Properties
 302:            39           1248  java.util.concurrent.locks.AbstractQueuedSynchronizer$Node
 303:            31           1240  game.data.bean.Cfg_CampBattleRankBean
 304:            30           1200  game.data.bean.Cfg_PrayCostBean
 305:            25           1200  java.util.concurrent.ThreadPoolExecutor$Worker
 306:            21           1176  game.data.bean.Cfg_petBean
 307:             2           1152  com.alibaba.druid.pool.DruidDataSource
 308:            48           1152  java.util.jar.Attributes$Name
 309:            35           1120  game.data.bean.Cfg_SpecialConditionBean
 310:            35           1120  javax.management.MBeanParameterInfo
 311:            23           1104  java.util.TreeMap
 312:            34           1088  io.netty.util.AttributeKey
 313:            34           1088  java.util.zip.ZipCoder
 314:            45           1080  game.core.map.Position
 315:            45           1080  java.io.ExpiringCache$Entry
 316:            27           1080  java.math.BigDecimal
 317:            22           1056  java.nio.HeapByteBuffer
 318:             8           1048  [Ljava.beans.MethodDescriptor;
 319:             1           1040  [Lcom.mysql.jdbc.MysqlCharset;
 320:             1           1040  [Ljava.lang.Byte;
 321:             1           1040  [Ljava.lang.Long;
 322:             1           1040  [Ljava.lang.Short;
 323:             4           1024  com.mysql.jdbc.MysqlIO
 324:            32           1024  io.netty.buffer.PoolThreadCache$MemoryRegionCache$Entry
 325:            32           1024  java.util.logging.LogManager$LogNode
 326:             9           1008  com.game.map.structs.ByteDynamicBlock
 327:            21           1008  game.data.bean.Cfg_tianqibaokuBean
 328:            14           1008  java.util.logging.Logger
 329:            25           1000  game.data.bean.Cfg_activeMedalBean
 330:            25           1000  game.data.bean.Cfg_guild_questionBean
 331:            25           1000  org.apache.logging.log4j.core.pattern.DatePatternConverter
 332:            31            992  java.io.FileDescriptor
 333:            41            984  java.util.ArrayDeque
 334:            60            960  com.sun.proxy.$Proxy1
 335:            12            960  game.data.bean.Cfg_activeRuneBean
 336:            10            960  game.data.bean.Cfg_horse_mythicalBean
 337:            30            960  java.security.Provider$EngineDescription
 338:            13            944  [Lorg.apache.logging.log4j.core.pattern.PatternFormatter;
 339:            39            936  com.sun.jmx.mbeanserver.PerInterface$MethodAndSig
 340:            39            936  java.sql.JDBCType
 341:            13            936  org.apache.logging.log4j.core.layout.PatternLayout
 342:            29            928  org.apache.logging.log4j.core.pattern.DatePatternConverter$PatternFormatter
 343:            29            928  sun.reflect.UnsafeIntegerFieldAccessorImpl
 344:            23            920  com.sun.jmx.mbeanserver.PerInterface
 345:            23            920  org.apache.logging.log4j.core.config.AppenderControl
 346:            19            912  sun.management.DiagnosticCommandInfo
 347:            28            896  io.netty.channel.ChannelOption
 348:             8            896  java.net.SocksSocketImpl
 349:            37            888  io.netty.util.internal.logging.Slf4JLogger
 350:            22            880  game.data.bean.Cfg_cinematicBean
 351:             7            864  [D
 352:            12            864  com.mysql.jdbc.ConnectionPropertiesImpl$MemorySizeConnectionProperty
 353:            12            864  game.data.bean.Cfg_AchievementRuneBean
 354:            18            864  java.util.concurrent.LinkedBlockingQueue
 355:            54            864  java.util.concurrent.atomic.AtomicReference
 356:            18            864  org.apache.ibatis.session.Configuration$StrictMap
 357:            15            840  game.data.bean.Cfg_Equip_starBean
 358:            15            840  game.data.bean.Cfg_medalBean
 359:            15            840  javax.management.openmbean.ArrayType
 360:            24            832  [Ljava.io.ObjectStreamField;
 361:             2            832  com.game.roleLog.UpdateThread
 362:            34            816  game.data.bean.Cfg_drop_limitBean
 363:             6            816  io.netty.util.internal.InternalThreadLocalMap
 364:            20            800  com.game.skill.config.event.PlaySummonObject
 365:            20            800  com.sun.jmx.mbeanserver.MXBeanSupport
 366:            20            800  game.data.bean.Cfg_extra_rewardsBean
 367:            10            800  game.data.bean.Cfg_master_holyBean
 368:            25            800  org.apache.logging.log4j.core.pattern.DatePatternConverter$CachedTime
 369:            20            800  sun.util.locale.BaseLocale$Key
 370:            29            792  [Ljava.security.ProtectionDomain;
 371:            11            792  game.data.bean.Cfg_horse_upBean
 372:            33            792  java.util.concurrent.CopyOnWriteArrayList
 373:             1            784  game.data.GameDataManager
 374:             2            768  com.alibaba.druid.pool.DruidDataSource$CreateConnectionThread
 375:             2            768  com.alibaba.druid.pool.DruidDataSource$DestroyConnectionThread
 376:            32            768  com.sun.jmx.mbeanserver.DefaultMXBeanMappingFactory$IdentityMapping
 377:            24            768  java.io.File
 378:            12            768  org.apache.logging.log4j.core.appender.RollingRandomAccessFileAppender
 379:            31            744  java.util.zip.ZStreamRef
 380:            31            744  org.apache.ibatis.type.JdbcType
 381:            23            736  java.lang.reflect.Proxy$Key1
 382:            23            736  java.lang.reflect.WeakCache$CacheValue
 383:            23            736  org.apache.logging.log4j.core.config.AwaitCompletionReliabilityStrategy
 384:            13            728  game.data.bean.Cfg_syntheticBean
 385:            30            720  [Ljavax.management.MBeanParameterInfo;
 386:            30            720  com.alibaba.fastjson.serializer.SerializerFeature
 387:            10            720  game.data.bean.Cfg_FashionStarBean
 388:             9            720  game.data.bean.Cfg_PlayerTitle_RuneBean
 389:            10            720  game.data.bean.Cfg_bossHomeBean
 390:            10            720  game.data.bean.Cfg_elves_advancedBean
 391:            18            720  game.data.bean.Cfg_master_targetBean
 392:            10            720  game.data.bean.Cfg_statue_modelBean
 393:            10            720  game.data.bean.Cfg_wing_upBean
 394:            15            720  java.lang.management.PlatformComponent
 395:            22            704  game.data.bean.Cfg_redPacketBean
 396:            22            704  sun.reflect.annotation.AnnotationType
 397:            43            688  com.sun.proxy.$Proxy2
 398:            21            672  com.sun.jmx.mbeanserver.WeakIdentityHashMap$IdentityWeakReference
 399:            12            672  game.data.bean.Cfg_shop_MysteryBean
 400:            28            672  java.security.Provider$UString
 401:            12            672  java.util.ResourceBundle$CacheKey
 402:            12            672  org.apache.logging.log4j.core.appender.rolling.PatternProcessor
 403:             9            648  [Ljava.lang.reflect.Method;
 404:            27            648  java.lang.RuntimePermission
 405:            10            640  game.data.bean.Cfg_fashionBean
 406:            16            640  game.data.bean.Cfg_guild_fight_personalBean
 407:            10            640  game.data.bean.Cfg_vipLevelBean
 408:            10            640  java.text.DateFormatSymbols
 409:            10            640  java.text.DecimalFormatSymbols
 410:            16            640  java.util.IdentityHashMap
 411:            20            640  java.util.Locale
 412:             8            640  sun.net.www.protocol.jar.URLJarFile
 413:            20            640  sun.util.locale.BaseLocale
 414:             3            624  [Ljava.lang.invoke.LambdaForm;
 415:            13            624  game.data.bean.Cfg_marriageBean
 416:            26            624  java.util.Collections$SingletonList
 417:            39            624  java.util.regex.Pattern$CharPropertyNames$1
 418:            19            608  sun.management.DiagnosticCommandImpl$Wrapper
 419:            12            576  game.data.bean.Cfg_ExclusiveGiftBean
 420:            12            576  game.data.bean.Cfg_clone_storyBean
 421:             9            576  game.data.bean.Cfg_marriage_ringBean
 422:             8            576  game.data.bean.Cfg_special_monsterBean
 423:            18            576  java.security.Permissions
 424:             9            576  java.text.SimpleDateFormat
 425:            12            576  java.util.ResourceBundle$BundleReference
 426:            24            576  java.util.concurrent.LinkedBlockingQueue$Node
 427:            24            568  [Lorg.apache.logging.log4j.core.config.AppenderControl;
 428:             7            560  com.alibaba.fastjson.util.FieldInfo
 429:            14            560  javax.management.openmbean.SimpleType
 430:            10            560  sun.invoke.util.Wrapper
 431:            23            552  [Lorg.apache.logging.log4j.core.config.AppenderRef;
 432:            23            552  org.apache.logging.log4j.core.config.AppenderRef
 433:            23            552  org.apache.logging.log4j.core.jmx.LoggerConfigAdmin
 434:            23            552  org.apache.logging.log4j.core.jmx.RingBufferAdmin
 435:            17            544  java.io.FilePermission
 436:            25            536  [Lsun.reflect.generics.tree.FieldTypeSignature;
 437:             1            528  [Ljava.lang.Character;
 438:            11            528  org.apache.logging.log4j.core.util.datetime.FixedDateFormat$FixedFormat
 439:            13            520  game.data.bean.Cfg_MasterKeepsakeBean
 440:            13            520  game.data.bean.Cfg_achMedalBean
 441:            13            520  game.data.bean.Cfg_master_levelBean
 442:            13            520  game.data.bean.Cfg_server_scuffle_kingBean
 443:            13            520  java.lang.invoke.MethodHandleImpl$IntrinsicMethodHandle
 444:            13            520  org.apache.logging.log4j.core.layout.StringBuilderEncoder
 445:            13            520  org.apache.logging.log4j.core.pattern.MessagePatternConverter
 446:            26            512  [Ljavax.management.MBeanConstructorInfo;
 447:            16            512  java.net.InetAddress$InetAddressHolder
 448:             8            512  java.nio.DirectByteBuffer
 449:            16            512  java.security.BasicPermissionCollection
 450:             7            504  game.data.bean.Cfg_MythicalBean
 451:             7            504  io.netty.channel.DefaultChannelHandlerContext
 452:            21            504  javax.lang.model.type.TypeKind
 453:             9            504  javax.management.openmbean.CompositeType
 454:            19            488  [Lsun.management.DiagnosticCommandArgumentInfo;
 455:            30            480  org.apache.commons.lang.time.FastDateFormat$CharacterLiteral
 456:            12            480  org.apache.logging.log4j.core.appender.rolling.DefaultRolloverStrategy
 457:            12            480  org.apache.logging.log4j.core.appender.rolling.TimeBasedTriggeringPolicy
 458:            15            480  sun.reflect.generics.reflectiveObjects.TypeVariableImpl
 459:            21            464  [Ljavax.management.MBeanNotificationInfo;
 460:             9            456  [Lorg.apache.commons.lang.time.FastDateFormat$Rule;
 461:             6            456  [Lsun.invoke.util.Wrapper;
 462:            19            456  com.alibaba.fastjson.parser.Feature
 463:            19            456  java.util.Locale$LocaleKey
 464:             3            456  org.apache.ibatis.session.Configuration
 465:            14            448  com.sun.org.apache.xml.internal.dtm.ref.ExtendedType
 466:            14            448  game.data.bean.Cfg_pet_probability_posBean
 467:            14            448  java.util.regex.Pattern$Curly
 468:             8            448  javax.management.openmbean.OpenMBeanParameterInfoSupport
 469:            14            448  org.apache.logging.log4j.core.util.Log4jThreadFactory
 470:            11            440  game.data.bean.Cfg_ComboSkillBean
 471:            11            440  game.data.bean.Cfg_ziyuanzhengduo_BOSSBean
 472:            11            440  game.data.bean.Cfg_ziyuanzhengduo_rewardBean
 473:             1            432  [[[C
 474:            18            432  java.text.DateFormat$Field
 475:             6            432  java.util.concurrent.ThreadPoolExecutor
 476:            18            432  org.apache.logging.log4j.core.util.datetime.FastDateParser$StrategyAndWidth
 477:             6            416  [Lio.netty.buffer.PoolThreadCache$MemoryRegionCache;
 478:             8            416  [Ljava.beans.PropertyDescriptor;
 479:             5            416  [Ljava.lang.Thread;
 480:            13            416  java.lang.invoke.SimpleMethodHandle
 481:            26            416  org.apache.commons.lang.time.FastDateFormat$TwoDigitNumberField
 482:            13            416  org.apache.logging.log4j.core.appender.DefaultErrorHandler
 483:            13            416  org.apache.logging.log4j.core.pattern.ExtendedThrowablePatternConverter
 484:             3            408  com.lmax.disruptor.Sequence
 485:            17            408  java.io.FilePermissionCollection
 486:            17            408  java.util.regex.Pattern$GroupHead
 487:            17            408  java.util.regex.Pattern$GroupTail
 488:            17            408  javax.lang.model.element.ElementKind
 489:             1            408  org.apache.log4j.xml.XMLWatchdog
 490:             5            400  [Lio.netty.util.concurrent.EventExecutor;
 491:            10            400  com.game.copymap.structs.CopymapOpenTime
 492:             1            400  com.game.server.thread.SaveGoldThread
 493:             1            400  com.game.server.thread.SavePlayerThread
 494:             1            400  game.core.net.thread.ServerThread
 495:            10            400  game.data.bean.Cfg_Mythical_giftBean
 496:            10            400  game.data.bean.Cfg_cardawardBean
 497:            10            400  game.data.bean.Cfg_horse_mythical_giftBean
 498:            10            400  java.lang.invoke.DirectMethodHandle$Accessor
 499:            10            400  java.text.DigitList
 500:             1            392  com.game.server.thread.ErrorLogThread
 501:             1            392  com.game.server.thread.SaveServer
 502:            12            384  [Lorg.apache.logging.log4j.core.pattern.ArrayPatternConverter;
 503:            12            384  [Lorg.apache.logging.log4j.core.pattern.FormattingInfo;
 504:            12            384  game.data.bean.Cfg_AchievementAttributeBean
 505:            12            384  game.data.bean.Cfg_activeAttributeBean
 506:            12            384  game.data.bean.Cfg_marriage_zodiacBean
 507:             6            384  io.netty.util.Recycler$Stack
 508:             8            384  java.beans.BeanDescriptor
 509:            12            384  java.io.RandomAccessFile
 510:            16            384  java.lang.ThreadLocal$ThreadLocalMap
 511:             1            384  java.lang.ref.Finalizer$FinalizerThread
 512:            12            384  java.util.Collections$UnmodifiableMap
 513:            12            384  java.util.ResourceBundle$LoaderReference
 514:             1            384  java.util.logging.LogManager$Cleaner
 515:            24            384  org.apache.logging.log4j.core.config.AppenderControlArraySet
 516:            16            384  sun.misc.MetaIndex
 517:            16            384  sun.nio.ch.OptionKey
 518:            16            384  sun.nio.ch.SocketOptionRegistry$RegistryKey
 519:             1            376  com.game.backgrand.manager.BackGrandServer
 520:             1            376  com.mysql.jdbc.AbandonedConnectionCleanupThread
 521:             1            376  java.lang.ref.Reference$ReferenceHandler
 522:             1            376  org.apache.logging.log4j.core.util.Log4jThread
 523:            15            360  java.util.Date
 524:            15            360  javax.management.StandardMBean
 525:             9            360  org.apache.commons.lang.time.FastDateFormat
 526:            15            360  org.apache.ibatis.type.StringTypeHandler
 527:            15            360  sun.reflect.generics.tree.FormalTypeParameter
 528:            11            352  com.alibaba.druid.support.logging.Log4jImpl
 529:            11            352  game.data.bean.Cfg_StarAttributeBean
 530:            11            352  java.lang.StackTraceElement
 531:            11            352  javax.management.MBeanConstructorInfo
 532:             7            336  com.sun.jmx.mbeanserver.DefaultMXBeanMappingFactory$CompositeMapping
 533:             6            336  game.data.bean.Cfg_master_graduateBean
 534:             6            336  game.data.bean.Cfg_wangfu_officialBean
 535:            14            336  java.lang.invoke.LambdaFormEditor$Transform$Kind
 536:             6            336  java.nio.DirectLongBufferU
 537:             6            336  sun.management.MemoryPoolImpl
 538:            16            328  [Ljava.lang.management.PlatformComponent;
 539:            10            320  com.mysql.jdbc.Buffer
 540:             8            320  com.sun.org.apache.xerces.internal.utils.XMLSecurityManager$Limit
 541:            10            320  game.data.bean.Cfg_JJCAewardBean
 542:            10            320  game.data.bean.Cfg_MilitaryRankTaskBean
 543:             8            320  game.data.bean.Cfg_guild_fight_rewardBean
 544:             5            320  game.data.bean.Cfg_guild_officialBean
 545:            10            320  game.data.bean.Cfg_guild_trialBean
 546:            10            320  game.data.bean.Cfg_union_jjrank_rewardsBean
 547:             8            320  io.netty.util.DefaultAttributeMap$DefaultAttribute
 548:             8            320  java.beans.GenericBeanInfo
 549:            10            320  java.lang.OutOfMemoryError
 550:            10            320  java.util.concurrent.atomic.AtomicReferenceFieldUpdater$AtomicReferenceFieldUpdaterImpl
 551:            10            320  javax.management.MBeanNotificationInfo
 552:             3            312  com.alibaba.druid.stat.JdbcConnectionStat
 553:            13            312  game.data.bean.Cfg_sign_rewardBean
 554:            13            312  java.lang.management.ManagementPermission
 555:            13            312  org.apache.log4j.Level
 556:            13            312  org.apache.logging.log4j.core.jmx.AppenderAdmin
 557:            13            312  org.apache.logging.log4j.core.layout.PatternLayout$PatternSerializer
 558:            13            304  [Ljava.lang.reflect.TypeVariable;
 559:             2            288  [Lorg.apache.ibatis.type.JdbcType;
 560:            12            288  [Lorg.apache.logging.log4j.core.appender.rolling.TriggeringPolicy;
 561:             9            288  com.alibaba.fastjson.asm.Type
 562:             9            288  game.data.bean.Cfg_RolldodgeBean
 563:             9            288  game.data.bean.Cfg_elves_runelevelBean
 564:             9            288  game.data.bean.Cfg_pet_addattributeBean
 565:             9            288  game.data.bean.Cfg_shop_giftBean
 566:             2            288  io.netty.handler.traffic.TrafficCounter
 567:            12            288  java.lang.invoke.Invokers
 568:             6            288  java.net.SocketInputStream
 569:             6            288  java.net.SocketOutputStream
 570:             9            288  java.util.logging.Level
 571:            18            288  java.util.regex.Pattern$CharPropertyNames$4
 572:             9            288  jdk.internal.org.objectweb.asm.Type
 573:            18            288  org.apache.ibatis.session.Configuration$StrictMap$Ambiguity
 574:            12            288  org.apache.ibatis.type.BigDecimalTypeHandler
 575:            12            288  org.apache.ibatis.type.BlobTypeHandler
 576:            12            288  org.apache.ibatis.type.BooleanTypeHandler
 577:            12            288  org.apache.ibatis.type.ClobTypeHandler
 578:            12            288  org.apache.ibatis.type.NStringTypeHandler
 579:            12            288  org.apache.logging.log4j.core.appender.rolling.CompositeTriggeringPolicy
 580:             6            288  sun.nio.cs.StreamEncoder
 581:             9            288  sun.security.jca.ProviderConfig
 582:             5            280  java.util.zip.ZipFile$ZipFileInflaterInputStream
 583:             5            280  java.util.zip.ZipFile$ZipFileInputStream
 584:             7            280  org.apache.logging.log4j.core.lookup.StrSubstitutor
 585:             7            280  sun.nio.cs.UTF_8$Decoder
 586:             7            280  sun.reflect.generics.repository.MethodRepository
 587:             2            272  [Lcom.alibaba.druid.pool.DruidConnectionHolder;
 588:            17            272  org.apache.ibatis.scripting.xmltags.StaticTextSqlNode
 589:            11            264  com.alibaba.druid.util.Histogram
 590:             3            264  game.core.concurrent.OrderedQueuePoolExecutor
 591:            11            264  game.data.bean.Cfg_guild_bonfireBean
 592:            11            264  java.net.StandardSocketOptions$StdSocketOption
 593:            11            264  java.util.regex.Pattern$Ctype
 594:             3            264  org.apache.ibatis.datasource.pooled.PoolState
 595:             8            256  [Ljava.lang.annotation.ElementType;
 596:             4            256  com.mysql.jdbc.ConnectionPropertiesImpl$LongConnectionProperty
 597:             8            256  game.data.bean.Cfg_MasterEightCircleBean
 598:             8            256  game.data.bean.Cfg_sevenday_loginBean
 599:             8            256  java.util.RegularEnumSet
 600:             8            256  java.util.regex.Pattern$Branch
 601:            16            256  org.apache.logging.log4j.core.lookup.SystemPropertiesLookup
 602:             8            256  sun.misc.ProxyGenerator$PrimitiveTypeInfo
 603:             8            248  [Ljava.lang.Boolean;
 604:             8            248  [Ljava.lang.invoke.LambdaForm$BasicType;
 605:             6            240  [Ljava.lang.invoke.BoundMethodHandle$SpeciesData;
 606:             5            240  game.data.bean.Cfg_FightSoulHuntingBean
 607:            10            240  game.data.bean.Cfg_growthFundBean
 608:            10            240  game.data.bean.Cfg_guild_fight_rankingBean
 609:            10            240  game.data.bean.Cfg_wangfu_upBean
 610:             5            240  game.data.bean.Cfg_wingBean
 611:             6            240  game.data.bean.Cfg_ziyuanzhengduo_killBean
 612:             5            240  java.lang.ThreadGroup
 613:            10            240  java.lang.annotation.ElementType
 614:            10            240  java.net.Inet4Address
 615:            15            240  java.util.LinkedHashMap$LinkedEntrySet
 616:             6            240  sun.management.MemoryPoolImpl$CollectionSensor
 617:             6            240  sun.management.MemoryPoolImpl$PoolSensor
 618:             5            240  sun.util.locale.provider.LocaleResources$ResourceReference
 619:             7            224  com.alibaba.fastjson.parser.deserializer.DefaultFieldDeserializer
 620:             7            224  game.data.bean.Cfg_expPoolBean
 621:             7            224  game.data.bean.Cfg_item_warningBean
 622:             7            224  game.data.bean.Cfg_rankBean
 623:             7            224  io.netty.util.concurrent.DefaultThreadFactory
 624:             7            224  java.io.FileInputStream
 625:            14            224  java.util.concurrent.ConcurrentHashMap$ValuesView
 626:             7            224  sun.reflect.generics.tree.MethodTypeSignature
 627:             6            216  [Lio.netty.buffer.PoolArena;
 628:            10            216  [Ljava.lang.StackTraceElement;
 629:             3            216  com.alibaba.druid.stat.JdbcDataSourceStat
 630:             3            216  com.alibaba.druid.stat.JdbcResultSetStat
 631:             3            216  com.alibaba.druid.stat.JdbcStatementStat
 632:             9            216  game.data.bean.Cfg_worldLevelBean
 633:             3            216  io.netty.channel.DefaultChannelPipeline$HeadContext
 634:             3            216  io.netty.channel.DefaultChannelPipeline$TailContext
 635:             9            216  java.util.Collections$SynchronizedSet
 636:             9            216  java.util.concurrent.Executors$DefaultThreadFactory
 637:             9            216  java.util.logging.Level$KnownLevel
 638:             3            216  java.util.regex.Pattern
 639:             9            216  java.util.regex.Pattern$BitClass
 640:             9            216  javax.lang.model.SourceVersion
 641:             9            216  org.apache.ibatis.type.ByteTypeHandler
 642:             9            216  org.apache.ibatis.type.DoubleTypeHandler
 643:             9            216  org.apache.ibatis.type.FloatTypeHandler
 644:             9            216  org.apache.ibatis.type.IntegerTypeHandler
 645:             9            216  org.apache.ibatis.type.LongTypeHandler
 646:             9            216  org.apache.ibatis.type.ShortTypeHandler
 647:             9            216  sun.util.logging.PlatformLogger$Level
 648:             7            208  [Ljava.lang.invoke.LambdaForm$NamedFunction;
 649:             2            208  [Ljavax.lang.model.type.TypeKind;
 650:             2            208  io.netty.channel.socket.nio.NioServerSocketChannel
 651:            13            208  org.apache.ibatis.ognl.OgnlRuntime$ClassCache
 652:             2            200  [Ljava.text.DateFormat$Field;
 653:             5            200  game.data.bean.Cfg_FirstRechargeBean
 654:             5            200  java.io.BufferedWriter
 655:             5            200  java.lang.invoke.BoundMethodHandle$SpeciesData
 656:             5            200  org.apache.logging.log4j.core.config.Node
 657:             8            192  [Ljava.util.regex.Pattern$Node;
 658:             3            192  com.alibaba.druid.stat.JdbcDataSourceStat$1
 659:             8            192  com.game.map.manager.MapManager$Point
 660:             6            192  com.mysql.jdbc.DatabaseMetaData$TableType
 661:             4            192  game.data.bean.Cfg_courageBean
 662:             6            192  game.data.bean.Cfg_fashion_linkBean
 663:             8            192  game.data.bean.Cfg_templeAwardBean
 664:             6            192  io.netty.buffer.PoolThreadCache$NormalMemoryRegionCache
 665:             3            192  io.netty.buffer.PooledByteBufAllocator
 666:             3            192  io.netty.channel.ChannelOutboundBuffer
 667:             6            192  java.lang.invoke.LambdaForm$BasicType
 668:             8            192  java.lang.invoke.MethodHandleImpl$Intrinsic
 669:             8            192  java.math.RoundingMode
 670:             6            192  java.net.Inet6Address
 671:             6            192  java.net.Inet6Address$Inet6AddressHolder
 672:             6            192  java.net.Socket
 673:             8            192  java.util.TaskQueue
 674:             4            192  java.util.concurrent.locks.ReentrantReadWriteLock$NonfairSync
 675:             8            192  jdk.net.SocketFlow$Status
 676:             8            192  org.apache.logging.log4j.Level
 677:             8            192  org.apache.logging.log4j.MarkerManager$Log4jMarker
 678:             8            192  org.apache.logging.log4j.core.appender.rolling.RolloverFrequency
 679:             8            192  org.apache.logging.log4j.core.lookup.Interpolator
 680:             8            192  org.apache.logging.log4j.spi.StandardLevel
 681:             2            192  sun.nio.ch.ServerSocketChannelImpl
 682:             4            192  sun.nio.cs.US_ASCII$Decoder
 683:            12            192  sun.reflect.generics.tree.TypeVariableSignature
 684:             3            192  sun.security.provider.NativePRNG$RandomIO
 685:             1            176  [Ljava.sql.JDBCType;
 686:             2            176  com.alibaba.druid.pool.DruidConnectionHolder
 687:             2            176  io.netty.buffer.PooledUnsafeDirectByteBuf
 688:             2            176  io.netty.handler.traffic.GlobalTrafficShapingHandler
 689:            11            176  java.text.NumberFormat$Field
 690:            11            176  java.util.HashMap$EntrySet
 691:            11            176  java.util.concurrent.atomic.AtomicLongArray
 692:            11            176  org.apache.logging.log4j.core.util.datetime.FastDateParser$NumberStrategy
 693:             4            168  [[I
 694:             1            168  [[Ljava.math.BigInteger;
 695:             7            168  com.sun.management.VMOption$Origin
 696:             7            168  com.sun.org.apache.xerces.internal.util.FeatureState
 697:             3            168  game.data.bean.Cfg_marriage_costBean
 698:             3            168  game.data.bean.Cfg_marriage_dinnerBean
 699:             3            168  java.lang.Class$ReflectionData
 700:             7            168  java.net.NetPermission
 701:             7            168  java.util.Collections$SetFromMap
 702:             7            168  java.util.regex.Pattern$Single
 703:             3            168  javax.management.openmbean.OpenMBeanOperationInfoSupport
 704:             7            168  javax.tools.StandardLocation
 705:             3            168  org.apache.ibatis.datasource.pooled.PooledDataSource
 706:             7            168  org.apache.ibatis.scripting.xmltags.IfSqlNode
 707:             3            168  sun.nio.cs.US_ASCII$Encoder
 708:             7            168  sun.reflect.generics.scope.MethodScope
 709:             2            160  [Ljava.util.concurrent.RunnableScheduledFuture;
 710:             2            160  [[Ljava.lang.String;
 711:             4            160  com.mysql.jdbc.StandardSocketFactory
 712:             4            160  com.mysql.jdbc.util.ReadAheadInputStream
 713:             5            160  com.sun.org.apache.xpath.internal.objects.XNumber
 714:             5            160  game.data.bean.Cfg_active_rewardBean
 715:             4            160  game.data.bean.Cfg_guild_donateBean
 716:             5            160  game.data.bean.Cfg_online_rewardBean
 717:             5            160  io.netty.channel.nio.NioEventLoopGroup
 718:             4            160  java.lang.ClassLoader$NativeLibrary
 719:             5            160  java.nio.channels.ClosedChannelException
 720:             4            160  java.util.Collections$SingletonMap
 721:            10            160  java.util.Formatter$Flags
 722:             2            160  java.util.concurrent.ScheduledThreadPoolExecutor
 723:             5            160  java.util.concurrent.atomic.AtomicIntegerFieldUpdater$AtomicIntegerFieldUpdaterImpl
 724:             5            160  javax.management.StandardEmitterMBean
 725:             5            160  org.apache.log4j.helpers.PatternParser$LiteralPatternConverter
 726:            10            160  org.apache.logging.log4j.core.impl.ThreadContextDataInjector$ForCopyOnWriteThreadContextMap
 727:            10            160  org.apache.logging.log4j.core.lookup.MapLookup
 728:             5            160  sun.util.locale.provider.LocaleProviderAdapter$Type
 729:             2            152  [Lcom.alibaba.fastjson.serializer.SerializerFeature;
 730:             1            152  com.lmax.disruptor.RingBuffer
 731:             3            144  [F
 732:             2            144  [Ljava.math.BigDecimal;
 733:             3            144  com.game.server.impl.GameMapServerGroup
 734:             6            144  com.sun.org.apache.xerces.internal.util.Status
 735:             6            144  com.sun.org.apache.xml.internal.utils.NSInfo
 736:             6            144  game.core.concurrent.CommandQueue
 737:             6            144  game.data.bean.Cfg_PlayerOccupationBean
 738:             3            144  game.data.bean.Cfg_jumpBean
 739:             6            144  game.data.bean.Cfg_level_rewardBean
 740:             3            144  game.data.bean.Cfg_vipBean
 741:             3            144  io.netty.channel.DefaultChannelPipeline
 742:             6            144  io.netty.channel.VoidChannelPromise
 743:             6            144  io.netty.util.Recycler$2
 744:             6            144  java.io.BufferedOutputStream
 745:             6            144  java.io.OutputStreamWriter
 746:             6            144  java.net.InetSocketAddress$InetSocketAddressHolder
 747:             3            144  java.nio.HeapCharBuffer
 748:             2            144  java.util.concurrent.ScheduledThreadPoolExecutor$ScheduledFutureTask
 749:             6            144  java.util.regex.Pattern$CharPropertyNames$2
 750:             3            144  org.apache.ibatis.datasource.unpooled.UnpooledDataSource
 751:             9            144  org.apache.ibatis.scripting.xmltags.MixedSqlNode
 752:             6            144  org.apache.ibatis.type.ArrayTypeHandler
 753:             6            144  org.apache.ibatis.type.BlobByteObjectArrayTypeHandler
 754:             6            144  org.apache.ibatis.type.CharacterTypeHandler
 755:             6            144  org.apache.ibatis.type.DateOnlyTypeHandler
 756:             6            144  org.apache.ibatis.type.DateTypeHandler
 757:             6            144  org.apache.ibatis.type.NClobTypeHandler
 758:             6            144  org.apache.ibatis.type.TimeOnlyTypeHandler
 759:             6            144  org.apache.logging.log4j.core.LifeCycle$State
 760:             1            144  org.apache.logging.log4j.core.config.xml.XmlConfiguration
 761:             9            144  org.apache.logging.log4j.core.lookup.JmxRuntimeInputArgumentsLookup
 762:             6            144  sun.misc.PerfCounter
 763:             3            144  sun.misc.URLClassPath
 764:             4            128  [Lcom.alibaba.fastjson.parser.deserializer.FieldDeserializer;
 765:             3            128  [Lorg.apache.logging.log4j.core.util.datetime.FastDatePrinter$Rule;
 766:             2            128  com.alibaba.fastjson.util.JavaBeanInfo
 767:             4            128  com.mysql.jdbc.JDBC4DatabaseMetaData
 768:             4            128  com.mysql.jdbc.NonRegisteringDriver$ConnectionPhantomReference
 769:             4            128  com.mysql.jdbc.authentication.Sha256PasswordPlugin
 770:             4            128  com.sun.jmx.mbeanserver.DefaultMXBeanMappingFactory$ArrayMapping
 771:             4            128  game.data.bean.Cfg_guild_trial_rewardBean
 772:             4            128  game.data.bean.Cfg_master_rewardsBean
 773:             4            128  io.netty.buffer.EmptyByteBuf
 774:             4            128  io.netty.channel.AdaptiveRecvByteBufAllocator
 775:             2            128  io.netty.channel.socket.nio.NioServerSocketChannel$NioServerSocketChannelConfig
 776:             2            128  java.io.ExpiringCache$1
 777:             4            128  java.lang.StringCoding$StringEncoder
 778:             4            128  java.lang.invoke.BoundMethodHandle$Species_L
 779:             8            128  java.util.IdentityHashMap$KeySet
 780:             4            128  java.util.Stack
 781:             8            128  java.util.regex.Pattern$BranchConn
 782:             8            128  java.util.regex.Pattern$CharPropertyNames$3
 783:             2            128  org.apache.ibatis.datasource.pooled.PooledConnection
 784:             1            128  org.apache.logging.log4j.core.config.NullConfiguration
 785:             8            128  org.apache.logging.log4j.core.lookup.ContextMapLookup
 786:             8            128  org.apache.logging.log4j.core.lookup.DateLookup
 787:             8            128  org.apache.logging.log4j.core.lookup.EnvironmentLookup
 788:             8            128  org.apache.logging.log4j.core.lookup.JavaLookup
 789:             8            128  org.apache.logging.log4j.core.lookup.JndiLookup
 790:             8            128  org.apache.logging.log4j.core.lookup.Log4jLookup
 791:             8            128  org.apache.logging.log4j.core.lookup.MarkerLookup
 792:             8            128  org.apache.logging.log4j.core.util.datetime.FastDateParser$CopyQuotedStrategy
 793:             8            128  org.apache.logging.log4j.core.util.datetime.FastDatePrinter$CharacterLiteral
 794:             7            120  [Lsun.reflect.generics.tree.TypeSignature;
 795:             1            120  com.game.activity.manager.ActivityManager
 796:             3            120  com.game.db.DBFactory
 797:             5            120  com.mysql.jdbc.StringUtils$SearchMode
 798:             5            120  com.sun.org.apache.xalan.internal.utils.FeaturePropertyBase$State
 799:             5            120  com.sun.org.apache.xerces.internal.util.PropertyState
 800:             5            120  com.sun.org.apache.xerces.internal.utils.XMLSecurityManager$State
 801:             5            120  com.sun.org.apache.xerces.internal.utils.XMLSecurityPropertyManager$State
 802:             5            120  game.core.dblog.TableCheckStepEnum
 803:             5            120  game.data.bean.Cfg_CampBean
 804:             5            120  game.data.bean.Cfg_friend_intimacyBean
 805:             3            120  game.data.bean.Cfg_wangfu_donateBean
 806:             5            120  game.data.bean.Cfg_wangfu_iconBean
 807:             1            120  game.message.serverMessage$G2FSynPlayerInfo
 808:             3            120  io.netty.channel.AbstractChannel$CloseFuture
 809:             5            120  io.netty.util.concurrent.DefaultEventExecutorChooserFactory$PowerOfTwoEventExecutorChooser
 810:             3            120  java.lang.invoke.BoundMethodHandle$Species_LL
 811:             3            120  java.util.EnumMap
 812:             5            120  java.util.concurrent.ConcurrentLinkedQueue$Node
 813:             5            120  java.util.concurrent.locks.ReentrantReadWriteLock
 814:             5            120  javax.tools.Diagnostic$Kind
 815:             5            120  javax.xml.namespace.QName
 816:             5            120  org.apache.commons.lang.time.FastDateFormat$PaddedNumberField
 817:             5            120  org.apache.ibatis.mapping.SqlCommandType
 818:             1            120  org.apache.log4j.RollingCalendar
 819:             5            120  org.apache.logging.log4j.core.pattern.PatternParser$ParserState
 820:             3            120  org.apache.logging.log4j.core.util.datetime.FastDateParser
 821:             3            120  sun.misc.Cleaner
 822:             3            120  sun.misc.FloatingDecimal$BinaryToASCIIBuffer
 823:             5            120  sun.misc.FloatingDecimal$PreparedASCIIToBinaryBuffer
 824:             3            120  sun.nio.ch.SelectionKeyImpl
 825:             2            112  [Ljava.lang.invoke.MethodType;
 826:             4            112  [Ljava.util.Map$Entry;
 827:             1            112  [Lorg.apache.ibatis.ognl.IntHashMap$Entry;
 828:             2            112  io.netty.bootstrap.ServerBootstrap
 829:             2            112  io.netty.util.concurrent.ScheduledFutureTask
 830:             7            112  org.apache.ibatis.scripting.xmltags.ExpressionEvaluator
 831:             7            112  org.apache.logging.log4j.message.ReusableSimpleMessage
 832:             1            112  sun.nio.ch.SocketChannelImpl
 833:             3            104  [Lcom.alibaba.fastjson.util.FieldInfo;
 834:             1            104  io.netty.channel.socket.nio.NioSocketChannel
 835:             1            104  sun.net.www.protocol.file.FileURLConnection
 836:             1             96  [Lcom.alibaba.fastjson.parser.Feature;
 837:             4             96  [Ljava.net.InetAddress;
 838:             4             96  [Lorg.apache.logging.log4j.Marker;
 839:             2             96  [Lorg.apache.logging.log4j.spi.StandardLevel;
 840:             1             96  [[J
 841:             4             96  com.mysql.jdbc.NetworkResources
 842:             4             96  com.mysql.jdbc.authentication.MysqlClearPasswordPlugin
 843:             4             96  com.mysql.jdbc.authentication.MysqlNativePasswordPlugin
 844:             4             96  com.mysql.jdbc.authentication.MysqlOldPasswordPlugin
 845:             3             96  com.sun.jmx.mbeanserver.DefaultMXBeanMappingFactory$EnumMapping
 846:             2             96  com.sun.jmx.mbeanserver.MBeanIntrospector$MBeanInfoMap
 847:             2             96  com.sun.jmx.mbeanserver.MBeanIntrospector$PerInterfaceMap
 848:             3             96  com.sun.org.apache.xerces.internal.utils.XMLSecurityManager$NameMap
 849:             3             96  com.sun.org.apache.xerces.internal.xni.QName
 850:             6             96  com.sun.proxy.$Proxy0
 851:             6             96  com.sun.proxy.$Proxy8
 852:             6             96  com.sun.proxy.$Proxy9
 853:             4             96  game.core.db.DataBaseConfig
 854:             3             96  game.data.bean.Cfg_CampBattleAwardBean
 855:             3             96  game.data.bean.Cfg_GroundBuffBean
 856:             3             96  game.data.bean.Cfg_Mythical_linkBean
 857:             4             96  game.data.bean.Cfg_guild_invasionBean
 858:             1             96  game.message.serverMessage$G2FSynPowerAttAndFace
 859:             3             96  io.netty.channel.DefaultChannelId
 860:             4             96  io.netty.util.ResourceLeakDetector$Level
 861:             3             96  java.io.FileOutputStream
 862:             3             96  java.io.PrintStream
 863:             4             96  java.math.MathContext
 864:             6             96  java.net.InetSocketAddress
 865:             4             96  java.sql.DriverInfo
 866:             4             96  java.sql.SQLPermission
 867:             6             96  java.util.concurrent.ConcurrentHashMap$EntrySetView
 868:             4             96  java.util.regex.Pattern$1
 869:             2             96  javax.management.openmbean.TabularType
 870:             4             96  javax.tools.JavaFileObject$Kind
 871:             3             96  org.apache.ibatis.type.TypeHandlerRegistry
 872:             1             96  org.apache.log4j.DailyRollingFileAppender
 873:             3             96  org.apache.logging.log4j.core.util.datetime.FastDatePrinter
 874:             2             96  sun.management.GarbageCollectorImpl
 875:             1             96  sun.misc.Launcher$AppClassLoader
 876:             3             96  sun.net.spi.DefaultProxySelector$NonProxyInfo
 877:             1             96  sun.net.www.protocol.jar.URLJarFile$URLJarFileEntry
 878:             3             96  sun.nio.fs.UnixPath
 879:             6             96  sun.reflect.generics.tree.ArrayTypeSignature
 880:             1             96  sun.security.jca.ProviderList$1
 881:             1             96  sun.security.provider.Sun
 882:             1             88  [Ljava.util.concurrent.ConcurrentMap;
 883:             1             88  [Ljavax.lang.model.element.ElementKind;
 884:             1             88  game.core.net.codec.LengthFieldFrameDecoder
 885:             1             88  game.message.RegisterMessage$ReqLoginGame
 886:             1             88  io.netty.buffer.PoolChunk
 887:             1             88  sun.misc.Launcher$ExtClassLoader
 888:             1             88  sun.net.www.protocol.jar.JarURLConnection
 889:             2             80  [Lcom.mysql.jdbc.StringUtils$SearchMode;
 890:             2             80  [Ljavax.tools.Diagnostic$Kind;
 891:             2             80  [Lorg.apache.ibatis.mapping.SqlCommandType;
 892:             5             80  com.game.db.dao.activityDataDao
 893:             1             80  com.game.server.GameServer
 894:             2             80  com.game.server.filter.InnerChannelImpl
 895:             1             80  com.script.cityWar.CityWarThreeScript
 896:             1             80  com.script.register.RegisterScript
 897:             2             80  com.sun.jmx.mbeanserver.DefaultMXBeanMappingFactory$TabularMapping
 898:             5             80  com.sun.proxy.$Proxy10
 899:             5             80  com.sun.proxy.$Proxy17
 900:             2             80  game.core.net.thread.TimerThread
 901:             2             80  game.core.net.thread.TimerThread$1
 902:             2             80  game.data.bean.Cfg_bonfireBean
 903:             1             80  game.message.FightMessage$ReqUseSkill
 904:             2             80  io.netty.bootstrap.ServerBootstrap$ServerBootstrapAcceptor
 905:             2             80  io.netty.channel.nio.AbstractNioMessageChannel$NioMessageUnsafe
 906:             2             80  io.netty.util.Recycler$WeakOrderQueue
 907:             2             80  io.netty.util.Signal
 908:             5             80  io.netty.util.concurrent.MultithreadEventExecutorGroup$1
 909:             5             80  io.netty.util.concurrent.ThreadPerTaskExecutor
 910:             2             80  java.io.ExpiringCache
 911:             2             80  java.io.PrintWriter
 912:             2             80  java.lang.invoke.MethodHandleImpl$AsVarargsCollector
 913:             2             80  java.util.Locale$Category
 914:             5             80  java.util.concurrent.locks.ReentrantReadWriteLock$ReadLock
 915:             5             80  java.util.concurrent.locks.ReentrantReadWriteLock$Sync$ThreadLocalHoldCounter
 916:             5             80  java.util.concurrent.locks.ReentrantReadWriteLock$WriteLock
 917:             2             80  org.apache.commons.lang.time.StopWatch
 918:             5             80  org.apache.logging.log4j.core.lookup.StrMatcher$CharMatcher
 919:             5             80  org.apache.logging.log4j.core.util.datetime.FastDatePrinter$TwoDigitNumberField
 920:             2             80  sun.management.MemoryManagerImpl
 921:             1             72  [Lcom.sun.org.apache.xml.internal.dtm.ref.ExtendedType;
 922:             1             72  [Ljava.lang.invoke.LambdaFormEditor$Transform$Kind;
 923:             1             72  [Ljavax.management.openmbean.SimpleType;
 924:             2             72  [Lsun.security.jca.ProviderConfig;
 925:             1             72  com.alibaba.fastjson.util.ASMClassLoader
 926:             1             72  com.game.activity.struct.ActivityBaoku
 927:             1             72  com.game.chat.timer.ChatHeartTimer
 928:             1             72  com.game.copymap.manager.CopyMapManager
 929:             3             72  com.game.map.structs.VolumeType
 930:             1             72  com.script.cityWar.CityWarOneScript
 931:             1             72  com.script.cityWar.CityWarScript
 932:             1             72  com.script.cityWar.CityWarTwoScript
 933:             1             72  com.script.team.TeamHandlerScript
 934:             3             72  game.core.pool.MemoryPool
 935:             3             72  game.data.bean.Cfg_ScuffleWinAwardBean
 936:             3             72  game.data.bean.Cfg_friend_itemBean
 937:             1             72  game.data.bean.Cfg_templeBean
 938:             1             72  game.message.CrossjjcMessage$P2GCrossJJcFightRes
 939:             1             72  game.message.marketMessage$ReqMarketSort
 940:             1             72  game.message.serverMessage$F2GPlayerOutCrossWorldMap
 941:             1             72  game.message.serverMessage$F2GSynPlayerInfoResult
 942:             3             72  io.netty.buffer.PoolArena$SizeClass
 943:             1             72  io.netty.buffer.PoolThreadCache
 944:             3             72  io.netty.buffer.PooledByteBufAllocator$PoolThreadLocalCache
 945:             1             72  io.netty.channel.AdaptiveRecvByteBufAllocator$HandleImpl
 946:             3             72  io.netty.channel.SucceededChannelFuture
 947:             3             72  io.netty.channel.WriteBufferWaterMark
 948:             3             72  java.lang.Double
 949:             3             72  java.lang.annotation.RetentionPolicy
 950:             3             72  java.lang.invoke.MethodHandles$Lookup
 951:             3             72  java.net.Proxy$Type
 952:             3             72  java.nio.file.StandardCopyOption
 953:             3             72  java.security.SecurityPermission
 954:             1             72  java.util.ResourceBundle$RBClassLoader
 955:             3             72  java.util.concurrent.ConcurrentHashMap$KeySetView
 956:             3             72  java.util.concurrent.ConcurrentLinkedQueue
 957:             3             72  java.util.concurrent.Executors$RunnableAdapter
 958:             1             72  java.util.logging.LogManager$RootLogger
 959:             3             72  java.util.regex.Pattern$Ques
 960:             3             72  java.util.regex.Pattern$Start
 961:             3             72  org.apache.ibatis.binding.MapperRegistry
 962:             3             72  org.apache.ibatis.mapping.Environment
 963:             3             72  org.apache.ibatis.mapping.ParameterMode
 964:             3             72  org.apache.ibatis.mapping.StatementType
 965:             3             72  org.apache.ibatis.scripting.LanguageDriverRegistry
 966:             3             72  org.apache.ibatis.session.AutoMappingBehavior
 967:             3             72  org.apache.ibatis.session.ExecutorType
 968:             3             72  org.apache.ibatis.type.BigIntegerTypeHandler
 969:             3             72  org.apache.ibatis.type.ByteArrayTypeHandler
 970:             3             72  org.apache.ibatis.type.ByteObjectArrayTypeHandler
 971:             3             72  org.apache.ibatis.type.SqlDateTypeHandler
 972:             3             72  org.apache.ibatis.type.SqlTimeTypeHandler
 973:             3             72  org.apache.ibatis.type.SqlTimestampTypeHandler
 974:             3             72  org.apache.ibatis.type.UnknownTypeHandler
 975:             1             72  org.apache.log4j.AsyncAppender
 976:             3             72  org.apache.logging.log4j.core.util.datetime.FastDateFormat
 977:             3             72  org.apache.logging.log4j.core.util.datetime.FastDatePrinter$PaddedNumberField
 978:             3             72  org.apache.logging.log4j.core.util.datetime.FormatCache$MultipartKey
 979:             3             72  sun.misc.FloatingDecimal$ExceptionalBinaryToASCIIBuffer
 980:             3             72  sun.misc.Signal
 981:             3             72  sun.net.www.protocol.http.HttpURLConnection$TunnelState
 982:             3             72  sun.nio.cs.Surrogate$Parser
 983:             3             72  sun.security.provider.NativePRNG$Variant
 984:             1             72  sun.util.locale.provider.JRELocaleProviderAdapter
 985:             2             64  [Ljava.lang.ThreadGroup;
 986:             2             64  [Ljava.lang.annotation.RetentionPolicy;
 987:             2             64  [Ljavax.tools.JavaFileObject$Kind;
 988:             2             64  [Lorg.apache.ibatis.mapping.StatementType;
 989:             2             64  [Lorg.apache.ibatis.session.AutoMappingBehavior;
 990:             2             64  [Lorg.apache.ibatis.session.ExecutorType;
 991:             1             64  [Lorg.apache.logging.log4j.core.util.datetime.FixedDateFormat$FixedFormat;
 992:             1             64  com.alibaba.fastjson.parser.deserializer.FastjsonASMDeserializer_2_CopyMapOverTop
 993:             4             64  com.game.db.dao.roleDao
 994:             1             64  com.game.server.timer.ServerHeartTimer
 995:             1             64  com.game.shitu.timer.ShiTuHeartTimer
 996:             4             64  com.mysql.jdbc.log.StandardLogger
 997:             2             64  com.sun.jmx.mbeanserver.DefaultMXBeanMappingFactory$CollectionMapping
 998:             2             64  com.sun.org.apache.xerces.internal.utils.XMLSecurityPropertyManager$Property
 999:             4             64  com.sun.proxy.$Proxy3
1000:             2             64  game.data.bean.Cfg_update_rewardBean
1001:             1             64  game.message.CrossFightMessage$F2GBraveGloryScoreInfoUpdate
1002:             1             64  game.message.CrossFightMessage$P2GResFightStart
1003:             1             64  game.message.CrossResourceWarMessage$P2GRWChangeStateToAllServer
1004:             1             64  game.message.CrossServerMessage$F2GResCrossDropCoin
1005:             1             64  game.message.CrossServerMessage$F2GTaskAction
1006:             1             64  game.message.FightMessage$ReqGuideSkill
1007:             1             64  game.message.MapMessage$ReqJump
1008:             1             64  game.message.ZoneMessage$P2GReqCancelCrossTag
1009:             1             64  game.message.serverMessage$P2GResFightServer
1010:             1             64  game.message.serverMessage$gameServerInfo
1011:             1             64  io.netty.channel.ChannelOutboundBuffer$Entry
1012:             1             64  io.netty.channel.socket.nio.NioSocketChannel$NioSocketChannelConfig
1013:             2             64  io.netty.handler.codec.CodecOutputList
1014:             2             64  io.netty.util.Signal$SignalConstant
1015:             4             64  io.netty.util.concurrent.DefaultThreadFactory$DefaultRunnableDecorator
1016:             4             64  io.netty.util.internal.TypeParameterMatcher$ReflectiveMatcher
1017:             2             64  java.lang.ClassValue$Entry
1018:             2             64  java.lang.StringCoding$StringDecoder
1019:             2             64  java.lang.VirtualMachineError
1020:             2             64  java.lang.ref.ReferenceQueue$Null
1021:             4             64  java.util.Hashtable$KeySet
1022:             4             64  java.util.LinkedHashMap$LinkedValues
1023:             2             64  java.util.PriorityQueue
1024:             2             64  java.util.PropertyPermission
1025:             2             64  java.util.concurrent.CountDownLatch$Sync
1026:             2             64  java.util.concurrent.ScheduledThreadPoolExecutor$DelayedWorkQueue
1027:             2             64  java.util.concurrent.locks.ReentrantLock$FairSync
1028:             4             64  org.apache.ibatis.reflection.factory.DefaultObjectFactory
1029:             4             64  org.apache.ibatis.reflection.wrapper.DefaultObjectWrapperFactory
1030:             2             64  org.apache.log4j.helpers.PatternParser$BasicPatternConverter
1031:             2             64  org.apache.logging.log4j.core.config.ConfigurationSource
1032:             1             64  org.apache.logging.log4j.core.config.LoggerConfig
1033:             2             64  org.apache.logging.log4j.core.util.DefaultShutdownCallbackRegistry
1034:             2             64  org.apache.logging.log4j.core.util.WatchManager
1035:             1             64  org.apache.logging.log4j.core.util.datetime.FixedDateFormat
1036:             2             64  org.apache.logging.log4j.spi.Provider
1037:             4             64  sun.net.www.protocol.jar.Handler
1038:             2             64  sun.nio.ch.ServerSocketAdaptor
1039:             2             64  sun.nio.fs.NativeBuffer
1040:             2             64  sun.util.locale.UnicodeLocaleExtension
1041:             2             64  sun.util.locale.provider.LocaleServiceProviderPool
1042:             1             56  [Ljava.lang.Runnable;
1043:             1             56  [Ljavax.lang.model.SourceVersion;
1044:             1             56  [Lsun.util.logging.PlatformLogger$Level;
1045:             1             56  com.alibaba.druid.mock.MockDriver
1046:             1             56  com.game.server.ConnectOtherServer
1047:             1             56  com.game.server.timer.PublicHeartTimer
1048:             1             56  com.game.team.timer.TeamHeartTimer
1049:             1             56  com.game.zone.timer.ZoneReadTimer
1050:             1             56  com.script.cityWar.CityWarInterFaceScript
1051:             1             56  com.script.copyMap.multiplayer.MultiplayerOneScript
1052:             1             56  com.script.copyMap.multiplayer.MultiplayerThreeScript
1053:             1             56  com.script.copyMap.multiplayer.MultiplayerTwoScript
1054:             1             56  game.message.ChatMessage$ChatReqCS
1055:             1             56  game.message.CrossServerMessage$F2GCloneEnterAddOne
1056:             1             56  game.message.CrossServerMessage$F2GEnterCloneMapRes
1057:             1             56  game.message.CrossServerMessage$F2GResCrossDropItem
1058:             1             56  game.message.CrossServerMessage$F2GResCrossUseItem
1059:             1             56  game.message.CrossServerMessage$G2FEnterCloneMap
1060:             1             56  game.message.CrossServerMessage$G2FReqChatMess
1061:             1             56  game.message.CrossServerMessage$G2FReqCloneFightInfo
1062:             1             56  game.message.CrossServerMessage$G2FReqCrossUseItem
1063:             1             56  game.message.EquipMessage$ReqEquipLearnSkill
1064:             1             56  game.message.MapMessage$ReqTransportControl
1065:             1             56  game.message.ScuffleMessage$F2GScuffleCloneEnd
1066:             1             56  game.message.ScuffleMessage$P2GResCrossleMatchSuccess
1067:             1             56  game.message.TeamMessage$ReqAlterTeam
1068:             1             56  game.message.TeamMessage$ReqInviteRes
1069:             1             56  game.message.TianqibaokuMessage$P2GgetReward
1070:             1             56  game.message.ZoneMessage$P2GEnterOutlandWar
1071:             1             56  game.message.ZoneMessage$P2GReqMatchSucceed
1072:             1             56  game.message.ZoneMessage$P2GResCrossZoneReadyZone
1073:             1             56  game.message.ZoneMessage$P2GResEnterZone
1074:             1             56  game.message.kingPalaceMessage$ReqKpAppointments
1075:             1             56  game.message.marketMessage$ReqUpItem
1076:             1             56  game.message.questionMessage$ReqPlayerAnswer
1077:             1             56  game.message.serverMessage$G2FNoticeSynRoleInfo
1078:             1             56  game.message.shopMessage$ReqSellMyBagItem
1079:             1             56  game.message.taskMessage$ReqTaskFinish
1080:             1             56  io.netty.buffer.PooledSlicedByteBuf
1081:             1             56  io.netty.util.concurrent.GlobalEventExecutor
1082:             1             56  java.lang.invoke.LambdaFormEditor$Transform
1083:             1             56  java.net.SocketPermission
1084:             1             56  java.util.logging.LogManager
1085:             1             56  org.apache.logging.log4j.core.async.AsyncLoggerConfigDisruptor
1086:             1             48  [Lcom.game.map.manager.MapManager$Point;
1087:             1             48  [Lcom.sun.beans.util.Cache$CacheEntry;
1088:             1             48  [Lcom.sun.management.VMOption$Origin;
1089:             1             48  [Lcom.sun.org.apache.xerces.internal.utils.XMLSecurityManager$Limit;
1090:             2             48  [Lgame.message.AchievementMessage$ReqGetAchievement$MsgID;
1091:             2             48  [Lgame.message.BackendMessage$ReqActivitySendToFriend$MsgID;
1092:             2             48  [Lgame.message.BackendMessage$ReqFuncOpenRoleInfo$MsgID;
1093:             2             48  [Lgame.message.BackendMessage$ReqGetActivityList$MsgID;
1094:             2             48  [Lgame.message.BackendMessage$ReqGetActivityReward$MsgID;
1095:             2             48  [Lgame.message.BossHomeMessage$ReqBossHomeInfo$MsgID;
1096:             2             48  [Lgame.message.BossHomeMessage$ReqBossRecord$MsgID;
1097:             2             48  [Lgame.message.BossMessage$ReqBossInfo$MsgID;
1098:             2             48  [Lgame.message.CardMessage$ReqGetAward$MsgID;
1099:             2             48  [Lgame.message.CardMessage$ReqGetCardLevel$MsgID;
1100:             2             48  [Lgame.message.CardMessage$ReqGetCards$MsgID;
1101:             2             48  [Lgame.message.CardMessage$ReqOneKeySmelt$MsgID;
1102:             2             48  [Lgame.message.CardMessage$ReqSmelt$MsgID;
1103:             2             48  [Lgame.message.ChatMessage$ChatGetContentCS$MsgID;
1104:             2             48  [Lgame.message.ChatMessage$ChatReqCS$MsgID;
1105:             2             48  [Lgame.message.ChatMessage$ReqAddChatRooM$MsgID;
1106:             2             48  [Lgame.message.ChatMessage$ReqChatRoom$MsgID;
1107:             2             48  [Lgame.message.ChatMessage$ReqExitChatRoom$MsgID;
1108:             2             48  [Lgame.message.CityWarMessage$ReqAllReport$MsgID;
1109:             2             48  [Lgame.message.CityWarMessage$ReqCanPostOpt$MsgID;
1110:             2             48  [Lgame.message.CityWarMessage$ReqCityPostOpt$MsgID;
1111:             2             48  [Lgame.message.CityWarMessage$ReqCityReport$MsgID;
1112:             2             48  [Lgame.message.CityWarMessage$ReqEnterCityWar$MsgID;
1113:             2             48  [Lgame.message.CityWarMessage$ReqGetCityAward$MsgID;
1114:             2             48  [Lgame.message.CityWarMessage$ReqGetMaxLevelCity$MsgID;
1115:             2             48  [Lgame.message.CityWarMessage$ReqOpenCityMapList$MsgID;
1116:             2             48  [Lgame.message.CityWarMessage$ReqOpenCityUi$MsgID;
1117:             2             48  [Lgame.message.CityWarMessage$ReqOpenSignUpUi$MsgID;
1118:             2             48  [Lgame.message.CityWarMessage$ReqPardon$MsgID;
1119:             2             48  [Lgame.message.CityWarMessage$ReqScanPrivilege$MsgID;
1120:             2             48  [Lgame.message.CityWarMessage$ReqSignUp$MsgID;
1121:             2             48  [Lgame.message.CopyMapMessage$ReqBeginStartBossLoop$MsgID;
1122:             2             48  [Lgame.message.CopyMapMessage$ReqCloneFightInfo$MsgID;
1123:             2             48  [Lgame.message.CopyMapMessage$ReqCopyMapOut$MsgID;
1124:             2             48  [Lgame.message.CopyMapMessage$ReqCopymapCardReward$MsgID;
1125:             2             48  [Lgame.message.CopyMapMessage$ReqCopymapReward$MsgID;
1126:             2             48  [Lgame.message.CopyMapMessage$ReqOpenPanel$MsgID;
1127:             2             48  [Lgame.message.CopyMapMessage$ReqUpMorale$MsgID;
1128:             2             48  [Lgame.message.CrossCampWarMessage$G2FReqCampwarMidHarmlist$MsgID;
1129:             2             48  [Lgame.message.CrossCampWarMessage$G2FReqOutlandCloneInfo$MsgID;
1130:             2             48  [Lgame.message.CrossCampWarMessage$ReqCrossCampwarMidHarmlist$MsgID;
1131:             2             48  [Lgame.message.CrossCampWarMessage$ReqOutlandCloneInfo$MsgID;
1132:             2             48  [Lgame.message.CrossFightMessage$F2GBraveGloryScoreInfoUpdate$MsgID;
1133:             2             48  [Lgame.message.CrossFightMessage$F2GKillOtherPlayer$MsgID;
1134:             2             48  [Lgame.message.CrossFightMessage$P2GOutFightRoom$MsgID;
1135:             2             48  [Lgame.message.CrossFightMessage$P2GResFightStart$MsgID;
1136:             2             48  [Lgame.message.CrossFightMessage$ReqBravegloryPanel$MsgID;
1137:             2             48  [Lgame.message.CrossFightMessage$ReqEnterBraveGloryWar$MsgID;
1138:             2             48  [Lgame.message.CrossFightMessage$ReqGetBravegloryDayReward$MsgID;
1139:             2             48  [Lgame.message.CrossFightMessage$ReqGetBravegloryWeekReward$MsgID;
1140:             2             48  [Lgame.message.CrossFightMessage$ReqGetKillManReward$MsgID;
1141:             2             48  [Lgame.message.CrossFightMessage$ReqMilitaryRankInfo$MsgID;
1142:             2             48  [Lgame.message.CrossFightMessage$ReqOutBravegloryWar$MsgID;
1143:             2             48  [Lgame.message.CrossFightMessage$ReqOutFightRoom$MsgID;
1144:             2             48  [Lgame.message.CrossFightMessage$ReqOutlandPanel$MsgID;
1145:             2             48  [Lgame.message.CrossFightMessage$ReqUpMilitaryRank$MsgID;
1146:             2             48  [Lgame.message.CrossResourceWarMessage$P2GRWChangeStateToAllServer$MsgID;
1147:             2             48  [Lgame.message.CrossResourceWarMessage$P2GResBaoMing$MsgID;
1148:             2             48  [Lgame.message.CrossResourceWarMessage$ReqRWBaoMing$MsgID;
1149:             2             48  [Lgame.message.CrossResourceWarMessage$ReqRWBaoMingState$MsgID;
1150:             2             48  [Lgame.message.CrossServerMessage$F2GCloneClose$MsgID;
1151:             2             48  [Lgame.message.CrossServerMessage$F2GCloneEnterAddOne$MsgID;
1152:             2             48  [Lgame.message.CrossServerMessage$F2GEnterCloneMapRes$MsgID;
1153:             2             48  [Lgame.message.CrossServerMessage$F2GFightEnd$MsgID;
1154:             2             48  [Lgame.message.CrossServerMessage$F2GReliveRes$MsgID;
1155:             2             48  [Lgame.message.CrossServerMessage$F2GResCrossDropCoin$MsgID;
1156:             2             48  [Lgame.message.CrossServerMessage$F2GResCrossDropItem$MsgID;
1157:             2             48  [Lgame.message.CrossServerMessage$F2GResCrossUseItem$MsgID;
1158:             2             48  [Lgame.message.CrossServerMessage$F2GResHeart$MsgID;
1159:             2             48  [Lgame.message.CrossServerMessage$F2GSendReward$MsgID;
1160:             2             48  [Lgame.message.CrossServerMessage$F2GTaskAction$MsgID;
1161:             2             48  [Lgame.message.CrossServerMessage$F2GTaskRresh$MsgID;
1162:             2             48  [Lgame.message.CrossServerMessage$F2G_UpMoraleRes$MsgID;
1163:             2             48  [Lgame.message.CrossServerMessage$G2FEnterCloneMap$MsgID;
1164:             2             48  [Lgame.message.CrossServerMessage$G2FGMdeal$MsgID;
1165:             2             48  [Lgame.message.CrossServerMessage$G2FOnEnterMapAgain$MsgID;
1166:             2             48  [Lgame.message.CrossServerMessage$G2FRelive$MsgID;
1167:             2             48  [Lgame.message.CrossServerMessage$G2FReqChatMess$MsgID;
1168:             2             48  [Lgame.message.CrossServerMessage$G2FReqCloneFightInfo$MsgID;
1169:             2             48  [Lgame.message.CrossServerMessage$G2FReqCrossDropItemString$MsgID;
1170:             2             48  [Lgame.message.CrossServerMessage$G2FReqCrossUseItem$MsgID;
1171:             2             48  [Lgame.message.CrossServerMessage$G2FReqHeart$MsgID;
1172:             2             48  [Lgame.message.CrossServerMessage$G2FSynPlayerOut$MsgID;
1173:             2             48  [Lgame.message.CrossServerMessage$G2F_UpMorale$MsgID;
1174:             2             48  [Lgame.message.CrossServerMessage$P2GNoticeEvent$MsgID;
1175:             2             48  [Lgame.message.CrossServerMessage$P2GPlayerStateChange$MsgID;
1176:             2             48  [Lgame.message.CrossjjcMessage$G2FJJcSurrender$MsgID;
1177:             2             48  [Lgame.message.CrossjjcMessage$P2GCrossJJCCleanAllScore$MsgID;
1178:             2             48  [Lgame.message.CrossjjcMessage$P2GCrossJJCRankChange$MsgID;
1179:             2             48  [Lgame.message.CrossjjcMessage$P2GCrossJJcFightRes$MsgID;
1180:             2             48  [Lgame.message.CrossjjcMessage$P2GCrossRankInfoRes$MsgID;
1181:             2             48  [Lgame.message.CrossjjcMessage$P2GCrossRewardRankInfo$MsgID;
1182:             2             48  [Lgame.message.CrossjjcMessage$P2GUpdateCrossJJCTime$MsgID;
1183:             2             48  [Lgame.message.CrossjjcMessage$P2GfaildEnterCrossJJC$MsgID;
1184:             2             48  [Lgame.message.CrossjjcMessage$ReqCrossJJcCancelEnter$MsgID;
1185:             2             48  [Lgame.message.CrossjjcMessage$ReqCrossJJcRanks$MsgID;
1186:             2             48  [Lgame.message.CrossjjcMessage$ReqCrossJJcReport$MsgID;
1187:             2             48  [Lgame.message.CrossjjcMessage$ReqEnterCrossJJC$MsgID;
1188:             2             48  [Lgame.message.CrossjjcMessage$ReqGetCrossJJCRewards$MsgID;
1189:             2             48  [Lgame.message.CrossjjcMessage$ReqJJcSurrender$MsgID;
1190:             2             48  [Lgame.message.CrossjjcMessage$ReqOpenCrossJJc$MsgID;
1191:             2             48  [Lgame.message.DailyactiveMessage$ReqAchRunePanel$MsgID;
1192:             2             48  [Lgame.message.DailyactiveMessage$ReqActiveMedalPanel$MsgID;
1193:             2             48  [Lgame.message.DailyactiveMessage$ReqActivePanel$MsgID;
1194:             2             48  [Lgame.message.DailyactiveMessage$ReqDailyactivePanel$MsgID;
1195:             2             48  [Lgame.message.DailyactiveMessage$ReqGetActiveReward$MsgID;
1196:             2             48  [Lgame.message.DailyactiveMessage$ReqUpAcMedal$MsgID;
1197:             2             48  [Lgame.message.DailyactiveMessage$ReqUpAcRune$MsgID;
1198:             2             48  [Lgame.message.EquipMessage$ReqAllEquipPartStar$MsgID;
1199:             2             48  [Lgame.message.EquipMessage$ReqAutoResolveSet$MsgID;
1200:             2             48  [Lgame.message.EquipMessage$ReqEquipFusion$MsgID;
1201:             2             48  [Lgame.message.EquipMessage$ReqEquipLearnSkill$MsgID;
1202:             2             48  [Lgame.message.EquipMessage$ReqEquipRefining$MsgID;
1203:             2             48  [Lgame.message.EquipMessage$ReqEquipReset$MsgID;
1204:             2             48  [Lgame.message.EquipMessage$ReqEquipResolveSet$MsgID;
1205:             2             48  [Lgame.message.EquipMessage$ReqEquipSell$MsgID;
1206:             2             48  [Lgame.message.EquipMessage$ReqEquipSkillInheritance$MsgID;
1207:             2             48  [Lgame.message.EquipMessage$ReqEquipSwitch$MsgID;
1208:             2             48  [Lgame.message.EquipMessage$ReqEquipTrain$MsgID;
1209:             2             48  [Lgame.message.EquipMessage$ReqEquipUnWear$MsgID;
1210:             2             48  [Lgame.message.EquipMessage$ReqEquipWear$MsgID;
1211:             2             48  [Lgame.message.EquipMessage$ReqPartUpStar$MsgID;
1212:             2             48  [Lgame.message.FashionMessage$ReqActive$MsgID;
1213:             2             48  [Lgame.message.FashionMessage$ReqDress$MsgID;
1214:             2             48  [Lgame.message.FashionMessage$ReqStarUp$MsgID;
1215:             2             48  [Lgame.message.FightMessage$ReqChangeAttackDir$MsgID;
1216:             2             48  [Lgame.message.FightMessage$ReqFlyPetCloneAttack$MsgID;
1217:             2             48  [Lgame.message.FightMessage$ReqGuideSkill$MsgID;
1218:             2             48  [Lgame.message.FightMessage$ReqRollMove$MsgID;
1219:             2             48  [Lgame.message.FightMessage$ReqUseSkill$MsgID;
1220:             2             48  [Lgame.message.GenesisTempleMessage$P2GSubmitCloneOverInfo$MsgID;
1221:             2             48  [Lgame.message.GenesisTempleMessage$ReqGenesisScorePanel$MsgID;
1222:             2             48  [Lgame.message.GenesisTempleMessage$ReqGenesisTemplePanel$MsgID;
1223:             2             48  [Lgame.message.GenesisTempleMessage$ReqGenesisTempleTopList$MsgID;
1224:             2             48  [Lgame.message.GenesisTempleMessage$ReqSubmitGenesisStone$MsgID;
1225:             2             48  [Lgame.message.GmMessage$GmCommandClientToServer$MsgID;
1226:             2             48  [Lgame.message.GuildMessage$ReqAnswer$MsgID;
1227:             2             48  [Lgame.message.GuildMessage$ReqAuctionItem$MsgID;
1228:             2             48  [Lgame.message.GuildMessage$ReqAuctionRecord$MsgID;
1229:             2             48  [Lgame.message.GuildMessage$ReqBuySkillStudyTime$MsgID;
1230:             2             48  [Lgame.message.GuildMessage$ReqChangeGuildName$MsgID;
1231:             2             48  [Lgame.message.GuildMessage$ReqChangeGuildSetting$MsgID;
1232:             2             48  [Lgame.message.GuildMessage$ReqCreateGuild$MsgID;
1233:             2             48  [Lgame.message.GuildMessage$ReqCurrStudyTime$MsgID;
1234:             2             48  [Lgame.message.GuildMessage$ReqDealApplyInfo$MsgID;
1235:             2             48  [Lgame.message.GuildMessage$ReqDealInviteInfo$MsgID;
1236:             2             48  [Lgame.message.GuildMessage$ReqDonate$MsgID;
1237:             2             48  [Lgame.message.GuildMessage$ReqEnterGuild$MsgID;
1238:             2             48  [Lgame.message.GuildMessage$ReqEnterGuildBossWar$MsgID;
1239:             2             48  [Lgame.message.GuildMessage$ReqEnterGuildWar$MsgID;
1240:             2             48  [Lgame.message.GuildMessage$ReqFindGuild$MsgID;
1241:             2             48  [Lgame.message.GuildMessage$ReqGuildActiveNotice$MsgID;
1242:             2             48  [Lgame.message.GuildMessage$ReqGuildBossWarDone$MsgID;
1243:             2             48  [Lgame.message.GuildMessage$ReqGuildBossWarPanel$MsgID;
1244:             2             48  [Lgame.message.GuildMessage$ReqGuildDonateCount$MsgID;
1245:             2             48  [Lgame.message.GuildMessage$ReqGuildEmailNotice$MsgID;
1246:             2             48  [Lgame.message.GuildMessage$ReqGuildInfo$MsgID;
1247:             2             48  [Lgame.message.GuildMessage$ReqGuildInvite$MsgID;
1248:             2             48  [Lgame.message.GuildMessage$ReqGuildLogList$MsgID;
1249:             2             48  [Lgame.message.GuildMessage$ReqGuildRecruitBySub$MsgID;
1250:             2             48  [Lgame.message.GuildMessage$ReqGuildSendEmailNotice$MsgID;
1251:             2             48  [Lgame.message.GuildMessage$ReqGuildStudySkill$MsgID;
1252:             2             48  [Lgame.message.GuildMessage$ReqGuildWarPanel$MsgID;
1253:             2             48  [Lgame.message.GuildMessage$ReqGuildWarPersonal$MsgID;
1254:             2             48  [Lgame.message.GuildMessage$ReqGuildWarRank$MsgID;
1255:             2             48  [Lgame.message.GuildMessage$ReqImpeach$MsgID;
1256:             2             48  [Lgame.message.GuildMessage$ReqInvitePlayer$MsgID;
1257:             2             48  [Lgame.message.GuildMessage$ReqJoinGuild$MsgID;
1258:             2             48  [Lgame.message.GuildMessage$ReqKickOutGuild$MsgID;
1259:             2             48  [Lgame.message.GuildMessage$ReqKingTemple$MsgID;
1260:             2             48  [Lgame.message.GuildMessage$ReqLearnSkill$MsgID;
1261:             2             48  [Lgame.message.GuildMessage$ReqLeaveGuildMap$MsgID;
1262:             2             48  [Lgame.message.GuildMessage$ReqMasterReceive$MsgID;
1263:             2             48  [Lgame.message.GuildMessage$ReqMembersListInfo$MsgID;
1264:             2             48  [Lgame.message.GuildMessage$ReqMonsterDamage$MsgID;
1265:             2             48  [Lgame.message.GuildMessage$ReqOpenGuildBossWar$MsgID;
1266:             2             48  [Lgame.message.GuildMessage$ReqOpenaAuctionPanel$MsgID;
1267:             2             48  [Lgame.message.GuildMessage$ReqPlayerLearnSkills$MsgID;
1268:             2             48  [Lgame.message.GuildMessage$ReqQuitGuild$MsgID;
1269:             2             48  [Lgame.message.GuildMessage$ReqReceiveIntegralRank$MsgID;
1270:             2             48  [Lgame.message.GuildMessage$ReqReceiveIntegralReward$MsgID;
1271:             2             48  [Lgame.message.GuildMessage$ReqReceivedApply$MsgID;
1272:             2             48  [Lgame.message.GuildMessage$ReqRecommendGuild$MsgID;
1273:             2             48  [Lgame.message.GuildMessage$ReqSetRank$MsgID;
1274:             2             48  [Lgame.message.GuildMessage$ReqUpBuildingLevel$MsgID;
1275:             2             48  [Lgame.message.GuildMessage$ReqVictoryReward$MsgID;
1276:             2             48  [Lgame.message.HorseMessage$ReqActiveMythical$MsgID;
1277:             2             48  [Lgame.message.HorseMessage$ReqChangeHorse$MsgID;
1278:             2             48  [Lgame.message.HorseMessage$ReqChangeRideState$MsgID;
1279:             2             48  [Lgame.message.HorseMessage$ReqFlyAction$MsgID;
1280:             2             48  [Lgame.message.HorseMessage$ReqGetMythicalFragment$MsgID;
1281:             2             48  [Lgame.message.HorseMessage$ReqHorseStarUp$MsgID;
1282:             2             48  [Lgame.message.HorseMessage$ReqHorseUp$MsgID;
1283:             2             48  [Lgame.message.HorseMessage$ReqInviteOtherPlayerForRide$MsgID;
1284:             2             48  [Lgame.message.HorseMessage$ReqInviteResult$MsgID;
1285:             2             48  [Lgame.message.HorseMessage$ReqMythicalInfo$MsgID;
1286:             2             48  [Lgame.message.HorseMessage$ReqOpenHorsePanel$MsgID;
1287:             2             48  [Lgame.message.HorseMessage$ReqOtherPlayerHorse$MsgID;
1288:             2             48  [Lgame.message.HorseMessage$ReqRideMythical$MsgID;
1289:             2             48  [Lgame.message.HorseMessage$ReqTrainMythical$MsgID;
1290:             2             48  [Lgame.message.HorseMessage$ReqUpdateHight$MsgID;
1291:             2             48  [Lgame.message.JJCMessage$ReqAddChance$MsgID;
1292:             2             48  [Lgame.message.JJCMessage$ReqChallenge$MsgID;
1293:             2             48  [Lgame.message.JJCMessage$ReqChangeTarget$MsgID;
1294:             2             48  [Lgame.message.JJCMessage$ReqGetAward$MsgID;
1295:             2             48  [Lgame.message.JJCMessage$ReqGetReport$MsgID;
1296:             2             48  [Lgame.message.JJCMessage$ReqGetYesterdayRank$MsgID;
1297:             2             48  [Lgame.message.JJCMessage$ReqJJCexit$MsgID;
1298:             2             48  [Lgame.message.JJCMessage$ReqOpenJJC$MsgID;
1299:             2             48  [Lgame.message.MapMessage$ReqCineMatic$MsgID;
1300:             2             48  [Lgame.message.MapMessage$ReqDirMove$MsgID;
1301:             2             48  [Lgame.message.MapMessage$ReqGather$MsgID;
1302:             2             48  [Lgame.message.MapMessage$ReqGetLines$MsgID;
1303:             2             48  [Lgame.message.MapMessage$ReqGetMonsterPos$MsgID;
1304:             2             48  [Lgame.message.MapMessage$ReqGroundBuffStar$MsgID;
1305:             2             48  [Lgame.message.MapMessage$ReqJump$MsgID;
1306:             2             48  [Lgame.message.MapMessage$ReqJumpBlock$MsgID;
1307:             2             48  [Lgame.message.MapMessage$ReqJumpDown$MsgID;
1308:             2             48  [Lgame.message.MapMessage$ReqMoveTo$MsgID;
1309:             2             48  [Lgame.message.MapMessage$ReqRelive$MsgID;
1310:             2             48  [Lgame.message.MapMessage$ReqSelectLine$MsgID;
1311:             2             48  [Lgame.message.MapMessage$ReqStopMove$MsgID;
1312:             2             48  [Lgame.message.MapMessage$ReqTransport$MsgID;
1313:             2             48  [Lgame.message.MapMessage$ReqTransportControl$MsgID;
1314:             2             48  [Lgame.message.MarriageMessage$ReqDealMarriagePropose$MsgID;
1315:             2             48  [Lgame.message.MarriageMessage$ReqDealPeaceDivorce$MsgID;
1316:             2             48  [Lgame.message.MarriageMessage$ReqEnterMarriageClone$MsgID;
1317:             2             48  [Lgame.message.MarriageMessage$ReqGetMarried$MsgID;
1318:             2             48  [Lgame.message.MarriageMessage$ReqGetWhisper$MsgID;
1319:             2             48  [Lgame.message.MarriageMessage$ReqGoWedding$MsgID;
1320:             2             48  [Lgame.message.MarriageMessage$ReqHoldWedding$MsgID;
1321:             2             48  [Lgame.message.MarriageMessage$ReqMateInfo$MsgID;
1322:             2             48  [Lgame.message.MarriageMessage$ReqSendWhisper$MsgID;
1323:             2             48  [Lgame.message.MarriageMessage$ReqUnMarried$MsgID;
1324:             2             48  [Lgame.message.MarriageMessage$ReqUnderwayWeddingList$MsgID;
1325:             2             48  [Lgame.message.MarriageMessage$ReqUpCoupleAttribute$MsgID;
1326:             2             48  [Lgame.message.MarriageMessage$ReqUpCoupleSkill$MsgID;
1327:             2             48  [Lgame.message.MarriageMessage$ReqUpIntimacyLv$MsgID;
1328:             2             48  [Lgame.message.MarriageMessage$ReqUpRing$MsgID;
1329:             2             48  [Lgame.message.MarriageMessage$ReqUpZodiac$MsgID;
1330:             2             48  [Lgame.message.MeltingMessage$ReqMelting$MsgID;
1331:             2             48  [Lgame.message.MeltingMessage$ReqOpenMelting$MsgID;
1332:             2             48  [Lgame.message.MeltingMessage$ReqResetMaterial$MsgID;
1333:             2             48  [Lgame.message.NewServerActivityMessage$ReqActivityList$MsgID;
1334:             2             48  [Lgame.message.NewServerActivityMessage$ReqGetReward$MsgID;
1335:             2             48  [Lgame.message.NewerGift$ReqGetNewerGift$MsgID;
1336:             2             48  [Lgame.message.NewerGift$ReqNewerGiftInfo$MsgID;
1337:             2             48  [Lgame.message.PetMessage$ReqAttachSoul$MsgID;
1338:             2             48  [Lgame.message.PetMessage$ReqCatchSoul$MsgID;
1339:             2             48  [Lgame.message.PetMessage$ReqChangePetState$MsgID;
1340:             2             48  [Lgame.message.PetMessage$ReqEnterPetIsland$MsgID;
1341:             2             48  [Lgame.message.PetMessage$ReqExploreSoul$MsgID;
1342:             2             48  [Lgame.message.PetMessage$ReqPetAction$MsgID;
1343:             2             48  [Lgame.message.PetMessage$ReqRuneInfo$MsgID;
1344:             2             48  [Lgame.message.PetMessage$ReqRuneUp$MsgID;
1345:             2             48  [Lgame.message.PetMessage$ReqSpiritUp$MsgID;
1346:             2             48  [Lgame.message.PlatformEvaluateMessage$ReqIsEvaluated$MsgID;
1347:             2             48  [Lgame.message.PlatformEvaluateMessage$ReqIsSure$MsgID;
1348:             2             48  [Lgame.message.PlayerMessage$ReqChangeBirthGroup$MsgID;
1349:             2             48  [Lgame.message.PlayerMessage$ReqChangeJob$MsgID;
1350:             2             48  [Lgame.message.PlayerMessage$ReqChangeRoleName$MsgID;
1351:             2             48  [Lgame.message.PlayerMessage$ReqChoseBirthGroup$MsgID;
1352:             2             48  [Lgame.message.PlayerMessage$ReqCourageList$MsgID;
1353:             2             48  [Lgame.message.PlayerMessage$ReqGetAccunonlinetime$MsgID;
1354:             2             48  [Lgame.message.PlayerMessage$ReqGetPracticeInfo$MsgID;
1355:             2             48  [Lgame.message.PlayerMessage$ReqLookOtherPlayer$MsgID;
1356:             2             48  [Lgame.message.PlayerMessage$ReqMainUIGuideID$MsgID;
1357:             2             48  [Lgame.message.PlayerMessage$ReqPracticeGet$MsgID;
1358:             2             48  [Lgame.message.PlayerMessage$ReqPracticeSetDo$MsgID;
1359:             2             48  [Lgame.message.PlayerMessage$ReqSendSetting$MsgID;
1360:             2             48  [Lgame.message.PlayerMessage$ReqUpdataPkState$MsgID;
1361:             2             48  [Lgame.message.PlayerMessage$ReqUpdateMainUIGuideID$MsgID;
1362:             2             48  [Lgame.message.PlayerMessage$ReqUseActiveCode$MsgID;
1363:             2             48  [Lgame.message.RankListMessage$ReqRankInfo$MsgID;
1364:             2             48  [Lgame.message.RankListMessage$ReqRankPlayerImageInfo$MsgID;
1365:             2             48  [Lgame.message.RankListMessage$ReqWorship$MsgID;
1366:             2             48  [Lgame.message.RechargeMessage$ReqFirstRechargePanel$MsgID;
1367:             2             48  [Lgame.message.RechargeMessage$ReqGetFirstRechargeAward$MsgID;
1368:             2             48  [Lgame.message.RechargeMessage$ReqGetRechargeGold$MsgID;
1369:             2             48  [Lgame.message.RechargeMessage$ReqGetRechargeReturn$MsgID;
1370:             2             48  [Lgame.message.RedPacketMessage$ReqClickRedpacket$MsgID;
1371:             2             48  [Lgame.message.RedPacketMessage$ReqGetRedPacketInfo$MsgID;
1372:             2             48  [Lgame.message.RedPacketMessage$ReqRedpacketList$MsgID;
1373:             2             48  [Lgame.message.RedPacketMessage$ReqSendMineRechargeRedpacket$MsgID;
1374:             2             48  [Lgame.message.RedPacketMessage$ReqSendRedpacket$MsgID;
1375:             2             48  [Lgame.message.RegisterMessage$ReqCreateCharacter$MsgID;
1376:             2             48  [Lgame.message.RegisterMessage$ReqDeleteRole$MsgID;
1377:             2             48  [Lgame.message.RegisterMessage$ReqLoadFinish$MsgID;
1378:             2             48  [Lgame.message.RegisterMessage$ReqLoginGame$MsgID;
1379:             2             48  [Lgame.message.RegisterMessage$ReqQuit$MsgID;
1380:             2             48  [Lgame.message.RegisterMessage$ReqRegainRole$MsgID;
1381:             2             48  [Lgame.message.RegisterMessage$ReqSelectCharacter$MsgID;
1382:             2             48  [Lgame.message.ScuffleMessage$F2GScuffleCloneEnd$MsgID;
1383:             2             48  [Lgame.message.ScuffleMessage$P2GResCrossleMatchFailure$MsgID;
1384:             2             48  [Lgame.message.ScuffleMessage$P2GResCrossleMatchSuccess$MsgID;
1385:             2             48  [Lgame.message.ScuffleMessage$ReqCancelEnroll$MsgID;
1386:             2             48  [Lgame.message.ScuffleMessage$ReqCancelMacth$MsgID;
1387:             2             48  [Lgame.message.ScuffleMessage$ReqEnroll$MsgID;
1388:             2             48  [Lgame.message.ScuffleMessage$ReqEnterNext$MsgID;
1389:             2             48  [Lgame.message.ScuffleMessage$ReqEnterScuffileKing$MsgID;
1390:             2             48  [Lgame.message.ScuffleMessage$ReqGetDayWinCountReward$MsgID;
1391:             2             48  [Lgame.message.ScuffleMessage$ReqGetScufflePanel$MsgID;
1392:             2             48  [Lgame.message.ScuffleMessage$ReqStartMacth$MsgID;
1393:             2             48  [Lgame.message.ScuffleMessage$ReqWeekDivisionReward$MsgID;
1394:             2             48  [Lgame.message.SeekTreasureMessage$ReqOpenSeekTreasurePanel$MsgID;
1395:             2             48  [Lgame.message.SeekTreasureMessage$ReqSeekPriTreasureOne$MsgID;
1396:             2             48  [Lgame.message.SeekTreasureMessage$ReqSeekPriTreasureTen$MsgID;
1397:             2             48  [Lgame.message.SeekTreasureMessage$ReqSeekSeniorTreasureOne$MsgID;
1398:             2             48  [Lgame.message.SeekTreasureMessage$ReqSeekSeniorTreasureTen$MsgID;
1399:             2             48  [Lgame.message.SeekTreasureMessage$ReqSeekTreasureStart$MsgID;
1400:             2             48  [Lgame.message.ShituMessage$ReqAppManualInfo$MsgID;
1401:             2             48  [Lgame.message.ShituMessage$ReqApply$MsgID;
1402:             2             48  [Lgame.message.ShituMessage$ReqCall$MsgID;
1403:             2             48  [Lgame.message.ShituMessage$ReqEnlightening$MsgID;
1404:             2             48  [Lgame.message.ShituMessage$ReqGraduate$MsgID;
1405:             2             48  [Lgame.message.ShituMessage$ReqInvite$MsgID;
1406:             2             48  [Lgame.message.ShituMessage$ReqKickOut$MsgID;
1407:             2             48  [Lgame.message.ShituMessage$ReqOpenMasterHallowsPanl$MsgID;
1408:             2             48  [Lgame.message.ShituMessage$ReqOpenShiTuPanel$MsgID;
1409:             2             48  [Lgame.message.ShituMessage$ReqQuitMaster$MsgID;
1410:             2             48  [Lgame.message.ShituMessage$ReqRefreshRecommend$MsgID;
1411:             2             48  [Lgame.message.ShituMessage$ReqRefuseAll$MsgID;
1412:             2             48  [Lgame.message.ShituMessage$ReqResponseApply$MsgID;
1413:             2             48  [Lgame.message.ShituMessage$ReqResponseCall$MsgID;
1414:             2             48  [Lgame.message.ShituMessage$ReqResponseInvite$MsgID;
1415:             2             48  [Lgame.message.ShituMessage$ReqSearch$MsgID;
1416:             2             48  [Lgame.message.ShituMessage$ReqUpMasterHallows$MsgID;
1417:             2             48  [Lgame.message.ShituMessage$ReqUpMasterLv$MsgID;
1418:             2             48  [Lgame.message.SkillMessage$ReqAllMedal$MsgID;
1419:             2             48  [Lgame.message.SkillMessage$ReqOneKeyUpSkill$MsgID;
1420:             2             48  [Lgame.message.SkillMessage$ReqOnlineMedal$MsgID;
1421:             2             48  [Lgame.message.SkillMessage$ReqUpSkill$MsgID;
1422:             2             48  [Lgame.message.SoulMessage$ReqActivateHunter$MsgID;
1423:             2             48  [Lgame.message.SoulMessage$ReqHuntSoul$MsgID;
1424:             2             48  [Lgame.message.SoulMessage$ReqOneKeyHuntSoul$MsgID;
1425:             2             48  [Lgame.message.SoulMessage$ReqSmeltSoul$MsgID;
1426:             2             48  [Lgame.message.SoulMessage$ReqWearSoul$MsgID;
1427:             2             48  [Lgame.message.StrongerMessage$ReqDailyRechargeReward$MsgID;
1428:             2             48  [Lgame.message.StrongerMessage$ReqDailyRechargeRewardInfo$MsgID;
1429:             2             48  [Lgame.message.TeamMessage$ReqAgreeCall$MsgID;
1430:             2             48  [Lgame.message.TeamMessage$ReqAlterTeam$MsgID;
1431:             2             48  [Lgame.message.TeamMessage$ReqApplyEnter$MsgID;
1432:             2             48  [Lgame.message.TeamMessage$ReqApplyOpt$MsgID;
1433:             2             48  [Lgame.message.TeamMessage$ReqCallAllMember$MsgID;
1434:             2             48  [Lgame.message.TeamMessage$ReqCleanApplyList$MsgID;
1435:             2             48  [Lgame.message.TeamMessage$ReqCreateTeam$MsgID;
1436:             2             48  [Lgame.message.TeamMessage$ReqGetApplyList$MsgID;
1437:             2             48  [Lgame.message.TeamMessage$ReqGetFreedomList$MsgID;
1438:             2             48  [Lgame.message.TeamMessage$ReqGetTeamInfo$MsgID;
1439:             2             48  [Lgame.message.TeamMessage$ReqGetWaitList$MsgID;
1440:             2             48  [Lgame.message.TeamMessage$ReqInvite$MsgID;
1441:             2             48  [Lgame.message.TeamMessage$ReqInviteRes$MsgID;
1442:             2             48  [Lgame.message.TeamMessage$ReqMatchAll$MsgID;
1443:             2             48  [Lgame.message.TeamMessage$ReqTeamOpt$MsgID;
1444:             2             48  [Lgame.message.TeamMessage$ReqTransport2Leader$MsgID;
1445:             2             48  [Lgame.message.TianqibaokuMessage$P2GgetReward$MsgID;
1446:             2             48  [Lgame.message.TianqibaokuMessage$P2GreturnBaokuInfo$MsgID;
1447:             2             48  [Lgame.message.TianqibaokuMessage$ReqBaokuToBackpack$MsgID;
1448:             2             48  [Lgame.message.TianqibaokuMessage$ReqCloseBaokuPanel$MsgID;
1449:             2             48  [Lgame.message.TianqibaokuMessage$ReqExchangeBaokuItem$MsgID;
1450:             2             48  [Lgame.message.TianqibaokuMessage$ReqGetBaokuReward$MsgID;
1451:             2             48  [Lgame.message.TianqibaokuMessage$ReqLookMyBaoku$MsgID;
1452:             2             48  [Lgame.message.TianqibaokuMessage$ReqOpenBaokuPanel$MsgID;
1453:             2             48  [Lgame.message.TianqibaokuMessage$ReqSortBaoku$MsgID;
1454:             2             48  [Lgame.message.TitleMessage$ReqActiveTitle$MsgID;
1455:             2             48  [Lgame.message.TitleMessage$ReqDownPicTitle$MsgID;
1456:             2             48  [Lgame.message.TitleMessage$ReqUpTitleRune$MsgID;
1457:             2             48  [Lgame.message.TitleMessage$ReqUsePicTitle$MsgID;
1458:             2             48  [Lgame.message.TitleMessage$ReqUseTitle$MsgID;
1459:             2             48  [Lgame.message.TradeMessage$ReqLockTrade$MsgID;
1460:             2             48  [Lgame.message.TradeMessage$ReqOpenTradePanel$MsgID;
1461:             2             48  [Lgame.message.TradeMessage$ReqTrade$MsgID;
1462:             2             48  [Lgame.message.TradeMessage$ReqTradeApply$MsgID;
1463:             2             48  [Lgame.message.TradeMessage$ReqTradeCancel$MsgID;
1464:             2             48  [Lgame.message.TradeMessage$ReqTradeItem$MsgID;
1465:             2             48  [Lgame.message.TradeMessage$ReqUnloadTradeItem$MsgID;
1466:             2             48  [Lgame.message.UpdateRewardMessage$ReqGetUpdateReward$MsgID;
1467:             2             48  [Lgame.message.VipMessage$ReqGetGift$MsgID;
1468:             2             48  [Lgame.message.WelfareMessage$ReqActiveGrowthFind$MsgID;
1469:             2             48  [Lgame.message.WelfareMessage$ReqCardReward$MsgID;
1470:             2             48  [Lgame.message.WelfareMessage$ReqCurSignMonth$MsgID;
1471:             2             48  [Lgame.message.WelfareMessage$ReqGetContinuousLoginReward$MsgID;
1472:             2             48  [Lgame.message.WelfareMessage$ReqGetLevelReward$MsgID;
1473:             2             48  [Lgame.message.WelfareMessage$ReqGetTodayOnlineReward$MsgID;
1474:             2             48  [Lgame.message.WelfareMessage$ReqOneKeyRetrieveRes$MsgID;
1475:             2             48  [Lgame.message.WelfareMessage$ReqOpenWelfarePanel$MsgID;
1476:             2             48  [Lgame.message.WelfareMessage$ReqReceiveGrowthFind$MsgID;
1477:             2             48  [Lgame.message.WelfareMessage$ReqRetrieveRes$MsgID;
1478:             2             48  [Lgame.message.WelfareMessage$ReqSign$MsgID;
1479:             2             48  [Lgame.message.WingMessage$ReqActiveMagicFeather$MsgID;
1480:             2             48  [Lgame.message.WingMessage$ReqChangeShowState$MsgID;
1481:             2             48  [Lgame.message.WingMessage$ReqChangeWing$MsgID;
1482:             2             48  [Lgame.message.WingMessage$ReqGetMagicFeatherFragment$MsgID;
1483:             2             48  [Lgame.message.WingMessage$ReqMagicFeatherInfo$MsgID;
1484:             2             48  [Lgame.message.WingMessage$ReqOpenWingPanel$MsgID;
1485:             2             48  [Lgame.message.WingMessage$ReqOtherPlayerWingInfo$MsgID;
1486:             2             48  [Lgame.message.WingMessage$ReqTrainMagicFeather$MsgID;
1487:             2             48  [Lgame.message.WingMessage$ReqWearMagicFeather$MsgID;
1488:             2             48  [Lgame.message.WingMessage$ReqWingStarUp$MsgID;
1489:             2             48  [Lgame.message.WingMessage$ReqWingTransmog$MsgID;
1490:             2             48  [Lgame.message.ZoneMessage$P2GEnterOutlandWar$MsgID;
1491:             2             48  [Lgame.message.ZoneMessage$P2GReqCancelCrossTag$MsgID;
1492:             2             48  [Lgame.message.ZoneMessage$P2GReqMatchSucceed$MsgID;
1493:             2             48  [Lgame.message.ZoneMessage$P2GResCrossZoneReadyZone$MsgID;
1494:             2             48  [Lgame.message.ZoneMessage$P2GResEnterZone$MsgID;
1495:             2             48  [Lgame.message.ZoneMessage$ReqCancelMatch$MsgID;
1496:             2             48  [Lgame.message.ZoneMessage$ReqEnterZone$MsgID;
1497:             2             48  [Lgame.message.ZoneMessage$ReqGuideBlockOpen$MsgID;
1498:             2             48  [Lgame.message.ZoneMessage$ReqGuideNo$MsgID;
1499:             2             48  [Lgame.message.ZoneMessage$ReqReadyZone$MsgID;
1500:             2             48  [Lgame.message.ZoneMessage$ReqSweepZone$MsgID;
1501:             2             48  [Lgame.message.ZoneMessage$ReqTeamAcceptEnterZone$MsgID;
1502:             2             48  [Lgame.message.backpackMessage$ReqBagClearUp$MsgID;
1503:             2             48  [Lgame.message.backpackMessage$ReqCompound$MsgID;
1504:             2             48  [Lgame.message.backpackMessage$ReqDelItem$MsgID;
1505:             2             48  [Lgame.message.backpackMessage$ReqMoveItem$MsgID;
1506:             2             48  [Lgame.message.backpackMessage$ReqOpenBagCell$MsgID;
1507:             2             48  [Lgame.message.backpackMessage$ReqSellItems$MsgID;
1508:             2             48  [Lgame.message.backpackMessage$ReqUseItem$MsgID;
1509:             2             48  [Lgame.message.cloakMessage$ReqChangeWearCloak$MsgID;
1510:             2             48  [Lgame.message.cloakMessage$ReqCloakSkillUp$MsgID;
1511:             2             48  [Lgame.message.cloakMessage$ReqCloakUp$MsgID;
1512:             2             48  [Lgame.message.cloakMessage$ReqOpenCloakInterface$MsgID;
1513:             2             48  [Lgame.message.cloakMessage$ReqOpenCloakSkillPanel$MsgID;
1514:             2             48  [Lgame.message.cloakMessage$ReqRuneInfo$MsgID;
1515:             2             48  [Lgame.message.cloakMessage$ReqRuneUp$MsgID;
1516:             2             48  [Lgame.message.dragoonMessage$ReqActiveDragoon$MsgID;
1517:             2             48  [Lgame.message.dragoonMessage$ReqDragoonList$MsgID;
1518:             2             48  [Lgame.message.dragoonMessage$ReqUpDragoon$MsgID;
1519:             2             48  [Lgame.message.dragoonMessage$ReqUpDragoonSkill$MsgID;
1520:             2             48  [Lgame.message.dragoonMessage$ReqUseDragoon$MsgID;
1521:             2             48  [Lgame.message.friendMessage$ReqAddRelation$MsgID;
1522:             2             48  [Lgame.message.friendMessage$ReqAllSendPhysical$MsgID;
1523:             2             48  [Lgame.message.friendMessage$ReqDeleteRelation$MsgID;
1524:             2             48  [Lgame.message.friendMessage$ReqDimSelect$MsgID;
1525:             2             48  [Lgame.message.friendMessage$ReqGetRelationList$MsgID;
1526:             2             48  [Lgame.message.friendMessage$ReqOneKeyReceive$MsgID;
1527:             2             48  [Lgame.message.friendMessage$ReqReceivePhysical$MsgID;
1528:             2             48  [Lgame.message.friendMessage$ReqSendItemAddIntimacy$MsgID;
1529:             2             48  [Lgame.message.friendMessage$ReqSendPhysical$MsgID;
1530:             2             48  [Lgame.message.heartMessage$ReqHeart$MsgID;
1531:             2             48  [Lgame.message.heartMessage$ReqReallyHeart$MsgID;
1532:             2             48  [Lgame.message.heartMessage$ReqReconnect$MsgID;
1533:             2             48  [Lgame.message.heartMessage$ReqSetReconnectSignSuccess$MsgID;
1534:             2             48  [Lgame.message.kingPalaceMessage$ReqAllRefuseKpApply$MsgID;
1535:             2             48  [Lgame.message.kingPalaceMessage$ReqAllRefuseKpRequest$MsgID;
1536:             2             48  [Lgame.message.kingPalaceMessage$ReqCreateKingPalace$MsgID;
1537:             2             48  [Lgame.message.kingPalaceMessage$ReqJoinKingPalace$MsgID;
1538:             2             48  [Lgame.message.kingPalaceMessage$ReqJoinRequestKingPalace$MsgID;
1539:             2             48  [Lgame.message.kingPalaceMessage$ReqKingPalaceRequestList$MsgID;
1540:             2             48  [Lgame.message.kingPalaceMessage$ReqKpApplyList$MsgID;
1541:             2             48  [Lgame.message.kingPalaceMessage$ReqKpAppointments$MsgID;
1542:             2             48  [Lgame.message.kingPalaceMessage$ReqKpDonateNum$MsgID;
1543:             2             48  [Lgame.message.kingPalaceMessage$ReqKpDonation$MsgID;
1544:             2             48  [Lgame.message.kingPalaceMessage$ReqKpGuildList$MsgID;
1545:             2             48  [Lgame.message.kingPalaceMessage$ReqKpGuildQuit$MsgID;
1546:             2             48  [Lgame.message.kingPalaceMessage$ReqKpInvitedGuild$MsgID;
1547:             2             48  [Lgame.message.kingPalaceMessage$ReqKpKickGuild$MsgID;
1548:             2             48  [Lgame.message.kingPalaceMessage$ReqKpKingAbdicated$MsgID;
1549:             2             48  [Lgame.message.kingPalaceMessage$ReqKpLogList$MsgID;
1550:             2             48  [Lgame.message.kingPalaceMessage$ReqMemberMoreInfo$MsgID;
1551:             2             48  [Lgame.message.kingPalaceMessage$ReqMineKpInfo$MsgID;
1552:             2             48  [Lgame.message.kingPalaceMessage$ReqModIcon$MsgID;
1553:             2             48  [Lgame.message.kingPalaceMessage$ReqModName$MsgID;
1554:             2             48  [Lgame.message.kingPalaceMessage$ReqModifyKpInfo$MsgID;
1555:             2             48  [Lgame.message.kingPalaceMessage$ReqOfficerMoreInfo$MsgID;
1556:             2             48  [Lgame.message.kingPalaceMessage$ReqPalaceList$MsgID;
1557:             2             48  [Lgame.message.kingPalaceMessage$ReqRefuseKpApply$MsgID;
1558:             2             48  [Lgame.message.kingPalaceMessage$ReqRefuseKpRequest$MsgID;
1559:             2             48  [Lgame.message.kingPalaceMessage$ReqSureKpApply$MsgID;
1560:             2             48  [Lgame.message.kingPalaceMessage$ReqUpKingPalace$MsgID;
1561:             2             48  [Lgame.message.mailMessage$ReqGetRemainMailList$MsgID;
1562:             2             48  [Lgame.message.mailMessage$ReqOneClickDeleteMail$MsgID;
1563:             2             48  [Lgame.message.mailMessage$ReqOneClickReceiveMailAttach$MsgID;
1564:             2             48  [Lgame.message.mailMessage$ReqReadMail$MsgID;
1565:             2             48  [Lgame.message.mailMessage$ReqReceiveSingleMailAttach$MsgID;
1566:             2             48  [Lgame.message.marketMessage$ReqBuyMarketItem$MsgID;
1567:             2             48  [Lgame.message.marketMessage$ReqCoinList$MsgID;
1568:             2             48  [Lgame.message.marketMessage$ReqDownItem$MsgID;
1569:             2             48  [Lgame.message.marketMessage$ReqGetMarketCoin$MsgID;
1570:             2             48  [Lgame.message.marketMessage$ReqMarketSort$MsgID;
1571:             2             48  [Lgame.message.marketMessage$ReqMyMarketList$MsgID;
1572:             2             48  [Lgame.message.marketMessage$ReqMyMarketLogList$MsgID;
1573:             2             48  [Lgame.message.marketMessage$ReqSellItemList$MsgID;
1574:             2             48  [Lgame.message.marketMessage$ReqUpItem$MsgID;
1575:             2             48  [Lgame.message.npcMessage$ReqClickNpc$MsgID;
1576:             2             48  [Lgame.message.npcMessage$ReqNpcFunction$MsgID;
1577:             2             48  [Lgame.message.npcMessage$ReqNpcFunctions$MsgID;
1578:             2             48  [Lgame.message.prayMessage$ReqBindGoldPray$MsgID;
1579:             2             48  [Lgame.message.prayMessage$ReqBindMoneyPray$MsgID;
1580:             2             48  [Lgame.message.prayMessage$ReqGoldPray$MsgID;
1581:             2             48  [Lgame.message.prayMessage$ReqOpenPrayPanel$MsgID;
1582:             2             48  [Lgame.message.questionMessage$ReqPlayerAnswer$MsgID;
1583:             2             48  [Lgame.message.questionMessage$ReqPlayerQuestionsCount$MsgID;
1584:             2             48  [Lgame.message.questionMessage$ReqPlayerSendQuestion$MsgID;
1585:             2             48  [Lgame.message.questionMessage$ReqSystemQuestion$MsgID;
1586:             2             48  [Lgame.message.serverMessage$F2GPlayerOutCrossWorldMap$MsgID;
1587:             2             48  [Lgame.message.serverMessage$F2GResRegister$MsgID;
1588:             2             48  [Lgame.message.serverMessage$F2GSynPlayerInfoResult$MsgID;
1589:             2             48  [Lgame.message.serverMessage$G2FNoticeSynRoleInfo$MsgID;
1590:             2             48  [Lgame.message.serverMessage$G2FReqRegister$MsgID;
1591:             2             48  [Lgame.message.serverMessage$G2FSynPlayerInfo$MsgID;
1592:             2             48  [Lgame.message.serverMessage$G2FSynPowerAttAndFace$MsgID;
1593:             2             48  [Lgame.message.serverMessage$P2GCheckCrossInfoRes$MsgID;
1594:             2             48  [Lgame.message.serverMessage$P2GConnectHeartRes$MsgID;
1595:             2             48  [Lgame.message.serverMessage$P2GGMCMDResult$MsgID;
1596:             2             48  [Lgame.message.serverMessage$P2GResFightServer$MsgID;
1597:             2             48  [Lgame.message.serverMessage$P2GResFightServerList$MsgID;
1598:             2             48  [Lgame.message.serverMessage$P2GResRegister$MsgID;
1599:             2             48  [Lgame.message.shopMessage$ReqBuyItem$MsgID;
1600:             2             48  [Lgame.message.shopMessage$ReqGoldShopBuyItem$MsgID;
1601:             2             48  [Lgame.message.shopMessage$ReqGoldShopList$MsgID;
1602:             2             48  [Lgame.message.shopMessage$ReqNpcShopBuyItem$MsgID;
1603:             2             48  [Lgame.message.shopMessage$ReqNpcShopList$MsgID;
1604:             2             48  [Lgame.message.shopMessage$ReqRefreshShop$MsgID;
1605:             2             48  [Lgame.message.shopMessage$ReqSellMyBagItem$MsgID;
1606:             2             48  [Lgame.message.shopMessage$ReqShengMiBuyItem$MsgID;
1607:             2             48  [Lgame.message.shopMessage$ReqShengMiFresh$MsgID;
1608:             2             48  [Lgame.message.shopMessage$ReqShopList$MsgID;
1609:             2             48  [Lgame.message.shopMessage$ReqShopSubList$MsgID;
1610:             2             48  [Lgame.message.storeMessage$ReqBagToStore$MsgID;
1611:             2             48  [Lgame.message.storeMessage$ReqOpenStoreCell$MsgID;
1612:             2             48  [Lgame.message.storeMessage$ReqStoreClearUp$MsgID;
1613:             2             48  [Lgame.message.storeMessage$ReqStoreMoveItem$MsgID;
1614:             2             48  [Lgame.message.storeMessage$ReqStoreToBag$MsgID;
1615:             2             48  [Lgame.message.taskMessage$ReqChangeTaskState$MsgID;
1616:             2             48  [Lgame.message.taskMessage$ReqCheckTaskIsFinish$MsgID;
1617:             2             48  [Lgame.message.taskMessage$ReqDailyUpStar$MsgID;
1618:             2             48  [Lgame.message.taskMessage$ReqGiveUpTask$MsgID;
1619:             2             48  [Lgame.message.taskMessage$ReqOneKeyOverTask$MsgID;
1620:             2             48  [Lgame.message.taskMessage$ReqQuickFinish$MsgID;
1621:             2             48  [Lgame.message.taskMessage$ReqReceiveTask$MsgID;
1622:             2             48  [Lgame.message.taskMessage$ReqRefreshTask$MsgID;
1623:             2             48  [Lgame.message.taskMessage$ReqTaskFinish$MsgID;
1624:             1             48  [Ljava.beans.WeakIdentityMap$Entry;
1625:             3             48  [Ljava.lang.annotation.Annotation;
1626:             1             48  [Ljava.lang.invoke.MethodHandleImpl$Intrinsic;
1627:             1             48  [Ljava.math.RoundingMode;
1628:             1             48  [Ljava.util.concurrent.TimeUnit;
1629:             1             48  [Ljavax.tools.StandardLocation;
1630:             1             48  [Ljdk.net.SocketFlow$Status;
1631:             2             48  [Lorg.apache.ibatis.session.LocalCacheScope;
1632:             2             48  [Lorg.apache.logging.log4j.core.appender.ConsoleAppender$Target;
1633:             1             48  [Lorg.apache.logging.log4j.core.appender.rolling.RolloverFrequency;
1634:             2             48  [Lorg.apache.logging.log4j.core.async.ThreadNameCachingStrategy;
1635:             1             48  [[Ljava.lang.Object;
1636:             2             48  com.alibaba.druid.pool.vendor.MySqlValidConnectionChecker
1637:             1             48  com.alibaba.fastjson.parser.ParserConfig
1638:             1             48  com.game.chat.Manager.ChatManager
1639:             3             48  com.game.db.dao.GoldChangeDao
1640:             1             48  com.game.jjc.manager.JJCManager
1641:             1             48  com.game.skill.config.event.PlayPushEvent
1642:             1             48  com.lmax.disruptor.MultiProducerSequencer
1643:             2             48  com.lmax.disruptor.dsl.ProducerType
1644:             3             48  com.mysql.jdbc.Driver
1645:             2             48  com.mysql.jdbc.SingleByteCharsetConverter
1646:             1             48  com.script.clone.activity.YongChuangHaiDaoScript
1647:             1             48  com.script.clone.crossjj.CrossJJScript
1648:             1             48  com.script.clone.resourcewar.ResourceWarScript
1649:             1             48  com.script.fight.FightManagerScript
1650:             2             48  com.sun.jmx.mbeanserver.ClassLoaderRepositorySupport$LoaderEntry
1651:             1             48  com.sun.jmx.mbeanserver.DefaultMXBeanMappingFactory$Mappings
1652:             2             48  com.sun.jmx.mbeanserver.WeakIdentityHashMap
1653:             3             48  com.sun.org.apache.xerces.internal.impl.dv.dtd.ListDatatypeValidator
1654:             2             48  game.core.command.CommandThreadFactory
1655:             3             48  game.core.concurrent.OrderedQueuePool
1656:             1             48  game.message.BackendMessage$ReqActivitySendToFriend
1657:             1             48  game.message.BackendMessage$ReqGetActivityReward
1658:             1             48  game.message.ChatMessage$ReqAddChatRooM
1659:             1             48  game.message.CityWarMessage$ReqCityPostOpt
1660:             1             48  game.message.CopyMapMessage$ReqCopymapCardReward
1661:             1             48  game.message.CopyMapMessage$ReqCopymapReward
1662:             1             48  game.message.CopyMapMessage$cloneStateInfo
1663:             1             48  game.message.CrossFightMessage$F2GKillOtherPlayer
1664:             1             48  game.message.CrossFightMessage$P2GOutFightRoom
1665:             1             48  game.message.CrossResourceWarMessage$P2GResBaoMing
1666:             1             48  game.message.CrossServerMessage$F2GCloneClose
1667:             1             48  game.message.CrossServerMessage$F2GFightEnd
1668:             1             48  game.message.CrossServerMessage$F2GSendReward
1669:             1             48  game.message.CrossServerMessage$F2G_UpMoraleRes
1670:             1             48  game.message.CrossServerMessage$G2FGMdeal
1671:             1             48  game.message.CrossServerMessage$G2FRelive
1672:             1             48  game.message.CrossServerMessage$G2FReqCrossDropItemString
1673:             1             48  game.message.CrossServerMessage$G2F_UpMorale
1674:             1             48  game.message.CrossServerMessage$P2GNoticeEvent
1675:             1             48  game.message.CrossServerMessage$P2GPlayerStateChange
1676:             1             48  game.message.CrossjjcMessage$P2GCrossRankInfoRes
1677:             1             48  game.message.CrossjjcMessage$P2GUpdateCrossJJCTime
1678:             1             48  game.message.EquipMessage$ReqEquipFusion
1679:             1             48  game.message.EquipMessage$ReqEquipRefining
1680:             1             48  game.message.EquipMessage$ReqEquipSkillInheritance
1681:             1             48  game.message.EquipMessage$ReqEquipTrain
1682:             1             48  game.message.GuildMessage$ReqAuctionItem
1683:             1             48  game.message.GuildMessage$ReqChangeGuildSetting
1684:             1             48  game.message.GuildMessage$ReqCreateGuild
1685:             1             48  game.message.GuildMessage$ReqMasterReceive
1686:             1             48  game.message.GuildMessage$ReqSetRank
1687:             1             48  game.message.MapMessage$ReqDirMove
1688:             1             48  game.message.MapMessage$ReqMoveTo
1689:             1             48  game.message.RedPacketMessage$ReqSendMineRechargeRedpacket
1690:             1             48  game.message.RedPacketMessage$ReqSendRedpacket
1691:             1             48  game.message.RegisterMessage$ReqLoadFinish
1692:             1             48  game.message.ScuffleMessage$P2GResCrossleMatchFailure
1693:             1             48  game.message.ShituMessage$ReqCall
1694:             1             48  game.message.ShituMessage$ReqResponseCall
1695:             1             48  game.message.SoulMessage$ReqSmeltSoul
1696:             1             48  game.message.TeamMessage$ReqApplyOpt
1697:             1             48  game.message.TeamMessage$ReqTeamOpt
1698:             1             48  game.message.TradeMessage$ReqTradeItem
1699:             1             48  game.message.backpackMessage$ReqMoveItem
1700:             1             48  game.message.backpackMessage$ReqSellItems
1701:             1             48  game.message.backpackMessage$ReqUseItem
1702:             1             48  game.message.friendMessage$ReqSendItemAddIntimacy
1703:             1             48  game.message.heartMessage$ReqReconnect
1704:             1             48  game.message.kingPalaceMessage$ReqCreateKingPalace
1705:             1             48  game.message.kingPalaceMessage$ReqKpDonation
1706:             1             48  game.message.kingPalaceMessage$ReqKpGuildList
1707:             1             48  game.message.kingPalaceMessage$ReqKpGuildQuit
1708:             1             48  game.message.kingPalaceMessage$ReqKpInvitedGuild
1709:             1             48  game.message.kingPalaceMessage$ReqKpKickGuild
1710:             1             48  game.message.kingPalaceMessage$ReqKpKingAbdicated
1711:             1             48  game.message.kingPalaceMessage$ReqModIcon
1712:             1             48  game.message.kingPalaceMessage$ReqModName
1713:             1             48  game.message.kingPalaceMessage$ReqModifyKpInfo
1714:             1             48  game.message.marketMessage$ReqBuyMarketItem
1715:             1             48  game.message.npcMessage$ReqNpcFunction
1716:             1             48  game.message.questionMessage$ReqPlayerSendQuestion
1717:             1             48  game.message.serverMessage$G2PConnectHeart
1718:             1             48  game.message.serverMessage$P2GCheckCrossInfoRes
1719:             1             48  game.message.serverMessage$P2GGMCMDResult
1720:             1             48  game.message.serverMessage$fightServerInfo
1721:             1             48  game.message.shopMessage$ReqBuyItem
1722:             1             48  game.message.shopMessage$ReqGoldShopBuyItem
1723:             1             48  game.message.shopMessage$ReqNpcShopBuyItem
1724:             1             48  game.message.shopMessage$ReqShopList
1725:             1             48  game.message.storeMessage$ReqStoreMoveItem
1726:             1             48  game.message.taskMessage$ReqGiveUpTask
1727:             1             48  io.netty.bootstrap.AbstractBootstrap$PendingRegistrationPromise
1728:             1             48  io.netty.bootstrap.Bootstrap
1729:             2             48  io.netty.bootstrap.ServerBootstrap$ServerBootstrapAcceptor$1
1730:             3             48  io.netty.buffer.PooledByteBufAllocatorMetric
1731:             2             48  io.netty.channel.ChannelMetadata
1732:             3             48  io.netty.channel.ReflectiveChannelFactory
1733:             3             48  io.netty.channel.nio.AbstractNioChannel$1
1734:             3             48  io.netty.util.concurrent.SingleThreadEventExecutor$5
1735:             2             48  java.io.File$PathStatus
1736:             3             48  java.lang.Float
1737:             2             48  java.lang.StringBuffer
1738:             1             48  java.lang.invoke.BoundMethodHandle$Species_L4
1739:             2             48  java.lang.reflect.ReflectPermission
1740:             2             48  java.net.InetAddress$Cache
1741:             2             48  java.net.InetAddress$Cache$Type
1742:             2             48  java.net.InetAddress$CacheEntry
1743:             2             48  java.net.InterfaceAddress
1744:             1             48  java.net.NetworkInterface
1745:             2             48  java.net.StandardProtocolFamily
1746:             3             48  java.nio.channels.spi.AbstractSelector$1
1747:             2             48  java.nio.charset.CoderResult
1748:             3             48  java.nio.charset.CodingErrorAction
1749:             3             48  java.text.AttributedCharacterIterator$Attribute
1750:             3             48  java.util.HashMap$Values
1751:             3             48  java.util.Hashtable$EntrySet
1752:             3             48  java.util.Timer$1
1753:             1             48  java.util.concurrent.locks.ReentrantReadWriteLock$FairSync
1754:             2             48  java.util.logging.Logger$LoggerBundle
1755:             2             48  java.util.regex.Pattern$5
1756:             2             48  org.apache.commons.lang.time.FastDateFormat$TextField
1757:             2             48  org.apache.ibatis.mapping.ResultFlag
1758:             3             48  org.apache.ibatis.plugin.InterceptorChain
1759:             3             48  org.apache.ibatis.scripting.defaults.RawLanguageDriver
1760:             3             48  org.apache.ibatis.scripting.xmltags.XMLLanguageDriver
1761:             2             48  org.apache.ibatis.session.LocalCacheScope
1762:             3             48  org.apache.ibatis.session.defaults.DefaultSqlSessionFactory
1763:             3             48  org.apache.ibatis.transaction.jdbc.JdbcTransactionFactory
1764:             3             48  org.apache.ibatis.type.TypeAliasRegistry
1765:             1             48  org.apache.ibatis.type.TypeHandlerRegistry$1
1766:             1             48  org.apache.log4j.Hierarchy
1767:             2             48  org.apache.log4j.helpers.OnlyOnceErrorHandler
1768:             1             48  org.apache.log4j.helpers.PatternParser
1769:             1             48  org.apache.logging.log4j.core.LoggerContext
1770:             1             48  org.apache.logging.log4j.core.appender.ConsoleAppender
1771:             2             48  org.apache.logging.log4j.core.config.ConfigurationScheduler
1772:             2             48  org.apache.logging.log4j.core.config.plugins.util.PluginManager
1773:             2             48  org.apache.logging.log4j.core.config.status.StatusConfiguration$Verbosity
1774:             3             48  org.apache.logging.log4j.core.lookup.StrMatcher$StringMatcher
1775:             2             48  org.apache.logging.log4j.core.pattern.LoggerPatternConverter
1776:             2             48  org.apache.logging.log4j.core.util.DummyNanoClock
1777:             1             48  org.apache.logging.log4j.simple.SimpleLogger
1778:             1             48  org.apache.logging.log4j.status.StatusLogger
1779:             2             48  sun.management.ManagementFactoryHelper$1
1780:             2             48  sun.misc.JarIndex
1781:             2             48  sun.misc.NativeSignalHandler
1782:             2             48  sun.misc.URLClassPath$FileLoader
1783:             1             48  sun.net.www.http.KeepAliveCache
1784:             2             48  sun.nio.fs.NativeBuffer$Deallocator
1785:             2             48  sun.security.jca.ProviderList
1786:             2             48  sun.security.jca.ProviderList$3
1787:             2             48  sun.util.locale.LocaleExtensions
1788:             1             40  [Lcom.mysql.jdbc.DatabaseMetaData$TableType;
1789:             2             40  [Lcom.sun.jmx.mbeanserver.ClassLoaderRepositorySupport$LoaderEntry;
1790:             1             40  [Lcom.sun.org.apache.xalan.internal.utils.FeaturePropertyBase$State;
1791:             1             40  [Lcom.sun.org.apache.xerces.internal.util.Status;
1792:             1             40  [Lcom.sun.org.apache.xerces.internal.utils.XMLSecurityManager$State;
1793:             1             40  [Lcom.sun.org.apache.xerces.internal.utils.XMLSecurityPropertyManager$State;
1794:             1             40  [Lgame.core.dblog.TableCheckStepEnum;
1795:             1             40  [Ljava.lang.management.MemoryPoolMXBean;
1796:             1             40  [Ljava.nio.charset.Charset;
1797:             1             40  [Lorg.apache.logging.log4j.core.LifeCycle$State;
1798:             1             40  [Lorg.apache.logging.log4j.core.appender.rolling.FileExtension;
1799:             1             40  [Lorg.apache.logging.log4j.core.pattern.PatternParser$ParserState;
1800:             1             40  [Lsun.util.locale.provider.LocaleProviderAdapter$Type;
1801:             1             40  [[Ljava.lang.invoke.LambdaForm$Name;
1802:             1             40  com.alibaba.fastjson.parser.deserializer.FastjsonASMDeserializer_1_CopyMapServerParam
1803:             1             40  com.game.boss.manager.BossManager
1804:             1             40  com.game.citywar.manager.CityManager
1805:             1             40  com.game.crossjjc.manager.CrossJJCManager
1806:             1             40  com.game.kingpalace.manager.KingPalaceManager
1807:             1             40  com.game.markets.manager.MarketManager
1808:             1             40  com.game.questions.manager.QuestionManager
1809:             1             40  com.game.redpacket.manager.RedPacketManager
1810:             1             40  com.game.server.GameServer$3
1811:             1             40  com.game.server.GameServer$4
1812:             1             40  com.game.server.GameServer$5
1813:             1             40  com.game.server.GameServer$6
1814:             1             40  com.game.server.GameServer$7
1815:             1             40  com.game.task.manager.TaskManager
1816:             1             40  com.lmax.disruptor.BatchEventProcessor
1817:             1             40  com.script.clone.activity.ZhanYaoChuMoScript
1818:             1             40  com.script.clone.crosswar.CrossGloryScript
1819:             1             40  com.script.copyMap.DailyActivity.DailyCoinScript
1820:             1             40  com.script.guild.GuildMapScript
1821:             1             40  com.script.jjc.JJCCloneScript
1822:             1             40  com.sun.beans.finder.MethodFinder$1
1823:             1             40  com.sun.jmx.interceptor.DefaultMBeanServerInterceptor
1824:             1             40  com.sun.jmx.mbeanserver.JmxMBeanServer
1825:             1             40  com.sun.jmx.mbeanserver.MBeanServerDelegateImpl
1826:             1             40  game.core.net.Config.ServerConfig
1827:             1             40  game.core.net.server.SocketServer
1828:             1             40  game.message.AchievementMessage$ReqGetAchievement
1829:             1             40  game.message.BossHomeMessage$ReqBossHomeInfo
1830:             1             40  game.message.BossMessage$ReqBossInfo
1831:             1             40  game.message.CardMessage$ReqGetAward
1832:             1             40  game.message.CardMessage$ReqGetCardLevel
1833:             1             40  game.message.CardMessage$ReqSmelt
1834:             1             40  game.message.ChatMessage$ChatGetContentCS
1835:             1             40  game.message.ChatMessage$ReqChatRoom
1836:             1             40  game.message.ChatMessage$ReqExitChatRoom
1837:             1             40  game.message.CityWarMessage$ReqEnterCityWar
1838:             1             40  game.message.CityWarMessage$ReqOpenSignUpUi
1839:             1             40  game.message.CityWarMessage$ReqPardon
1840:             1             40  game.message.CityWarMessage$ReqSignUp
1841:             1             40  game.message.CommonMessage$Position
1842:             1             40  game.message.CopyMapMessage$ReqCloneFightInfo
1843:             1             40  game.message.CopyMapMessage$ReqOpenPanel
1844:             1             40  game.message.CopyMapMessage$ReqUpMorale
1845:             1             40  game.message.CopyMapMessage$ResSingleCloneStateChange
1846:             1             40  game.message.CrossCampWarMessage$G2FReqCampwarMidHarmlist
1847:             1             40  game.message.CrossCampWarMessage$G2FReqOutlandCloneInfo
1848:             1             40  game.message.CrossFightMessage$ReqGetBravegloryDayReward
1849:             1             40  game.message.CrossFightMessage$ReqOutFightRoom
1850:             1             40  game.message.CrossServerMessage$F2GReliveRes
1851:             1             40  game.message.CrossServerMessage$F2GTaskRresh
1852:             1             40  game.message.CrossServerMessage$G2FOnEnterMapAgain
1853:             1             40  game.message.CrossServerMessage$G2FSynPlayerOut
1854:             1             40  game.message.CrossjjcMessage$G2FJJcSurrender
1855:             1             40  game.message.CrossjjcMessage$P2GfaildEnterCrossJJC
1856:             1             40  game.message.DailyactiveMessage$ReqGetActiveReward
1857:             1             40  game.message.DailyactiveMessage$ReqUpAcRune
1858:             1             40  game.message.EquipMessage$ReqEquipReset
1859:             1             40  game.message.EquipMessage$ReqEquipSwitch
1860:             1             40  game.message.EquipMessage$ReqEquipUnWear
1861:             1             40  game.message.EquipMessage$ReqEquipWear
1862:             1             40  game.message.EquipMessage$ReqPartUpStar
1863:             1             40  game.message.FashionMessage$ReqActive
1864:             1             40  game.message.FashionMessage$ReqDress
1865:             1             40  game.message.FashionMessage$ReqStarUp
1866:             1             40  game.message.FightMessage$ReqChangeAttackDir
1867:             1             40  game.message.FightMessage$ReqFlyPetCloneAttack
1868:             1             40  game.message.FightMessage$ReqRollMove
1869:             1             40  game.message.GenesisTempleMessage$P2GSubmitCloneOverInfo
1870:             1             40  game.message.GenesisTempleMessage$ReqGenesisTemplePanel
1871:             1             40  game.message.GenesisTempleMessage$ReqGenesisTempleTopList
1872:             1             40  game.message.GmMessage$GmCommandClientToServer
1873:             1             40  game.message.GuildMessage$ReqAnswer
1874:             1             40  game.message.GuildMessage$ReqBuySkillStudyTime
1875:             1             40  game.message.GuildMessage$ReqChangeGuildName
1876:             1             40  game.message.GuildMessage$ReqDealApplyInfo
1877:             1             40  game.message.GuildMessage$ReqDealInviteInfo
1878:             1             40  game.message.GuildMessage$ReqDonate
1879:             1             40  game.message.GuildMessage$ReqFindGuild
1880:             1             40  game.message.GuildMessage$ReqGuildBossWarDone
1881:             1             40  game.message.GuildMessage$ReqGuildSendEmailNotice
1882:             1             40  game.message.GuildMessage$ReqGuildStudySkill
1883:             1             40  game.message.GuildMessage$ReqInvitePlayer
1884:             1             40  game.message.GuildMessage$ReqJoinGuild
1885:             1             40  game.message.GuildMessage$ReqKickOutGuild
1886:             1             40  game.message.GuildMessage$ReqLearnSkill
1887:             1             40  game.message.GuildMessage$ReqOpenaAuctionPanel
1888:             1             40  game.message.GuildMessage$ReqReceiveIntegralReward
1889:             1             40  game.message.GuildMessage$ReqRecommendGuild
1890:             1             40  game.message.GuildMessage$ReqUpBuildingLevel
1891:             1             40  game.message.GuildMessage$ReqVictoryReward
1892:             1             40  game.message.HorseMessage$ReqActiveMythical
1893:             1             40  game.message.HorseMessage$ReqChangeHorse
1894:             1             40  game.message.HorseMessage$ReqChangeRideState
1895:             1             40  game.message.HorseMessage$ReqFlyAction
1896:             1             40  game.message.HorseMessage$ReqGetMythicalFragment
1897:             1             40  game.message.HorseMessage$ReqInviteOtherPlayerForRide
1898:             1             40  game.message.HorseMessage$ReqInviteResult
1899:             1             40  game.message.HorseMessage$ReqMythicalInfo
1900:             1             40  game.message.HorseMessage$ReqOtherPlayerHorse
1901:             1             40  game.message.HorseMessage$ReqRideMythical
1902:             1             40  game.message.HorseMessage$ReqTrainMythical
1903:             1             40  game.message.HorseMessage$ReqUpdateHight
1904:             1             40  game.message.JJCMessage$ReqChallenge
1905:             1             40  game.message.MapMessage$ReqCineMatic
1906:             1             40  game.message.MapMessage$ReqGather
1907:             1             40  game.message.MapMessage$ReqGroundBuffStar
1908:             1             40  game.message.MapMessage$ReqJumpBlock
1909:             1             40  game.message.MapMessage$ReqJumpDown
1910:             1             40  game.message.MapMessage$ReqRelive
1911:             1             40  game.message.MapMessage$ReqSelectLine
1912:             1             40  game.message.MapMessage$ReqStopMove
1913:             1             40  game.message.MapMessage$ReqTransport
1914:             1             40  game.message.MarriageMessage$ReqGetMarried
1915:             1             40  game.message.MarriageMessage$ReqGoWedding
1916:             1             40  game.message.MarriageMessage$ReqHoldWedding
1917:             1             40  game.message.MarriageMessage$ReqSendWhisper
1918:             1             40  game.message.MarriageMessage$ReqUnMarried
1919:             1             40  game.message.MarriageMessage$ReqUnderwayWeddingList
1920:             1             40  game.message.MarriageMessage$ReqUpCoupleAttribute
1921:             1             40  game.message.MarriageMessage$ReqUpCoupleSkill
1922:             1             40  game.message.NewServerActivityMessage$ReqGetReward
1923:             1             40  game.message.PetMessage$ReqAttachSoul
1924:             1             40  game.message.PetMessage$ReqCatchSoul
1925:             1             40  game.message.PetMessage$ReqChangePetState
1926:             1             40  game.message.PetMessage$ReqEnterPetIsland
1927:             1             40  game.message.PetMessage$ReqPetAction
1928:             1             40  game.message.PetMessage$ReqRuneUp
1929:             1             40  game.message.PetMessage$ReqSpiritUp
1930:             1             40  game.message.PlayerMessage$ReqChangeBirthGroup
1931:             1             40  game.message.PlayerMessage$ReqChangeRoleName
1932:             1             40  game.message.PlayerMessage$ReqChoseBirthGroup
1933:             1             40  game.message.PlayerMessage$ReqLookOtherPlayer
1934:             1             40  game.message.PlayerMessage$ReqPracticeGet
1935:             1             40  game.message.PlayerMessage$ReqUpdataPkState
1936:             1             40  game.message.PlayerMessage$ReqUpdateMainUIGuideID
1937:             1             40  game.message.PlayerMessage$ReqUseActiveCode
1938:             1             40  game.message.RankListMessage$ReqRankInfo
1939:             1             40  game.message.RankListMessage$ReqRankPlayerImageInfo
1940:             1             40  game.message.RankListMessage$ReqWorship
1941:             1             40  game.message.RechargeMessage$ReqGetFirstRechargeAward
1942:             1             40  game.message.RechargeMessage$ReqGetRechargeGold
1943:             1             40  game.message.RedPacketMessage$ReqClickRedpacket
1944:             1             40  game.message.RedPacketMessage$ReqGetRedPacketInfo
1945:             1             40  game.message.RegisterMessage$ReqCreateCharacter
1946:             1             40  game.message.RegisterMessage$ReqDeleteRole
1947:             1             40  game.message.RegisterMessage$ReqRegainRole
1948:             1             40  game.message.RegisterMessage$ReqSelectCharacter
1949:             1             40  game.message.ScuffleMessage$ReqGetDayWinCountReward
1950:             1             40  game.message.ShituMessage$ReqApply
1951:             1             40  game.message.ShituMessage$ReqInvite
1952:             1             40  game.message.ShituMessage$ReqKickOut
1953:             1             40  game.message.ShituMessage$ReqOpenMasterHallowsPanl
1954:             1             40  game.message.ShituMessage$ReqRefreshRecommend
1955:             1             40  game.message.ShituMessage$ReqRefuseAll
1956:             1             40  game.message.ShituMessage$ReqResponseApply
1957:             1             40  game.message.ShituMessage$ReqResponseInvite
1958:             1             40  game.message.ShituMessage$ReqSearch
1959:             1             40  game.message.ShituMessage$ReqUpMasterHallows
1960:             1             40  game.message.SkillMessage$ReqUpSkill
1961:             1             40  game.message.SoulMessage$ReqWearSoul
1962:             1             40  game.message.StrongerMessage$ReqDailyRechargeReward
1963:             1             40  game.message.TeamMessage$ReqAgreeCall
1964:             1             40  game.message.TeamMessage$ReqApplyEnter
1965:             1             40  game.message.TeamMessage$ReqCreateTeam
1966:             1             40  game.message.TeamMessage$ReqGetFreedomList
1967:             1             40  game.message.TeamMessage$ReqGetWaitList
1968:             1             40  game.message.TeamMessage$ReqInvite
1969:             1             40  game.message.TeamMessage$ReqMatchAll
1970:             1             40  game.message.TianqibaokuMessage$P2GreturnBaokuInfo
1971:             1             40  game.message.TianqibaokuMessage$ReqBaokuToBackpack
1972:             1             40  game.message.TianqibaokuMessage$ReqExchangeBaokuItem
1973:             1             40  game.message.TianqibaokuMessage$ReqGetBaokuReward
1974:             1             40  game.message.TianqibaokuMessage$ResBaokuGold
1975:             1             40  game.message.TitleMessage$ReqActiveTitle
1976:             1             40  game.message.TitleMessage$ReqDownPicTitle
1977:             1             40  game.message.TitleMessage$ReqUsePicTitle
1978:             1             40  game.message.TitleMessage$ReqUseTitle
1979:             1             40  game.message.TradeMessage$ReqTradeApply
1980:             1             40  game.message.TradeMessage$ReqTradeCancel
1981:             1             40  game.message.TradeMessage$ReqUnloadTradeItem
1982:             1             40  game.message.UpdateRewardMessage$ReqGetUpdateReward
1983:             1             40  game.message.VipMessage$ReqGetGift
1984:             1             40  game.message.WelfareMessage$ReqCardReward
1985:             1             40  game.message.WelfareMessage$ReqGetContinuousLoginReward
1986:             1             40  game.message.WelfareMessage$ReqGetLevelReward
1987:             1             40  game.message.WelfareMessage$ReqOneKeyRetrieveRes
1988:             1             40  game.message.WelfareMessage$ReqOpenWelfarePanel
1989:             1             40  game.message.WelfareMessage$ReqReceiveGrowthFind
1990:             1             40  game.message.WelfareMessage$ReqRetrieveRes
1991:             1             40  game.message.WelfareMessage$ReqSign
1992:             1             40  game.message.WingMessage$ReqActiveMagicFeather
1993:             1             40  game.message.WingMessage$ReqChangeWing
1994:             1             40  game.message.WingMessage$ReqGetMagicFeatherFragment
1995:             1             40  game.message.WingMessage$ReqMagicFeatherInfo
1996:             1             40  game.message.WingMessage$ReqOtherPlayerWingInfo
1997:             1             40  game.message.WingMessage$ReqTrainMagicFeather
1998:             1             40  game.message.WingMessage$ReqWearMagicFeather
1999:             1             40  game.message.ZoneMessage$ReqEnterZone
2000:             1             40  game.message.ZoneMessage$ReqGuideBlockOpen
2001:             1             40  game.message.ZoneMessage$ReqGuideNo
2002:             1             40  game.message.ZoneMessage$ReqReadyZone
2003:             1             40  game.message.ZoneMessage$ReqSweepZone
2004:             1             40  game.message.ZoneMessage$ReqTeamAcceptEnterZone
2005:             1             40  game.message.backpackMessage$ReqCompound
2006:             1             40  game.message.backpackMessage$ReqDelItem
2007:             1             40  game.message.backpackMessage$ReqOpenBagCell
2008:             1             40  game.message.cloakMessage$ReqChangeWearCloak
2009:             1             40  game.message.cloakMessage$ReqCloakSkillUp
2010:             1             40  game.message.cloakMessage$ReqOpenCloakSkillPanel
2011:             1             40  game.message.cloakMessage$ReqRuneUp
2012:             1             40  game.message.dragoonMessage$ReqActiveDragoon
2013:             1             40  game.message.dragoonMessage$ReqUpDragoon
2014:             1             40  game.message.dragoonMessage$ReqUpDragoonSkill
2015:             1             40  game.message.dragoonMessage$ReqUseDragoon
2016:             1             40  game.message.friendMessage$ReqAddRelation
2017:             1             40  game.message.friendMessage$ReqDeleteRelation
2018:             1             40  game.message.friendMessage$ReqDimSelect
2019:             1             40  game.message.friendMessage$ReqGetRelationList
2020:             1             40  game.message.friendMessage$ReqReceivePhysical
2021:             1             40  game.message.friendMessage$ReqSendPhysical
2022:             1             40  game.message.heartMessage$ReqHeart
2023:             1             40  game.message.kingPalaceMessage$ReqJoinKingPalace
2024:             1             40  game.message.kingPalaceMessage$ReqJoinRequestKingPalace
2025:             1             40  game.message.kingPalaceMessage$ReqKpDonateNum
2026:             1             40  game.message.kingPalaceMessage$ReqKpLogList
2027:             1             40  game.message.kingPalaceMessage$ReqMemberMoreInfo
2028:             1             40  game.message.kingPalaceMessage$ReqOfficerMoreInfo
2029:             1             40  game.message.kingPalaceMessage$ReqPalaceList
2030:             1             40  game.message.kingPalaceMessage$ReqRefuseKpApply
2031:             1             40  game.message.kingPalaceMessage$ReqRefuseKpRequest
2032:             1             40  game.message.kingPalaceMessage$ReqSureKpApply
2033:             1             40  game.message.kingPalaceMessage$ReqUpKingPalace
2034:             1             40  game.message.mailMessage$ReqReadMail
2035:             1             40  game.message.mailMessage$ReqReceiveSingleMailAttach
2036:             1             40  game.message.marketMessage$ReqDownItem
2037:             1             40  game.message.marketMessage$ReqSellItemList
2038:             1             40  game.message.npcMessage$ReqClickNpc
2039:             1             40  game.message.npcMessage$ReqNpcFunctions
2040:             1             40  game.message.serverMessage$F2GResRegister
2041:             1             40  game.message.serverMessage$G2FReqRegister
2042:             1             40  game.message.serverMessage$G2PReqRegister
2043:             1             40  game.message.serverMessage$P2GConnectHeartRes
2044:             1             40  game.message.serverMessage$P2GResRegister
2045:             1             40  game.message.shopMessage$ReqRefreshShop
2046:             1             40  game.message.shopMessage$ReqShengMiBuyItem
2047:             1             40  game.message.shopMessage$ReqShengMiFresh
2048:             1             40  game.message.storeMessage$ReqBagToStore
2049:             1             40  game.message.storeMessage$ReqOpenStoreCell
2050:             1             40  game.message.storeMessage$ReqStoreToBag
2051:             1             40  game.message.taskMessage$ReqChangeTaskState
2052:             1             40  game.message.taskMessage$ReqCheckTaskIsFinish
2053:             1             40  game.message.taskMessage$ReqDailyUpStar
2054:             1             40  game.message.taskMessage$ReqOneKeyOverTask
2055:             1             40  game.message.taskMessage$ReqQuickFinish
2056:             1             40  game.message.taskMessage$ReqReceiveTask
2057:             1             40  game.message.taskMessage$ReqRefreshTask
2058:             1             40  io.netty.channel.socket.nio.NioSocketChannel$NioSocketChannelUnsafe
2059:             1             40  io.netty.handler.codec.ByteToMessageCodec$1
2060:             1             40  io.netty.handler.traffic.GlobalTrafficShapingHandler$PerChannel
2061:             1             40  java.beans.WeakIdentityMap$Entry
2062:             1             40  java.io.BufferedInputStream
2063:             1             40  java.util.PropertyResourceBundle
2064:             1             40  java.util.ResourceBundle$1
2065:             1             40  org.apache.ibatis.cache.NullCacheKey
2066:             1             40  org.apache.ibatis.scripting.xmltags.SetSqlNode
2067:             1             40  org.apache.log4j.helpers.PatternParser$CategoryPatternConverter
2068:             1             40  org.apache.log4j.helpers.PatternParser$DatePatternConverter
2069:             1             40  org.apache.log4j.spi.RootLogger
2070:             1             40  org.apache.logging.log4j.core.appender.OutputStreamManager
2071:             1             40  org.apache.logging.log4j.core.jmx.LoggerContextAdmin
2072:             1             40  org.apache.logging.log4j.core.jmx.StatusLoggerAdmin
2073:             1             40  org.apache.logging.log4j.core.pattern.DatePatternConverter$FixedFormatter
2074:             1             40  sun.management.DiagnosticCommandImpl
2075:             1             40  sun.nio.ch.SocketAdaptor
2076:             1             40  sun.nio.cs.StandardCharsets$Aliases
2077:             1             40  sun.nio.cs.StandardCharsets$Cache
2078:             1             40  sun.nio.cs.StandardCharsets$Classes
2079:             1             40  sun.nio.cs.ext.ExtendedCharsets
2080:             1             40  sun.util.logging.resources.logging
2081:             1             32  [Lcom.game.db.DBFactory;
2082:             1             32  [Lcom.game.map.structs.VolumeType;
2083:             1             32  [Lcom.sun.beans.util.Cache$Kind;
2084:             1             32  [Lcom.sun.org.apache.xerces.internal.utils.XMLSecurityManager$NameMap;
2085:             1             32  [Lio.netty.buffer.PoolArena$SizeClass;
2086:             1             32  [Lio.netty.util.ResourceLeakDetector$Level;
2087:             2             32  [Ljava.lang.Enum;
2088:             1             32  [Ljava.lang.OutOfMemoryError;
2089:             1             32  [Ljava.lang.management.MemoryManagerMXBean;
2090:             1             32  [Ljava.net.Proxy$Type;
2091:             1             32  [Ljava.nio.file.StandardCopyOption;
2092:             2             32  [Ljava.security.cert.Certificate;
2093:             1             32  [Lorg.apache.ibatis.mapping.ParameterMode;
2094:             1             32  [Lsun.net.www.protocol.http.HttpURLConnection$TunnelState;
2095:             1             32  [Lsun.nio.fs.NativeBuffer;
2096:             1             32  [Lsun.security.provider.NativePRNG$Variant;
2097:             2             32  com.alibaba.druid.pool.DruidDataSource$DestroyTask
2098:             2             32  com.alibaba.druid.pool.DruidDataSourceStatLoggerImpl
2099:             2             32  com.alibaba.druid.pool.vendor.MySqlExceptionSorter
2100:             1             32  com.alibaba.druid.proxy.DruidDriver
2101:             2             32  com.alibaba.fastjson.parser.deserializer.JSONPDeserializer
2102:             2             32  com.alibaba.fastjson.parser.deserializer.SqlDateDeserializer
2103:             2             32  com.game.db.dao.FriendDao
2104:             2             32  com.game.db.dao.GuildDao
2105:             2             32  com.game.db.dao.MailDao
2106:             2             32  com.game.db.dao.MarriageDao
2107:             2             32  com.game.db.dao.MarriageRankDao
2108:             2             32  com.game.db.dao.MasterDao
2109:             2             32  com.game.db.dao.NewServerDao
2110:             2             32  com.game.db.dao.PlayerWorldInfoDao
2111:             2             32  com.game.db.dao.RankPlayerDao
2112:             2             32  com.game.db.dao.UserActivityDao
2113:             2             32  com.game.db.dao.WeddingDao
2114:             2             32  com.game.db.dao.copymaprewardDao
2115:             2             32  com.game.db.dao.kingpalaceDao
2116:             2             32  com.game.db.dao.marketLogDao
2117:             2             32  com.game.db.dao.marketsDao
2118:             2             32  com.game.db.dao.redpacketDao
2119:             2             32  com.game.db.dao.roleActivityDao
2120:             2             32  com.game.db.dao.serverParamDao
2121:             2             32  com.game.db.dao.shoptcocDao
2122:             1             32  com.game.guild.manager.GuildsManager
2123:             1             32  com.game.ranklist.manager.RankListManager
2124:             1             32  com.game.register.manager.RegisterManager
2125:             1             32  com.game.server.filter.InnerHandlerAdapter
2126:             1             32  com.game.shop.manager.ShopManager
2127:             1             32  com.game.soul.manager.SoulManager
2128:             1             32  com.lmax.disruptor.ProcessingSequenceBarrier
2129:             1             32  com.lmax.disruptor.TimeoutBlockingWaitStrategy
2130:             1             32  com.lmax.disruptor.TimeoutException
2131:             1             32  com.lmax.disruptor.dsl.Disruptor
2132:             1             32  com.lmax.disruptor.dsl.EventProcessorInfo
2133:             1             32  com.script.clone.activity.ZhengFengXiangDuiScript
2134:             1             32  com.script.clone.crosscampwar.CrossCampWarScript
2135:             1             32  com.script.copyMap.BaoKuTanMi.BaoKuTanMiScript
2136:             1             32  com.script.copyMap.PKofKing.pkofKing
2137:             1             32  com.script.copyMap.marriage.MarriageCloneScript
2138:             1             32  com.script.friend.FriendScript
2139:             1             32  com.script.guild.GuildWarScript
2140:             1             32  com.script.pushmess.PushMessageScript
2141:             1             32  com.script.shitu.ShiTuScriptManager
2142:             2             32  com.sun.beans.WeakCache
2143:             1             32  com.sun.beans.finder.BeanInfoFinder
2144:             1             32  com.sun.jmx.mbeanserver.Repository
2145:             1             32  com.sun.org.apache.xalan.internal.utils.FeatureManager$Feature
2146:             1             32  com.sun.org.apache.xerces.internal.impl.XMLEntityScanner$1
2147:             2             32  com.sun.org.apache.xerces.internal.impl.dv.dtd.ENTITYDatatypeValidator
2148:             2             32  com.sun.proxy.$Proxy18
2149:             2             32  com.sun.proxy.$Proxy22
2150:             1             32  game.core.dblog.LogService
2151:             1             32  game.core.net.codec.InnerMessageCodeC
2152:             1             32  game.core.script.ScriptJavaLoader
2153:             1             32  game.data.bean.Cfg_horse_mythical_linkBean
2154:             1             32  game.message.AchievementMessage$ReqGetAchievement$MsgID
2155:             1             32  game.message.BackendMessage$ReqActivitySendToFriend$MsgID
2156:             1             32  game.message.BackendMessage$ReqFuncOpenRoleInfo
2157:             1             32  game.message.BackendMessage$ReqFuncOpenRoleInfo$MsgID
2158:             1             32  game.message.BackendMessage$ReqGetActivityList
2159:             1             32  game.message.BackendMessage$ReqGetActivityList$MsgID
2160:             1             32  game.message.BackendMessage$ReqGetActivityReward$MsgID
2161:             1             32  game.message.BossHomeMessage$ReqBossHomeInfo$MsgID
2162:             1             32  game.message.BossHomeMessage$ReqBossRecord
2163:             1             32  game.message.BossHomeMessage$ReqBossRecord$MsgID
2164:             1             32  game.message.BossMessage$ReqBossInfo$MsgID
2165:             1             32  game.message.CardMessage$ReqGetAward$MsgID
2166:             1             32  game.message.CardMessage$ReqGetCardLevel$MsgID
2167:             1             32  game.message.CardMessage$ReqGetCards
2168:             1             32  game.message.CardMessage$ReqGetCards$MsgID
2169:             1             32  game.message.CardMessage$ReqOneKeySmelt
2170:             1             32  game.message.CardMessage$ReqOneKeySmelt$MsgID
2171:             1             32  game.message.CardMessage$ReqSmelt$MsgID
2172:             1             32  game.message.ChatMessage$ChatGetContentCS$MsgID
2173:             1             32  game.message.ChatMessage$ChatReqCS$MsgID
2174:             1             32  game.message.ChatMessage$ReqAddChatRooM$MsgID
2175:             1             32  game.message.ChatMessage$ReqChatRoom$MsgID
2176:             1             32  game.message.ChatMessage$ReqExitChatRoom$MsgID
2177:             1             32  game.message.CityWarMessage$ReqAllReport
2178:             1             32  game.message.CityWarMessage$ReqAllReport$MsgID
2179:             1             32  game.message.CityWarMessage$ReqCanPostOpt
2180:             1             32  game.message.CityWarMessage$ReqCanPostOpt$MsgID
2181:             1             32  game.message.CityWarMessage$ReqCityPostOpt$MsgID
2182:             1             32  game.message.CityWarMessage$ReqCityReport
2183:             1             32  game.message.CityWarMessage$ReqCityReport$MsgID
2184:             1             32  game.message.CityWarMessage$ReqEnterCityWar$MsgID
2185:             1             32  game.message.CityWarMessage$ReqGetCityAward
2186:             1             32  game.message.CityWarMessage$ReqGetCityAward$MsgID
2187:             1             32  game.message.CityWarMessage$ReqGetMaxLevelCity
2188:             1             32  game.message.CityWarMessage$ReqGetMaxLevelCity$MsgID
2189:             1             32  game.message.CityWarMessage$ReqOpenCityMapList
2190:             1             32  game.message.CityWarMessage$ReqOpenCityMapList$MsgID
2191:             1             32  game.message.CityWarMessage$ReqOpenCityUi
2192:             1             32  game.message.CityWarMessage$ReqOpenCityUi$MsgID
2193:             1             32  game.message.CityWarMessage$ReqOpenSignUpUi$MsgID
2194:             1             32  game.message.CityWarMessage$ReqPardon$MsgID
2195:             1             32  game.message.CityWarMessage$ReqScanPrivilege
2196:             1             32  game.message.CityWarMessage$ReqScanPrivilege$MsgID
2197:             1             32  game.message.CityWarMessage$ReqSignUp$MsgID
2198:             1             32  game.message.CopyMapMessage$ReqBeginStartBossLoop
2199:             1             32  game.message.CopyMapMessage$ReqBeginStartBossLoop$MsgID
2200:             1             32  game.message.CopyMapMessage$ReqCloneFightInfo$MsgID
2201:             1             32  game.message.CopyMapMessage$ReqCopyMapOut
2202:             1             32  game.message.CopyMapMessage$ReqCopyMapOut$MsgID
2203:             1             32  game.message.CopyMapMessage$ReqCopymapCardReward$MsgID
2204:             1             32  game.message.CopyMapMessage$ReqCopymapReward$MsgID
2205:             1             32  game.message.CopyMapMessage$ReqOpenPanel$MsgID
2206:             1             32  game.message.CopyMapMessage$ReqUpMorale$MsgID
2207:             1             32  game.message.CrossCampWarMessage$G2FReqCampwarMidHarmlist$MsgID
2208:             1             32  game.message.CrossCampWarMessage$G2FReqOutlandCloneInfo$MsgID
2209:             1             32  game.message.CrossCampWarMessage$ReqCrossCampwarMidHarmlist
2210:             1             32  game.message.CrossCampWarMessage$ReqCrossCampwarMidHarmlist$MsgID
2211:             1             32  game.message.CrossCampWarMessage$ReqOutlandCloneInfo
2212:             1             32  game.message.CrossCampWarMessage$ReqOutlandCloneInfo$MsgID
2213:             1             32  game.message.CrossFightMessage$F2GBraveGloryScoreInfoUpdate$MsgID
2214:             1             32  game.message.CrossFightMessage$F2GKillOtherPlayer$MsgID
2215:             1             32  game.message.CrossFightMessage$P2GOutFightRoom$MsgID
2216:             1             32  game.message.CrossFightMessage$P2GResFightStart$MsgID
2217:             1             32  game.message.CrossFightMessage$ReqBravegloryPanel
2218:             1             32  game.message.CrossFightMessage$ReqBravegloryPanel$MsgID
2219:             1             32  game.message.CrossFightMessage$ReqEnterBraveGloryWar
2220:             1             32  game.message.CrossFightMessage$ReqEnterBraveGloryWar$MsgID
2221:             1             32  game.message.CrossFightMessage$ReqGetBravegloryDayReward$MsgID
2222:             1             32  game.message.CrossFightMessage$ReqGetBravegloryWeekReward
2223:             1             32  game.message.CrossFightMessage$ReqGetBravegloryWeekReward$MsgID
2224:             1             32  game.message.CrossFightMessage$ReqGetKillManReward
2225:             1             32  game.message.CrossFightMessage$ReqGetKillManReward$MsgID
2226:             1             32  game.message.CrossFightMessage$ReqMilitaryRankInfo
2227:             1             32  game.message.CrossFightMessage$ReqMilitaryRankInfo$MsgID
2228:             1             32  game.message.CrossFightMessage$ReqOutBravegloryWar
2229:             1             32  game.message.CrossFightMessage$ReqOutBravegloryWar$MsgID
2230:             1             32  game.message.CrossFightMessage$ReqOutFightRoom$MsgID
2231:             1             32  game.message.CrossFightMessage$ReqOutlandPanel
2232:             1             32  game.message.CrossFightMessage$ReqOutlandPanel$MsgID
2233:             1             32  game.message.CrossFightMessage$ReqUpMilitaryRank
2234:             1             32  game.message.CrossFightMessage$ReqUpMilitaryRank$MsgID
2235:             1             32  game.message.CrossResourceWarMessage$P2GRWChangeStateToAllServer$MsgID
2236:             1             32  game.message.CrossResourceWarMessage$P2GResBaoMing$MsgID
2237:             1             32  game.message.CrossResourceWarMessage$ReqRWBaoMing
2238:             1             32  game.message.CrossResourceWarMessage$ReqRWBaoMing$MsgID
2239:             1             32  game.message.CrossResourceWarMessage$ReqRWBaoMingState
2240:             1             32  game.message.CrossResourceWarMessage$ReqRWBaoMingState$MsgID
2241:             1             32  game.message.CrossServerMessage$F2GCloneClose$MsgID
2242:             1             32  game.message.CrossServerMessage$F2GCloneEnterAddOne$MsgID
2243:             1             32  game.message.CrossServerMessage$F2GEnterCloneMapRes$MsgID
2244:             1             32  game.message.CrossServerMessage$F2GFightEnd$MsgID
2245:             1             32  game.message.CrossServerMessage$F2GReliveRes$MsgID
2246:             1             32  game.message.CrossServerMessage$F2GResCrossDropCoin$MsgID
2247:             1             32  game.message.CrossServerMessage$F2GResCrossDropItem$MsgID
2248:             1             32  game.message.CrossServerMessage$F2GResCrossUseItem$MsgID
2249:             1             32  game.message.CrossServerMessage$F2GResHeart
2250:             1             32  game.message.CrossServerMessage$F2GResHeart$MsgID
2251:             1             32  game.message.CrossServerMessage$F2GSendReward$MsgID
2252:             1             32  game.message.CrossServerMessage$F2GTaskAction$MsgID
2253:             1             32  game.message.CrossServerMessage$F2GTaskRresh$MsgID
2254:             1             32  game.message.CrossServerMessage$F2G_UpMoraleRes$MsgID
2255:             1             32  game.message.CrossServerMessage$G2FEnterCloneMap$MsgID
2256:             1             32  game.message.CrossServerMessage$G2FGMdeal$MsgID
2257:             1             32  game.message.CrossServerMessage$G2FOnEnterMapAgain$MsgID
2258:             1             32  game.message.CrossServerMessage$G2FRelive$MsgID
2259:             1             32  game.message.CrossServerMessage$G2FReqChatMess$MsgID
2260:             1             32  game.message.CrossServerMessage$G2FReqCloneFightInfo$MsgID
2261:             1             32  game.message.CrossServerMessage$G2FReqCrossDropItemString$MsgID
2262:             1             32  game.message.CrossServerMessage$G2FReqCrossUseItem$MsgID
2263:             1             32  game.message.CrossServerMessage$G2FReqHeart
2264:             1             32  game.message.CrossServerMessage$G2FReqHeart$MsgID
2265:             1             32  game.message.CrossServerMessage$G2FSynPlayerOut$MsgID
2266:             1             32  game.message.CrossServerMessage$G2F_UpMorale$MsgID
2267:             1             32  game.message.CrossServerMessage$P2GNoticeEvent$MsgID
2268:             1             32  game.message.CrossServerMessage$P2GPlayerStateChange$MsgID
2269:             1             32  game.message.CrossjjcMessage$G2FJJcSurrender$MsgID
2270:             1             32  game.message.CrossjjcMessage$P2GCrossJJCCleanAllScore
2271:             1             32  game.message.CrossjjcMessage$P2GCrossJJCCleanAllScore$MsgID
2272:             1             32  game.message.CrossjjcMessage$P2GCrossJJCRankChange
2273:             1             32  game.message.CrossjjcMessage$P2GCrossJJCRankChange$MsgID
2274:             1             32  game.message.CrossjjcMessage$P2GCrossJJcFightRes$MsgID
2275:             1             32  game.message.CrossjjcMessage$P2GCrossRankInfoRes$MsgID
2276:             1             32  game.message.CrossjjcMessage$P2GCrossRewardRankInfo
2277:             1             32  game.message.CrossjjcMessage$P2GCrossRewardRankInfo$MsgID
2278:             1             32  game.message.CrossjjcMessage$P2GUpdateCrossJJCTime$MsgID
2279:             1             32  game.message.CrossjjcMessage$P2GfaildEnterCrossJJC$MsgID
2280:             1             32  game.message.CrossjjcMessage$ReqCrossJJcCancelEnter
2281:             1             32  game.message.CrossjjcMessage$ReqCrossJJcCancelEnter$MsgID
2282:             1             32  game.message.CrossjjcMessage$ReqCrossJJcRanks
2283:             1             32  game.message.CrossjjcMessage$ReqCrossJJcRanks$MsgID
2284:             1             32  game.message.CrossjjcMessage$ReqCrossJJcReport
2285:             1             32  game.message.CrossjjcMessage$ReqCrossJJcReport$MsgID
2286:             1             32  game.message.CrossjjcMessage$ReqEnterCrossJJC
2287:             1             32  game.message.CrossjjcMessage$ReqEnterCrossJJC$MsgID
2288:             1             32  game.message.CrossjjcMessage$ReqGetCrossJJCRewards
2289:             1             32  game.message.CrossjjcMessage$ReqGetCrossJJCRewards$MsgID
2290:             1             32  game.message.CrossjjcMessage$ReqJJcSurrender
2291:             1             32  game.message.CrossjjcMessage$ReqJJcSurrender$MsgID
2292:             1             32  game.message.CrossjjcMessage$ReqOpenCrossJJc
2293:             1             32  game.message.CrossjjcMessage$ReqOpenCrossJJc$MsgID
2294:             1             32  game.message.DailyactiveMessage$ReqAchRunePanel
2295:             1             32  game.message.DailyactiveMessage$ReqAchRunePanel$MsgID
2296:             1             32  game.message.DailyactiveMessage$ReqActiveMedalPanel
2297:             1             32  game.message.DailyactiveMessage$ReqActiveMedalPanel$MsgID
2298:             1             32  game.message.DailyactiveMessage$ReqActivePanel
2299:             1             32  game.message.DailyactiveMessage$ReqActivePanel$MsgID
2300:             1             32  game.message.DailyactiveMessage$ReqDailyactivePanel
2301:             1             32  game.message.DailyactiveMessage$ReqDailyactivePanel$MsgID
2302:             1             32  game.message.DailyactiveMessage$ReqGetActiveReward$MsgID
2303:             1             32  game.message.DailyactiveMessage$ReqUpAcMedal
2304:             1             32  game.message.DailyactiveMessage$ReqUpAcMedal$MsgID
2305:             1             32  game.message.DailyactiveMessage$ReqUpAcRune$MsgID
2306:             1             32  game.message.EquipMessage$ReqAllEquipPartStar
2307:             1             32  game.message.EquipMessage$ReqAllEquipPartStar$MsgID
2308:             1             32  game.message.EquipMessage$ReqAutoResolveSet
2309:             1             32  game.message.EquipMessage$ReqAutoResolveSet$MsgID
2310:             1             32  game.message.EquipMessage$ReqEquipFusion$MsgID
2311:             1             32  game.message.EquipMessage$ReqEquipLearnSkill$MsgID
2312:             1             32  game.message.EquipMessage$ReqEquipRefining$MsgID
2313:             1             32  game.message.EquipMessage$ReqEquipReset$MsgID
2314:             1             32  game.message.EquipMessage$ReqEquipResolveSet
2315:             1             32  game.message.EquipMessage$ReqEquipResolveSet$MsgID
2316:             1             32  game.message.EquipMessage$ReqEquipSell
2317:             1             32  game.message.EquipMessage$ReqEquipSell$MsgID
2318:             1             32  game.message.EquipMessage$ReqEquipSkillInheritance$MsgID
2319:             1             32  game.message.EquipMessage$ReqEquipSwitch$MsgID
2320:             1             32  game.message.EquipMessage$ReqEquipTrain$MsgID
2321:             1             32  game.message.EquipMessage$ReqEquipUnWear$MsgID
2322:             1             32  game.message.EquipMessage$ReqEquipWear$MsgID
2323:             1             32  game.message.EquipMessage$ReqPartUpStar$MsgID
2324:             1             32  game.message.FashionMessage$ReqActive$MsgID
2325:             1             32  game.message.FashionMessage$ReqDress$MsgID
2326:             1             32  game.message.FashionMessage$ReqStarUp$MsgID
2327:             1             32  game.message.FightMessage$ReqChangeAttackDir$MsgID
2328:             1             32  game.message.FightMessage$ReqFlyPetCloneAttack$MsgID
2329:             1             32  game.message.FightMessage$ReqGuideSkill$MsgID
2330:             1             32  game.message.FightMessage$ReqRollMove$MsgID
2331:             1             32  game.message.FightMessage$ReqUseSkill$MsgID
2332:             1             32  game.message.GenesisTempleMessage$P2GSubmitCloneOverInfo$MsgID
2333:             1             32  game.message.GenesisTempleMessage$ReqGenesisScorePanel
2334:             1             32  game.message.GenesisTempleMessage$ReqGenesisScorePanel$MsgID
2335:             1             32  game.message.GenesisTempleMessage$ReqGenesisTemplePanel$MsgID
2336:             1             32  game.message.GenesisTempleMessage$ReqGenesisTempleTopList$MsgID
2337:             1             32  game.message.GenesisTempleMessage$ReqSubmitGenesisStone
2338:             1             32  game.message.GenesisTempleMessage$ReqSubmitGenesisStone$MsgID
2339:             1             32  game.message.GmMessage$GmCommandClientToServer$MsgID
2340:             1             32  game.message.GuildMessage$ReqAnswer$MsgID
2341:             1             32  game.message.GuildMessage$ReqAuctionItem$MsgID
2342:             1             32  game.message.GuildMessage$ReqAuctionRecord
2343:             1             32  game.message.GuildMessage$ReqAuctionRecord$MsgID
2344:             1             32  game.message.GuildMessage$ReqBuySkillStudyTime$MsgID
2345:             1             32  game.message.GuildMessage$ReqChangeGuildName$MsgID
2346:             1             32  game.message.GuildMessage$ReqChangeGuildSetting$MsgID
2347:             1             32  game.message.GuildMessage$ReqCreateGuild$MsgID
2348:             1             32  game.message.GuildMessage$ReqCurrStudyTime
2349:             1             32  game.message.GuildMessage$ReqCurrStudyTime$MsgID
2350:             1             32  game.message.GuildMessage$ReqDealApplyInfo$MsgID
2351:             1             32  game.message.GuildMessage$ReqDealInviteInfo$MsgID
2352:             1             32  game.message.GuildMessage$ReqDonate$MsgID
2353:             1             32  game.message.GuildMessage$ReqEnterGuild
2354:             1             32  game.message.GuildMessage$ReqEnterGuild$MsgID
2355:             1             32  game.message.GuildMessage$ReqEnterGuildBossWar
2356:             1             32  game.message.GuildMessage$ReqEnterGuildBossWar$MsgID
2357:             1             32  game.message.GuildMessage$ReqEnterGuildWar
2358:             1             32  game.message.GuildMessage$ReqEnterGuildWar$MsgID
2359:             1             32  game.message.GuildMessage$ReqFindGuild$MsgID
2360:             1             32  game.message.GuildMessage$ReqGuildActiveNotice
2361:             1             32  game.message.GuildMessage$ReqGuildActiveNotice$MsgID
2362:             1             32  game.message.GuildMessage$ReqGuildBossWarDone$MsgID
2363:             1             32  game.message.GuildMessage$ReqGuildBossWarPanel
2364:             1             32  game.message.GuildMessage$ReqGuildBossWarPanel$MsgID
2365:             1             32  game.message.GuildMessage$ReqGuildDonateCount
2366:             1             32  game.message.GuildMessage$ReqGuildDonateCount$MsgID
2367:             1             32  game.message.GuildMessage$ReqGuildEmailNotice
2368:             1             32  game.message.GuildMessage$ReqGuildEmailNotice$MsgID
2369:             1             32  game.message.GuildMessage$ReqGuildInfo
2370:             1             32  game.message.GuildMessage$ReqGuildInfo$MsgID
2371:             1             32  game.message.GuildMessage$ReqGuildInvite
2372:             1             32  game.message.GuildMessage$ReqGuildInvite$MsgID
2373:             1             32  game.message.GuildMessage$ReqGuildLogList
2374:             1             32  game.message.GuildMessage$ReqGuildLogList$MsgID
2375:             1             32  game.message.GuildMessage$ReqGuildRecruitBySub
2376:             1             32  game.message.GuildMessage$ReqGuildRecruitBySub$MsgID
2377:             1             32  game.message.GuildMessage$ReqGuildSendEmailNotice$MsgID
2378:             1             32  game.message.GuildMessage$ReqGuildStudySkill$MsgID
2379:             1             32  game.message.GuildMessage$ReqGuildWarPanel
2380:             1             32  game.message.GuildMessage$ReqGuildWarPanel$MsgID
2381:             1             32  game.message.GuildMessage$ReqGuildWarPersonal
2382:             1             32  game.message.GuildMessage$ReqGuildWarPersonal$MsgID
2383:             1             32  game.message.GuildMessage$ReqGuildWarRank
2384:             1             32  game.message.GuildMessage$ReqGuildWarRank$MsgID
2385:             1             32  game.message.GuildMessage$ReqImpeach
2386:             1             32  game.message.GuildMessage$ReqImpeach$MsgID
2387:             1             32  game.message.GuildMessage$ReqInvitePlayer$MsgID
2388:             1             32  game.message.GuildMessage$ReqJoinGuild$MsgID
2389:             1             32  game.message.GuildMessage$ReqKickOutGuild$MsgID
2390:             1             32  game.message.GuildMessage$ReqKingTemple
2391:             1             32  game.message.GuildMessage$ReqKingTemple$MsgID
2392:             1             32  game.message.GuildMessage$ReqLearnSkill$MsgID
2393:             1             32  game.message.GuildMessage$ReqLeaveGuildMap
2394:             1             32  game.message.GuildMessage$ReqLeaveGuildMap$MsgID
2395:             1             32  game.message.GuildMessage$ReqMasterReceive$MsgID
2396:             1             32  game.message.GuildMessage$ReqMembersListInfo
2397:             1             32  game.message.GuildMessage$ReqMembersListInfo$MsgID
2398:             1             32  game.message.GuildMessage$ReqMonsterDamage
2399:             1             32  game.message.GuildMessage$ReqMonsterDamage$MsgID
2400:             1             32  game.message.GuildMessage$ReqOpenGuildBossWar
2401:             1             32  game.message.GuildMessage$ReqOpenGuildBossWar$MsgID
2402:             1             32  game.message.GuildMessage$ReqOpenaAuctionPanel$MsgID
2403:             1             32  game.message.GuildMessage$ReqPlayerLearnSkills
2404:             1             32  game.message.GuildMessage$ReqPlayerLearnSkills$MsgID
2405:             1             32  game.message.GuildMessage$ReqQuitGuild
2406:             1             32  game.message.GuildMessage$ReqQuitGuild$MsgID
2407:             1             32  game.message.GuildMessage$ReqReceiveIntegralRank
2408:             1             32  game.message.GuildMessage$ReqReceiveIntegralRank$MsgID
2409:             1             32  game.message.GuildMessage$ReqReceiveIntegralReward$MsgID
2410:             1             32  game.message.GuildMessage$ReqReceivedApply
2411:             1             32  game.message.GuildMessage$ReqReceivedApply$MsgID
2412:             1             32  game.message.GuildMessage$ReqRecommendGuild$MsgID
2413:             1             32  game.message.GuildMessage$ReqSetRank$MsgID
2414:             1             32  game.message.GuildMessage$ReqUpBuildingLevel$MsgID
2415:             1             32  game.message.GuildMessage$ReqVictoryReward$MsgID
2416:             1             32  game.message.HorseMessage$ReqActiveMythical$MsgID
2417:             1             32  game.message.HorseMessage$ReqChangeHorse$MsgID
2418:             1             32  game.message.HorseMessage$ReqChangeRideState$MsgID
2419:             1             32  game.message.HorseMessage$ReqFlyAction$MsgID
2420:             1             32  game.message.HorseMessage$ReqGetMythicalFragment$MsgID
2421:             1             32  game.message.HorseMessage$ReqHorseStarUp
2422:             1             32  game.message.HorseMessage$ReqHorseStarUp$MsgID
2423:             1             32  game.message.HorseMessage$ReqHorseUp
2424:             1             32  game.message.HorseMessage$ReqHorseUp$MsgID
2425:             1             32  game.message.HorseMessage$ReqInviteOtherPlayerForRide$MsgID
2426:             1             32  game.message.HorseMessage$ReqInviteResult$MsgID
2427:             1             32  game.message.HorseMessage$ReqMythicalInfo$MsgID
2428:             1             32  game.message.HorseMessage$ReqOpenHorsePanel
2429:             1             32  game.message.HorseMessage$ReqOpenHorsePanel$MsgID
2430:             1             32  game.message.HorseMessage$ReqOtherPlayerHorse$MsgID
2431:             1             32  game.message.HorseMessage$ReqRideMythical$MsgID
2432:             1             32  game.message.HorseMessage$ReqTrainMythical$MsgID
2433:             1             32  game.message.HorseMessage$ReqUpdateHight$MsgID
2434:             1             32  game.message.JJCMessage$ReqAddChance
2435:             1             32  game.message.JJCMessage$ReqAddChance$MsgID
2436:             1             32  game.message.JJCMessage$ReqChallenge$MsgID
2437:             1             32  game.message.JJCMessage$ReqChangeTarget
2438:             1             32  game.message.JJCMessage$ReqChangeTarget$MsgID
2439:             1             32  game.message.JJCMessage$ReqGetAward
2440:             1             32  game.message.JJCMessage$ReqGetAward$MsgID
2441:             1             32  game.message.JJCMessage$ReqGetReport
2442:             1             32  game.message.JJCMessage$ReqGetReport$MsgID
2443:             1             32  game.message.JJCMessage$ReqGetYesterdayRank
2444:             1             32  game.message.JJCMessage$ReqGetYesterdayRank$MsgID
2445:             1             32  game.message.JJCMessage$ReqJJCexit
2446:             1             32  game.message.JJCMessage$ReqJJCexit$MsgID
2447:             1             32  game.message.JJCMessage$ReqOpenJJC
2448:             1             32  game.message.JJCMessage$ReqOpenJJC$MsgID
2449:             1             32  game.message.MapMessage$ReqCineMatic$MsgID
2450:             1             32  game.message.MapMessage$ReqDirMove$MsgID
2451:             1             32  game.message.MapMessage$ReqGather$MsgID
2452:             1             32  game.message.MapMessage$ReqGetLines
2453:             1             32  game.message.MapMessage$ReqGetLines$MsgID
2454:             1             32  game.message.MapMessage$ReqGetMonsterPos
2455:             1             32  game.message.MapMessage$ReqGetMonsterPos$MsgID
2456:             1             32  game.message.MapMessage$ReqGroundBuffStar$MsgID
2457:             1             32  game.message.MapMessage$ReqJump$MsgID
2458:             1             32  game.message.MapMessage$ReqJumpBlock$MsgID
2459:             1             32  game.message.MapMessage$ReqJumpDown$MsgID
2460:             1             32  game.message.MapMessage$ReqMoveTo$MsgID
2461:             1             32  game.message.MapMessage$ReqRelive$MsgID
2462:             1             32  game.message.MapMessage$ReqSelectLine$MsgID
2463:             1             32  game.message.MapMessage$ReqStopMove$MsgID
2464:             1             32  game.message.MapMessage$ReqTransport$MsgID
2465:             1             32  game.message.MapMessage$ReqTransportControl$MsgID
2466:             1             32  game.message.MarriageMessage$ReqDealMarriagePropose
2467:             1             32  game.message.MarriageMessage$ReqDealMarriagePropose$MsgID
2468:             1             32  game.message.MarriageMessage$ReqDealPeaceDivorce
2469:             1             32  game.message.MarriageMessage$ReqDealPeaceDivorce$MsgID
2470:             1             32  game.message.MarriageMessage$ReqEnterMarriageClone
2471:             1             32  game.message.MarriageMessage$ReqEnterMarriageClone$MsgID
2472:             1             32  game.message.MarriageMessage$ReqGetMarried$MsgID
2473:             1             32  game.message.MarriageMessage$ReqGetWhisper
2474:             1             32  game.message.MarriageMessage$ReqGetWhisper$MsgID
2475:             1             32  game.message.MarriageMessage$ReqGoWedding$MsgID
2476:             1             32  game.message.MarriageMessage$ReqHoldWedding$MsgID
2477:             1             32  game.message.MarriageMessage$ReqMateInfo
2478:             1             32  game.message.MarriageMessage$ReqMateInfo$MsgID
2479:             1             32  game.message.MarriageMessage$ReqSendWhisper$MsgID
2480:             1             32  game.message.MarriageMessage$ReqUnMarried$MsgID
2481:             1             32  game.message.MarriageMessage$ReqUnderwayWeddingList$MsgID
2482:             1             32  game.message.MarriageMessage$ReqUpCoupleAttribute$MsgID
2483:             1             32  game.message.MarriageMessage$ReqUpCoupleSkill$MsgID
2484:             1             32  game.message.MarriageMessage$ReqUpIntimacyLv
2485:             1             32  game.message.MarriageMessage$ReqUpIntimacyLv$MsgID
2486:             1             32  game.message.MarriageMessage$ReqUpRing
2487:             1             32  game.message.MarriageMessage$ReqUpRing$MsgID
2488:             1             32  game.message.MarriageMessage$ReqUpZodiac
2489:             1             32  game.message.MarriageMessage$ReqUpZodiac$MsgID
2490:             1             32  game.message.MeltingMessage$ReqMelting
2491:             1             32  game.message.MeltingMessage$ReqMelting$MsgID
2492:             1             32  game.message.MeltingMessage$ReqOpenMelting
2493:             1             32  game.message.MeltingMessage$ReqOpenMelting$MsgID
2494:             1             32  game.message.MeltingMessage$ReqResetMaterial
2495:             1             32  game.message.MeltingMessage$ReqResetMaterial$MsgID
2496:             1             32  game.message.NewServerActivityMessage$ReqActivityList
2497:             1             32  game.message.NewServerActivityMessage$ReqActivityList$MsgID
2498:             1             32  game.message.NewServerActivityMessage$ReqGetReward$MsgID
2499:             1             32  game.message.NewerGift$ReqGetNewerGift
2500:             1             32  game.message.NewerGift$ReqGetNewerGift$MsgID
2501:             1             32  game.message.NewerGift$ReqNewerGiftInfo
2502:             1             32  game.message.NewerGift$ReqNewerGiftInfo$MsgID
2503:             1             32  game.message.PetMessage$ReqAttachSoul$MsgID
2504:             1             32  game.message.PetMessage$ReqCatchSoul$MsgID
2505:             1             32  game.message.PetMessage$ReqChangePetState$MsgID
2506:             1             32  game.message.PetMessage$ReqEnterPetIsland$MsgID
2507:             1             32  game.message.PetMessage$ReqExploreSoul
2508:             1             32  game.message.PetMessage$ReqExploreSoul$MsgID
2509:             1             32  game.message.PetMessage$ReqPetAction$MsgID
2510:             1             32  game.message.PetMessage$ReqRuneInfo
2511:             1             32  game.message.PetMessage$ReqRuneInfo$MsgID
2512:             1             32  game.message.PetMessage$ReqRuneUp$MsgID
2513:             1             32  game.message.PetMessage$ReqSpiritUp$MsgID
2514:             1             32  game.message.PlatformEvaluateMessage$ReqIsEvaluated
2515:             1             32  game.message.PlatformEvaluateMessage$ReqIsEvaluated$MsgID
2516:             1             32  game.message.PlatformEvaluateMessage$ReqIsSure
2517:             1             32  game.message.PlatformEvaluateMessage$ReqIsSure$MsgID
2518:             1             32  game.message.PlayerMessage$ReqChangeBirthGroup$MsgID
2519:             1             32  game.message.PlayerMessage$ReqChangeJob
2520:             1             32  game.message.PlayerMessage$ReqChangeJob$MsgID
2521:             1             32  game.message.PlayerMessage$ReqChangeRoleName$MsgID
2522:             1             32  game.message.PlayerMessage$ReqChoseBirthGroup$MsgID
2523:             1             32  game.message.PlayerMessage$ReqCourageList
2524:             1             32  game.message.PlayerMessage$ReqCourageList$MsgID
2525:             1             32  game.message.PlayerMessage$ReqGetAccunonlinetime
2526:             1             32  game.message.PlayerMessage$ReqGetAccunonlinetime$MsgID
2527:             1             32  game.message.PlayerMessage$ReqGetPracticeInfo
2528:             1             32  game.message.PlayerMessage$ReqGetPracticeInfo$MsgID
2529:             1             32  game.message.PlayerMessage$ReqLookOtherPlayer$MsgID
2530:             1             32  game.message.PlayerMessage$ReqMainUIGuideID
2531:             1             32  game.message.PlayerMessage$ReqMainUIGuideID$MsgID
2532:             1             32  game.message.PlayerMessage$ReqPracticeGet$MsgID
2533:             1             32  game.message.PlayerMessage$ReqPracticeSetDo
2534:             1             32  game.message.PlayerMessage$ReqPracticeSetDo$MsgID
2535:             1             32  game.message.PlayerMessage$ReqSendSetting
2536:             1             32  game.message.PlayerMessage$ReqSendSetting$MsgID
2537:             1             32  game.message.PlayerMessage$ReqUpdataPkState$MsgID
2538:             1             32  game.message.PlayerMessage$ReqUpdateMainUIGuideID$MsgID
2539:             1             32  game.message.PlayerMessage$ReqUseActiveCode$MsgID
2540:             1             32  game.message.RankListMessage$ReqRankInfo$MsgID
2541:             1             32  game.message.RankListMessage$ReqRankPlayerImageInfo$MsgID
2542:             1             32  game.message.RankListMessage$ReqWorship$MsgID
2543:             1             32  game.message.RechargeMessage$ReqFirstRechargePanel
2544:             1             32  game.message.RechargeMessage$ReqFirstRechargePanel$MsgID
2545:             1             32  game.message.RechargeMessage$ReqGetFirstRechargeAward$MsgID
2546:             1             32  game.message.RechargeMessage$ReqGetRechargeGold$MsgID
2547:             1             32  game.message.RechargeMessage$ReqGetRechargeReturn
2548:             1             32  game.message.RechargeMessage$ReqGetRechargeReturn$MsgID
2549:             1             32  game.message.RedPacketMessage$ReqClickRedpacket$MsgID
2550:             1             32  game.message.RedPacketMessage$ReqGetRedPacketInfo$MsgID
2551:             1             32  game.message.RedPacketMessage$ReqRedpacketList
2552:             1             32  game.message.RedPacketMessage$ReqRedpacketList$MsgID
2553:             1             32  game.message.RedPacketMessage$ReqSendMineRechargeRedpacket$MsgID
2554:             1             32  game.message.RedPacketMessage$ReqSendRedpacket$MsgID
2555:             1             32  game.message.RegisterMessage$ReqCreateCharacter$MsgID
2556:             1             32  game.message.RegisterMessage$ReqDeleteRole$MsgID
2557:             1             32  game.message.RegisterMessage$ReqLoadFinish$MsgID
2558:             1             32  game.message.RegisterMessage$ReqLoginGame$MsgID
2559:             1             32  game.message.RegisterMessage$ReqQuit
2560:             1             32  game.message.RegisterMessage$ReqQuit$MsgID
2561:             1             32  game.message.RegisterMessage$ReqRegainRole$MsgID
2562:             1             32  game.message.RegisterMessage$ReqSelectCharacter$MsgID
2563:             1             32  game.message.ScuffleMessage$F2GScuffleCloneEnd$MsgID
2564:             1             32  game.message.ScuffleMessage$P2GResCrossleMatchFailure$MsgID
2565:             1             32  game.message.ScuffleMessage$P2GResCrossleMatchSuccess$MsgID
2566:             1             32  game.message.ScuffleMessage$ReqCancelEnroll
2567:             1             32  game.message.ScuffleMessage$ReqCancelEnroll$MsgID
2568:             1             32  game.message.ScuffleMessage$ReqCancelMacth
2569:             1             32  game.message.ScuffleMessage$ReqCancelMacth$MsgID
2570:             1             32  game.message.ScuffleMessage$ReqEnroll
2571:             1             32  game.message.ScuffleMessage$ReqEnroll$MsgID
2572:             1             32  game.message.ScuffleMessage$ReqEnterNext
2573:             1             32  game.message.ScuffleMessage$ReqEnterNext$MsgID
2574:             1             32  game.message.ScuffleMessage$ReqEnterScuffileKing
2575:             1             32  game.message.ScuffleMessage$ReqEnterScuffileKing$MsgID
2576:             1             32  game.message.ScuffleMessage$ReqGetDayWinCountReward$MsgID
2577:             1             32  game.message.ScuffleMessage$ReqGetScufflePanel
2578:             1             32  game.message.ScuffleMessage$ReqGetScufflePanel$MsgID
2579:             1             32  game.message.ScuffleMessage$ReqStartMacth
2580:             1             32  game.message.ScuffleMessage$ReqStartMacth$MsgID
2581:             1             32  game.message.ScuffleMessage$ReqWeekDivisionReward
2582:             1             32  game.message.ScuffleMessage$ReqWeekDivisionReward$MsgID
2583:             1             32  game.message.SeekTreasureMessage$ReqOpenSeekTreasurePanel
2584:             1             32  game.message.SeekTreasureMessage$ReqOpenSeekTreasurePanel$MsgID
2585:             1             32  game.message.SeekTreasureMessage$ReqSeekPriTreasureOne
2586:             1             32  game.message.SeekTreasureMessage$ReqSeekPriTreasureOne$MsgID
2587:             1             32  game.message.SeekTreasureMessage$ReqSeekPriTreasureTen
2588:             1             32  game.message.SeekTreasureMessage$ReqSeekPriTreasureTen$MsgID
2589:             1             32  game.message.SeekTreasureMessage$ReqSeekSeniorTreasureOne
2590:             1             32  game.message.SeekTreasureMessage$ReqSeekSeniorTreasureOne$MsgID
2591:             1             32  game.message.SeekTreasureMessage$ReqSeekSeniorTreasureTen
2592:             1             32  game.message.SeekTreasureMessage$ReqSeekSeniorTreasureTen$MsgID
2593:             1             32  game.message.SeekTreasureMessage$ReqSeekTreasureStart
2594:             1             32  game.message.SeekTreasureMessage$ReqSeekTreasureStart$MsgID
2595:             1             32  game.message.ShituMessage$ReqAppManualInfo
2596:             1             32  game.message.ShituMessage$ReqAppManualInfo$MsgID
2597:             1             32  game.message.ShituMessage$ReqApply$MsgID
2598:             1             32  game.message.ShituMessage$ReqCall$MsgID
2599:             1             32  game.message.ShituMessage$ReqEnlightening
2600:             1             32  game.message.ShituMessage$ReqEnlightening$MsgID
2601:             1             32  game.message.ShituMessage$ReqGraduate
2602:             1             32  game.message.ShituMessage$ReqGraduate$MsgID
2603:             1             32  game.message.ShituMessage$ReqInvite$MsgID
2604:             1             32  game.message.ShituMessage$ReqKickOut$MsgID
2605:             1             32  game.message.ShituMessage$ReqOpenMasterHallowsPanl$MsgID
2606:             1             32  game.message.ShituMessage$ReqOpenShiTuPanel
2607:             1             32  game.message.ShituMessage$ReqOpenShiTuPanel$MsgID
2608:             1             32  game.message.ShituMessage$ReqQuitMaster
2609:             1             32  game.message.ShituMessage$ReqQuitMaster$MsgID
2610:             1             32  game.message.ShituMessage$ReqRefreshRecommend$MsgID
2611:             1             32  game.message.ShituMessage$ReqRefuseAll$MsgID
2612:             1             32  game.message.ShituMessage$ReqResponseApply$MsgID
2613:             1             32  game.message.ShituMessage$ReqResponseCall$MsgID
2614:             1             32  game.message.ShituMessage$ReqResponseInvite$MsgID
2615:             1             32  game.message.ShituMessage$ReqSearch$MsgID
2616:             1             32  game.message.ShituMessage$ReqUpMasterHallows$MsgID
2617:             1             32  game.message.ShituMessage$ReqUpMasterLv
2618:             1             32  game.message.ShituMessage$ReqUpMasterLv$MsgID
2619:             1             32  game.message.SkillMessage$ReqAllMedal
2620:             1             32  game.message.SkillMessage$ReqAllMedal$MsgID
2621:             1             32  game.message.SkillMessage$ReqOneKeyUpSkill
2622:             1             32  game.message.SkillMessage$ReqOneKeyUpSkill$MsgID
2623:             1             32  game.message.SkillMessage$ReqOnlineMedal
2624:             1             32  game.message.SkillMessage$ReqOnlineMedal$MsgID
2625:             1             32  game.message.SkillMessage$ReqUpSkill$MsgID
2626:             1             32  game.message.SoulMessage$ReqActivateHunter
2627:             1             32  game.message.SoulMessage$ReqActivateHunter$MsgID
2628:             1             32  game.message.SoulMessage$ReqHuntSoul
2629:             1             32  game.message.SoulMessage$ReqHuntSoul$MsgID
2630:             1             32  game.message.SoulMessage$ReqOneKeyHuntSoul
2631:             1             32  game.message.SoulMessage$ReqOneKeyHuntSoul$MsgID
2632:             1             32  game.message.SoulMessage$ReqSmeltSoul$MsgID
2633:             1             32  game.message.SoulMessage$ReqWearSoul$MsgID
2634:             1             32  game.message.StrongerMessage$ReqDailyRechargeReward$MsgID
2635:             1             32  game.message.StrongerMessage$ReqDailyRechargeRewardInfo
2636:             1             32  game.message.StrongerMessage$ReqDailyRechargeRewardInfo$MsgID
2637:             1             32  game.message.TeamMessage$ReqAgreeCall$MsgID
2638:             1             32  game.message.TeamMessage$ReqAlterTeam$MsgID
2639:             1             32  game.message.TeamMessage$ReqApplyEnter$MsgID
2640:             1             32  game.message.TeamMessage$ReqApplyOpt$MsgID
2641:             1             32  game.message.TeamMessage$ReqCallAllMember
2642:             1             32  game.message.TeamMessage$ReqCallAllMember$MsgID
2643:             1             32  game.message.TeamMessage$ReqCleanApplyList
2644:             1             32  game.message.TeamMessage$ReqCleanApplyList$MsgID
2645:             1             32  game.message.TeamMessage$ReqCreateTeam$MsgID
2646:             1             32  game.message.TeamMessage$ReqGetApplyList
2647:             1             32  game.message.TeamMessage$ReqGetApplyList$MsgID
2648:             1             32  game.message.TeamMessage$ReqGetFreedomList$MsgID
2649:             1             32  game.message.TeamMessage$ReqGetTeamInfo
2650:             1             32  game.message.TeamMessage$ReqGetTeamInfo$MsgID
2651:             1             32  game.message.TeamMessage$ReqGetWaitList$MsgID
2652:             1             32  game.message.TeamMessage$ReqInvite$MsgID
2653:             1             32  game.message.TeamMessage$ReqInviteRes$MsgID
2654:             1             32  game.message.TeamMessage$ReqMatchAll$MsgID
2655:             1             32  game.message.TeamMessage$ReqTeamOpt$MsgID
2656:             1             32  game.message.TeamMessage$ReqTransport2Leader
2657:             1             32  game.message.TeamMessage$ReqTransport2Leader$MsgID
2658:             1             32  game.message.TianqibaokuMessage$P2GgetReward$MsgID
2659:             1             32  game.message.TianqibaokuMessage$P2GreturnBaokuInfo$MsgID
2660:             1             32  game.message.TianqibaokuMessage$ReqBaokuToBackpack$MsgID
2661:             1             32  game.message.TianqibaokuMessage$ReqCloseBaokuPanel
2662:             1             32  game.message.TianqibaokuMessage$ReqCloseBaokuPanel$MsgID
2663:             1             32  game.message.TianqibaokuMessage$ReqExchangeBaokuItem$MsgID
2664:             1             32  game.message.TianqibaokuMessage$ReqGetBaokuReward$MsgID
2665:             1             32  game.message.TianqibaokuMessage$ReqLookMyBaoku
2666:             1             32  game.message.TianqibaokuMessage$ReqLookMyBaoku$MsgID
2667:             1             32  game.message.TianqibaokuMessage$ReqOpenBaokuPanel
2668:             1             32  game.message.TianqibaokuMessage$ReqOpenBaokuPanel$MsgID
2669:             1             32  game.message.TianqibaokuMessage$ReqSortBaoku
2670:             1             32  game.message.TianqibaokuMessage$ReqSortBaoku$MsgID
2671:             1             32  game.message.TitleMessage$ReqActiveTitle$MsgID
2672:             1             32  game.message.TitleMessage$ReqDownPicTitle$MsgID
2673:             1             32  game.message.TitleMessage$ReqUpTitleRune
2674:             1             32  game.message.TitleMessage$ReqUpTitleRune$MsgID
2675:             1             32  game.message.TitleMessage$ReqUsePicTitle$MsgID
2676:             1             32  game.message.TitleMessage$ReqUseTitle$MsgID
2677:             1             32  game.message.TradeMessage$ReqLockTrade
2678:             1             32  game.message.TradeMessage$ReqLockTrade$MsgID
2679:             1             32  game.message.TradeMessage$ReqOpenTradePanel
2680:             1             32  game.message.TradeMessage$ReqOpenTradePanel$MsgID
2681:             1             32  game.message.TradeMessage$ReqTrade
2682:             1             32  game.message.TradeMessage$ReqTrade$MsgID
2683:             1             32  game.message.TradeMessage$ReqTradeApply$MsgID
2684:             1             32  game.message.TradeMessage$ReqTradeCancel$MsgID
2685:             1             32  game.message.TradeMessage$ReqTradeItem$MsgID
2686:             1             32  game.message.TradeMessage$ReqUnloadTradeItem$MsgID
2687:             1             32  game.message.UpdateRewardMessage$ReqGetUpdateReward$MsgID
2688:             1             32  game.message.VipMessage$ReqGetGift$MsgID
2689:             1             32  game.message.WelfareMessage$ReqActiveGrowthFind
2690:             1             32  game.message.WelfareMessage$ReqActiveGrowthFind$MsgID
2691:             1             32  game.message.WelfareMessage$ReqCardReward$MsgID
2692:             1             32  game.message.WelfareMessage$ReqCurSignMonth
2693:             1             32  game.message.WelfareMessage$ReqCurSignMonth$MsgID
2694:             1             32  game.message.WelfareMessage$ReqGetContinuousLoginReward$MsgID
2695:             1             32  game.message.WelfareMessage$ReqGetLevelReward$MsgID
2696:             1             32  game.message.WelfareMessage$ReqGetTodayOnlineReward
2697:             1             32  game.message.WelfareMessage$ReqGetTodayOnlineReward$MsgID
2698:             1             32  game.message.WelfareMessage$ReqOneKeyRetrieveRes$MsgID
2699:             1             32  game.message.WelfareMessage$ReqOpenWelfarePanel$MsgID
2700:             1             32  game.message.WelfareMessage$ReqReceiveGrowthFind$MsgID
2701:             1             32  game.message.WelfareMessage$ReqRetrieveRes$MsgID
2702:             1             32  game.message.WelfareMessage$ReqSign$MsgID
2703:             1             32  game.message.WingMessage$ReqActiveMagicFeather$MsgID
2704:             1             32  game.message.WingMessage$ReqChangeShowState
2705:             1             32  game.message.WingMessage$ReqChangeShowState$MsgID
2706:             1             32  game.message.WingMessage$ReqChangeWing$MsgID
2707:             1             32  game.message.WingMessage$ReqGetMagicFeatherFragment$MsgID
2708:             1             32  game.message.WingMessage$ReqMagicFeatherInfo$MsgID
2709:             1             32  game.message.WingMessage$ReqOpenWingPanel
2710:             1             32  game.message.WingMessage$ReqOpenWingPanel$MsgID
2711:             1             32  game.message.WingMessage$ReqOtherPlayerWingInfo$MsgID
2712:             1             32  game.message.WingMessage$ReqTrainMagicFeather$MsgID
2713:             1             32  game.message.WingMessage$ReqWearMagicFeather$MsgID
2714:             1             32  game.message.WingMessage$ReqWingStarUp
2715:             1             32  game.message.WingMessage$ReqWingStarUp$MsgID
2716:             1             32  game.message.WingMessage$ReqWingTransmog
2717:             1             32  game.message.WingMessage$ReqWingTransmog$MsgID
2718:             1             32  game.message.ZoneMessage$P2GEnterOutlandWar$MsgID
2719:             1             32  game.message.ZoneMessage$P2GReqCancelCrossTag$MsgID
2720:             1             32  game.message.ZoneMessage$P2GReqMatchSucceed$MsgID
2721:             1             32  game.message.ZoneMessage$P2GResCrossZoneReadyZone$MsgID
2722:             1             32  game.message.ZoneMessage$P2GResEnterZone$MsgID
2723:             1             32  game.message.ZoneMessage$ReqCancelMatch
2724:             1             32  game.message.ZoneMessage$ReqCancelMatch$MsgID
2725:             1             32  game.message.ZoneMessage$ReqEnterZone$MsgID
2726:             1             32  game.message.ZoneMessage$ReqGuideBlockOpen$MsgID
2727:             1             32  game.message.ZoneMessage$ReqGuideNo$MsgID
2728:             1             32  game.message.ZoneMessage$ReqReadyZone$MsgID
2729:             1             32  game.message.ZoneMessage$ReqSweepZone$MsgID
2730:             1             32  game.message.ZoneMessage$ReqTeamAcceptEnterZone$MsgID
2731:             1             32  game.message.backpackMessage$ReqBagClearUp
2732:             1             32  game.message.backpackMessage$ReqBagClearUp$MsgID
2733:             1             32  game.message.backpackMessage$ReqCompound$MsgID
2734:             1             32  game.message.backpackMessage$ReqDelItem$MsgID
2735:             1             32  game.message.backpackMessage$ReqMoveItem$MsgID
2736:             1             32  game.message.backpackMessage$ReqOpenBagCell$MsgID
2737:             1             32  game.message.backpackMessage$ReqSellItems$MsgID
2738:             1             32  game.message.backpackMessage$ReqUseItem$MsgID
2739:             1             32  game.message.cloakMessage$ReqChangeWearCloak$MsgID
2740:             1             32  game.message.cloakMessage$ReqCloakSkillUp$MsgID
2741:             1             32  game.message.cloakMessage$ReqCloakUp
2742:             1             32  game.message.cloakMessage$ReqCloakUp$MsgID
2743:             1             32  game.message.cloakMessage$ReqOpenCloakInterface
2744:             1             32  game.message.cloakMessage$ReqOpenCloakInterface$MsgID
2745:             1             32  game.message.cloakMessage$ReqOpenCloakSkillPanel$MsgID
2746:             1             32  game.message.cloakMessage$ReqRuneInfo
2747:             1             32  game.message.cloakMessage$ReqRuneInfo$MsgID
2748:             1             32  game.message.cloakMessage$ReqRuneUp$MsgID
2749:             1             32  game.message.dragoonMessage$ReqActiveDragoon$MsgID
2750:             1             32  game.message.dragoonMessage$ReqDragoonList
2751:             1             32  game.message.dragoonMessage$ReqDragoonList$MsgID
2752:             1             32  game.message.dragoonMessage$ReqUpDragoon$MsgID
2753:             1             32  game.message.dragoonMessage$ReqUpDragoonSkill$MsgID
2754:             1             32  game.message.dragoonMessage$ReqUseDragoon$MsgID
2755:             1             32  game.message.friendMessage$ReqAddRelation$MsgID
2756:             1             32  game.message.friendMessage$ReqAllSendPhysical
2757:             1             32  game.message.friendMessage$ReqAllSendPhysical$MsgID
2758:             1             32  game.message.friendMessage$ReqDeleteRelation$MsgID
2759:             1             32  game.message.friendMessage$ReqDimSelect$MsgID
2760:             1             32  game.message.friendMessage$ReqGetRelationList$MsgID
2761:             1             32  game.message.friendMessage$ReqOneKeyReceive
2762:             1             32  game.message.friendMessage$ReqOneKeyReceive$MsgID
2763:             1             32  game.message.friendMessage$ReqReceivePhysical$MsgID
2764:             1             32  game.message.friendMessage$ReqSendItemAddIntimacy$MsgID
2765:             1             32  game.message.friendMessage$ReqSendPhysical$MsgID
2766:             1             32  game.message.heartMessage$ReqHeart$MsgID
2767:             1             32  game.message.heartMessage$ReqReallyHeart
2768:             1             32  game.message.heartMessage$ReqReallyHeart$MsgID
2769:             1             32  game.message.heartMessage$ReqReconnect$MsgID
2770:             1             32  game.message.heartMessage$ReqSetReconnectSignSuccess
2771:             1             32  game.message.heartMessage$ReqSetReconnectSignSuccess$MsgID
2772:             1             32  game.message.kingPalaceMessage$ReqAllRefuseKpApply
2773:             1             32  game.message.kingPalaceMessage$ReqAllRefuseKpApply$MsgID
2774:             1             32  game.message.kingPalaceMessage$ReqAllRefuseKpRequest
2775:             1             32  game.message.kingPalaceMessage$ReqAllRefuseKpRequest$MsgID
2776:             1             32  game.message.kingPalaceMessage$ReqCreateKingPalace$MsgID
2777:             1             32  game.message.kingPalaceMessage$ReqJoinKingPalace$MsgID
2778:             1             32  game.message.kingPalaceMessage$ReqJoinRequestKingPalace$MsgID
2779:             1             32  game.message.kingPalaceMessage$ReqKingPalaceRequestList
2780:             1             32  game.message.kingPalaceMessage$ReqKingPalaceRequestList$MsgID
2781:             1             32  game.message.kingPalaceMessage$ReqKpApplyList
2782:             1             32  game.message.kingPalaceMessage$ReqKpApplyList$MsgID
2783:             1             32  game.message.kingPalaceMessage$ReqKpAppointments$MsgID
2784:             1             32  game.message.kingPalaceMessage$ReqKpDonateNum$MsgID
2785:             1             32  game.message.kingPalaceMessage$ReqKpDonation$MsgID
2786:             1             32  game.message.kingPalaceMessage$ReqKpGuildList$MsgID
2787:             1             32  game.message.kingPalaceMessage$ReqKpGuildQuit$MsgID
2788:             1             32  game.message.kingPalaceMessage$ReqKpInvitedGuild$MsgID
2789:             1             32  game.message.kingPalaceMessage$ReqKpKickGuild$MsgID
2790:             1             32  game.message.kingPalaceMessage$ReqKpKingAbdicated$MsgID
2791:             1             32  game.message.kingPalaceMessage$ReqKpLogList$MsgID
2792:             1             32  game.message.kingPalaceMessage$ReqMemberMoreInfo$MsgID
2793:             1             32  game.message.kingPalaceMessage$ReqMineKpInfo
2794:             1             32  game.message.kingPalaceMessage$ReqMineKpInfo$MsgID
2795:             1             32  game.message.kingPalaceMessage$ReqModIcon$MsgID
2796:             1             32  game.message.kingPalaceMessage$ReqModName$MsgID
2797:             1             32  game.message.kingPalaceMessage$ReqModifyKpInfo$MsgID
2798:             1             32  game.message.kingPalaceMessage$ReqOfficerMoreInfo$MsgID
2799:             1             32  game.message.kingPalaceMessage$ReqPalaceList$MsgID
2800:             1             32  game.message.kingPalaceMessage$ReqRefuseKpApply$MsgID
2801:             1             32  game.message.kingPalaceMessage$ReqRefuseKpRequest$MsgID
2802:             1             32  game.message.kingPalaceMessage$ReqSureKpApply$MsgID
2803:             1             32  game.message.kingPalaceMessage$ReqUpKingPalace$MsgID
2804:             1             32  game.message.mailMessage$ReqGetRemainMailList
2805:             1             32  game.message.mailMessage$ReqGetRemainMailList$MsgID
2806:             1             32  game.message.mailMessage$ReqOneClickDeleteMail
2807:             1             32  game.message.mailMessage$ReqOneClickDeleteMail$MsgID
2808:             1             32  game.message.mailMessage$ReqOneClickReceiveMailAttach
2809:             1             32  game.message.mailMessage$ReqOneClickReceiveMailAttach$MsgID
2810:             1             32  game.message.mailMessage$ReqReadMail$MsgID
2811:             1             32  game.message.mailMessage$ReqReceiveSingleMailAttach$MsgID
2812:             1             32  game.message.marketMessage$ReqBuyMarketItem$MsgID
2813:             1             32  game.message.marketMessage$ReqCoinList
2814:             1             32  game.message.marketMessage$ReqCoinList$MsgID
2815:             1             32  game.message.marketMessage$ReqDownItem$MsgID
2816:             1             32  game.message.marketMessage$ReqGetMarketCoin
2817:             1             32  game.message.marketMessage$ReqGetMarketCoin$MsgID
2818:             1             32  game.message.marketMessage$ReqMarketSort$MsgID
2819:             1             32  game.message.marketMessage$ReqMyMarketList
2820:             1             32  game.message.marketMessage$ReqMyMarketList$MsgID
2821:             1             32  game.message.marketMessage$ReqMyMarketLogList
2822:             1             32  game.message.marketMessage$ReqMyMarketLogList$MsgID
2823:             1             32  game.message.marketMessage$ReqSellItemList$MsgID
2824:             1             32  game.message.marketMessage$ReqUpItem$MsgID
2825:             1             32  game.message.npcMessage$ReqClickNpc$MsgID
2826:             1             32  game.message.npcMessage$ReqNpcFunction$MsgID
2827:             1             32  game.message.npcMessage$ReqNpcFunctions$MsgID
2828:             1             32  game.message.prayMessage$ReqBindGoldPray
2829:             1             32  game.message.prayMessage$ReqBindGoldPray$MsgID
2830:             1             32  game.message.prayMessage$ReqBindMoneyPray
2831:             1             32  game.message.prayMessage$ReqBindMoneyPray$MsgID
2832:             1             32  game.message.prayMessage$ReqGoldPray
2833:             1             32  game.message.prayMessage$ReqGoldPray$MsgID
2834:             1             32  game.message.prayMessage$ReqOpenPrayPanel
2835:             1             32  game.message.prayMessage$ReqOpenPrayPanel$MsgID
2836:             1             32  game.message.questionMessage$ReqPlayerAnswer$MsgID
2837:             1             32  game.message.questionMessage$ReqPlayerQuestionsCount
2838:             1             32  game.message.questionMessage$ReqPlayerQuestionsCount$MsgID
2839:             1             32  game.message.questionMessage$ReqPlayerSendQuestion$MsgID
2840:             1             32  game.message.questionMessage$ReqSystemQuestion
2841:             1             32  game.message.questionMessage$ReqSystemQuestion$MsgID
2842:             1             32  game.message.serverMessage$F2GPlayerOutCrossWorldMap$MsgID
2843:             1             32  game.message.serverMessage$F2GResRegister$MsgID
2844:             1             32  game.message.serverMessage$F2GSynPlayerInfoResult$MsgID
2845:             1             32  game.message.serverMessage$G2FNoticeSynRoleInfo$MsgID
2846:             1             32  game.message.serverMessage$G2FReqRegister$MsgID
2847:             1             32  game.message.serverMessage$G2FSynPlayerInfo$MsgID
2848:             1             32  game.message.serverMessage$G2FSynPowerAttAndFace$MsgID
2849:             1             32  game.message.serverMessage$P2GCheckCrossInfoRes$MsgID
2850:             1             32  game.message.serverMessage$P2GConnectHeartRes$MsgID
2851:             1             32  game.message.serverMessage$P2GGMCMDResult$MsgID
2852:             1             32  game.message.serverMessage$P2GResFightServer$MsgID
2853:             1             32  game.message.serverMessage$P2GResFightServerList
2854:             1             32  game.message.serverMessage$P2GResFightServerList$MsgID
2855:             1             32  game.message.serverMessage$P2GResRegister$MsgID
2856:             1             32  game.message.shopMessage$ReqBuyItem$MsgID
2857:             1             32  game.message.shopMessage$ReqGoldShopBuyItem$MsgID
2858:             1             32  game.message.shopMessage$ReqGoldShopList
2859:             1             32  game.message.shopMessage$ReqGoldShopList$MsgID
2860:             1             32  game.message.shopMessage$ReqNpcShopBuyItem$MsgID
2861:             1             32  game.message.shopMessage$ReqNpcShopList
2862:             1             32  game.message.shopMessage$ReqNpcShopList$MsgID
2863:             1             32  game.message.shopMessage$ReqRefreshShop$MsgID
2864:             1             32  game.message.shopMessage$ReqSellMyBagItem$MsgID
2865:             1             32  game.message.shopMessage$ReqShengMiBuyItem$MsgID
2866:             1             32  game.message.shopMessage$ReqShengMiFresh$MsgID
2867:             1             32  game.message.shopMessage$ReqShopList$MsgID
2868:             1             32  game.message.shopMessage$ReqShopSubList
2869:             1             32  game.message.shopMessage$ReqShopSubList$MsgID
2870:             1             32  game.message.storeMessage$ReqBagToStore$MsgID
2871:             1             32  game.message.storeMessage$ReqOpenStoreCell$MsgID
2872:             1             32  game.message.storeMessage$ReqStoreClearUp
2873:             1             32  game.message.storeMessage$ReqStoreClearUp$MsgID
2874:             1             32  game.message.storeMessage$ReqStoreMoveItem$MsgID
2875:             1             32  game.message.storeMessage$ReqStoreToBag$MsgID
2876:             1             32  game.message.taskMessage$ReqChangeTaskState$MsgID
2877:             1             32  game.message.taskMessage$ReqCheckTaskIsFinish$MsgID
2878:             1             32  game.message.taskMessage$ReqDailyUpStar$MsgID
2879:             1             32  game.message.taskMessage$ReqGiveUpTask$MsgID
2880:             1             32  game.message.taskMessage$ReqOneKeyOverTask$MsgID
2881:             1             32  game.message.taskMessage$ReqQuickFinish$MsgID
2882:             1             32  game.message.taskMessage$ReqReceiveTask$MsgID
2883:             1             32  game.message.taskMessage$ReqRefreshTask$MsgID
2884:             1             32  game.message.taskMessage$ReqTaskFinish$MsgID
2885:             2             32  io.netty.bootstrap.ServerBootstrapConfig
2886:             1             32  io.netty.buffer.PoolThreadCache$MemoryRegionCache$1
2887:             1             32  io.netty.buffer.PooledSlicedByteBuf$1
2888:             1             32  io.netty.buffer.PooledUnsafeDirectByteBuf$1
2889:             1             32  io.netty.buffer.UnpooledByteBufAllocator
2890:             1             32  io.netty.channel.AbstractChannelHandlerContext$WriteAndFlushTask
2891:             1             32  io.netty.channel.AbstractChannelHandlerContext$WriteAndFlushTask$1
2892:             1             32  io.netty.channel.ChannelOutboundBuffer$Entry$1
2893:             1             32  io.netty.handler.codec.ByteToMessageCodec$Encoder
2894:             1             32  io.netty.handler.codec.CodecOutputList$1
2895:             2             32  io.netty.handler.traffic.TrafficCounter$TrafficMonitoringTask
2896:             1             32  io.netty.util.Recycler$WeakOrderQueue$Link
2897:             1             32  io.netty.util.ResourceLeakDetector
2898:             2             32  io.netty.util.internal.logging.Slf4JLoggerFactory
2899:             1             32  java.beans.ThreadGroupContext
2900:             1             32  java.beans.ThreadGroupContext$1
2901:             1             32  java.io.ByteArrayInputStream
2902:             1             32  java.io.UnixFileSystem
2903:             1             32  java.lang.ArithmeticException
2904:             1             32  java.lang.ArrayIndexOutOfBoundsException
2905:             2             32  java.lang.Boolean
2906:             1             32  java.lang.ClassCastException
2907:             1             32  java.lang.NullPointerException
2908:             2             32  java.lang.Shutdown$Lock
2909:             1             32  java.lang.UnsupportedOperationException
2910:             1             32  java.lang.reflect.WeakCache
2911:             1             32  java.lang.reflect.WeakCache$CacheKey
2912:             2             32  java.nio.ByteOrder
2913:             1             32  java.nio.DirectByteBuffer$Deallocator
2914:             1             32  java.nio.channels.NotYetConnectedException
2915:             1             32  java.text.DontCareFieldPosition
2916:             2             32  java.util.LinkedHashMap$LinkedKeySet
2917:             1             32  java.util.Random
2918:             1             32  java.util.concurrent.CancellationException
2919:             2             32  java.util.concurrent.CountDownLatch
2920:             1             32  java.util.concurrent.ThreadLocalRandom
2921:             1             32  java.util.concurrent.atomic.AtomicLongFieldUpdater$CASUpdater
2922:             1             32  java.util.logging.LogManager$SystemLoggerContext
2923:             1             32  javax.script.ScriptEngineManager
2924:             2             32  javax.xml.xpath.SecuritySupport
2925:             2             32  org.apache.commons.lang.time.FastDateFormat$TimeZoneNumberRule
2926:             1             32  org.apache.ibatis.ognl.EvaluationPool
2927:             1             32  org.apache.ibatis.ognl.IntHashMap
2928:             1             32  org.apache.ibatis.reflection.MetaObject
2929:             1             32  org.apache.log4j.AsyncAppender$Dispatcher
2930:             1             32  org.apache.log4j.PatternLayout
2931:             2             32  org.apache.log4j.helpers.AppenderAttachableImpl
2932:             1             32  org.apache.log4j.helpers.QuietWriter
2933:             2             32  org.apache.logging.log4j.core.config.DefaultAdvertiser
2934:             1             32  org.apache.logging.log4j.core.impl.ThrowableFormatOptions
2935:             2             32  org.apache.logging.log4j.core.lookup.StrMatcher$CharSetMatcher
2936:             1             32  org.apache.logging.log4j.core.script.ScriptManager
2937:             2             32  org.apache.logging.log4j.core.util.SystemClock
2938:             1             32  org.apache.logging.log4j.status.StatusLogger$BoundedQueue
2939:             2             32  org.apache.logging.log4j.util.PropertiesUtil
2940:             2             32  sun.nio.ch.SocketDispatcher
2941:             1             32  sun.nio.cs.StandardCharsets
2942:             1             32  sun.nio.fs.LinuxFileSystem
2943:             1             32  sun.reflect.UnsafeLongFieldAccessorImpl
2944:             1             32  sun.reflect.generics.reflectiveObjects.WildcardTypeImpl
2945:             1             32  sun.util.locale.provider.LocaleResources
2946:             1             24  [Lcom.game.achievement.manager.AchievementManager$Singleton;
2947:             1             24  [Lcom.game.activeCode.manager.ActiveCodeManager$Singleton;
2948:             1             24  [Lcom.game.activity.manager.ActivityManager$Singleton;
2949:             1             24  [Lcom.game.backpack.manager.BackpackManager$Singleton;
2950:             1             24  [Lcom.game.bonfire.manager.BonfireManager$Singleton;
2951:             1             24  [Lcom.game.boss.manager.BossManager$Singleton;
2952:             1             24  [Lcom.game.boss.manager.TimingRefreshManager$Singleton;
2953:             1             24  [Lcom.game.buff.manager.BuffManager$Singleton;
2954:             1             24  [Lcom.game.card.Manager.CardManager$Singleton;
2955:             1             24  [Lcom.game.chat.Manager.ChatManager$Singleton;
2956:             1             24  [Lcom.game.citywar.manager.CityManager$Singleton;
2957:             1             24  [Lcom.game.cloak.manager.CloakManager$Singleton;
2958:             1             24  [Lcom.game.code.CodeManager$Singleton;
2959:             1             24  [Lcom.game.control.manager.ControlManager$Singleton;
2960:             1             24  [Lcom.game.cooldown.manager.CooldownManager$Singleton;
2961:             1             24  [Lcom.game.copymap.manager.CopyMapManager$Singleton;
2962:             1             24  [Lcom.game.copymap.manager.CopyMapRewardManager$Singleton;
2963:             1             24  [Lcom.game.count.manager.CountManager$Singleton;
2964:             1             24  [Lcom.game.courage.manager.CourageManager$Singleton;
2965:             1             24  [Lcom.game.crossjjc.manager.CrossJJCManager$Singleton;
2966:             1             24  [Lcom.game.crossserver.manager.CrossServerManager$Singleton;
2967:             1             24  [Lcom.game.dailyactive.manager.DailyActiveManager$Singleton;
2968:             1             24  [Lcom.game.dragoon.manager.DragoonManager$Singleton;
2969:             1             24  [Lcom.game.drop.manager.DropManager$Singleton;
2970:             1             24  [Lcom.game.equip.manager.EquipManager$Singleton;
2971:             1             24  [Lcom.game.fashion.manager.FashionManager$Singleton;
2972:             1             24  [Lcom.game.fight.manager.FightManager$Singleton;
2973:             1             24  [Lcom.game.fightserver.manager.FightClientManager$Singleton;
2974:             1             24  [Lcom.game.friend.manager.FriendManager$Singleton;
2975:             1             24  [Lcom.game.genesistemple.manager.GenesisTempleManager$Singleton;
2976:             1             24  [Lcom.game.gm.manager.GmCommandManager$Singleton;
2977:             1             24  [Lcom.game.gold.manager.GoldManager$Singleton;
2978:             1             24  [Lcom.game.guild.manager.GuildsManager$Singleton;
2979:             1             24  [Lcom.game.heart.manager.HeartManager$Singleton;
2980:             1             24  [Lcom.game.horse.manager.HorseManager$Singleton;
2981:             1             24  [Lcom.game.jjc.manager.JJCManager$Singleton;
2982:             1             24  [Lcom.game.kingpalace.manager.KingPalaceManager$Singleton;
2983:             1             24  [Lcom.game.mail.manager.MailManager$Singleton;
2984:             1             24  [Lcom.game.map.manager.MapManager$Singleton;
2985:             1             24  [Lcom.game.map.manager.MapsConfigManager$Singleton;
2986:             1             24  [Lcom.game.markets.manager.MarketManager$Singleton;
2987:             1             24  [Lcom.game.marriage.manager.MarriageManager$Singleton;
2988:             1             24  [Lcom.game.medal.manager.MedalManager$Singleton;
2989:             1             24  [Lcom.game.memory.manager.HatredManager$Singleton;
2990:             1             24  [Lcom.game.monster.manager.MonsterManager$Singleton;
2991:             1             24  [Lcom.game.newergift.manager.NewerGiftManager$Singleton;
2992:             1             24  [Lcom.game.newserveractivity.manager.NewServerActivityManager$Singleton;
2993:             1             24  [Lcom.game.npc.manager.NpcManager$Singleton;
2994:             1             24  [Lcom.game.offlineplayer.Manager.OfflinePlayerManager$Singleton;
2995:             1             24  [Lcom.game.operate.manager.OperateManager$Singleton;
2996:             1             24  [Lcom.game.pet.manager.PetManager$Singleton;
2997:             1             24  [Lcom.game.platformevaluate.manager.PlatformevaluateManager$Singleton;
2998:             1             24  [Lcom.game.player.Manager.PlayerAttributeManager$Singleton;
2999:             1             24  [Lcom.game.player.Manager.PlayerManager$Singleton;
3000:             1             24  [Lcom.game.pray.manager.PrayManager$Singleton;
3001:             1             24  [Lcom.game.questions.manager.QuestionManager$Singleton;
3002:             1             24  [Lcom.game.ranklist.manager.RankListManager$Singleton;
3003:             1             24  [Lcom.game.recharge.manager.RechargeManager$Singleton;
3004:             1             24  [Lcom.game.redpacket.manager.RedPacketManager$Singleton;
3005:             1             24  [Lcom.game.register.manager.RegisterManager$Singleton;
3006:             1             24  [Lcom.game.roleLog.RoleUpdateLogService$Singleton;
3007:             1             24  [Lcom.game.scuffle.manager.ScuffleManager$Singleton;
3008:             1             24  [Lcom.game.seektreasure.manager.SeekTreasureManager$Singleton;
3009:             1             24  [Lcom.game.server.GameServer$Singleton;
3010:             1             24  [Lcom.game.shitu.manager.ShiTuManager$Singleton;
3011:             1             24  [Lcom.game.shop.manager.ShopManager$Singleton;
3012:             1             24  [Lcom.game.skill.config.SkillEventContainer$Singleton;
3013:             1             24  [Lcom.game.skill.manager.SkillManager$Singleton;
3014:             1             24  [Lcom.game.soul.manager.SoulManager$Singleton;
3015:             1             24  [Lcom.game.statue.manager.StatueManager$Singleton;
3016:             1             24  [Lcom.game.store.manager.StoreManager$Singleton;
3017:             1             24  [Lcom.game.stronger.manager.StrongerManager$Singleton;
3018:             1             24  [Lcom.game.task.manager.TaskManager$Singleton;
3019:             1             24  [Lcom.game.team.manager.TeamManager$Singleton;
3020:             1             24  [Lcom.game.thread.FriendAndRankListProcessor$Singleton;
3021:             1             24  [Lcom.game.thread.InnerServerProcessor$Singleton;
3022:             1             24  [Lcom.game.tianqibaoku.manager.BaokuManager$Singleton;
3023:             1             24  [Lcom.game.title.manager.TitleManager$Singleton;
3024:             1             24  [Lcom.game.trade.manager.TradeManager$Singleton;
3025:             1             24  [Lcom.game.updatereward.manager.UpdateRewardManager$Singleton;
3026:             1             24  [Lcom.game.vip.manager.VipManager$Singleton;
3027:             1             24  [Lcom.game.welfare.manager.WelfareManager$Singleton;
3028:             1             24  [Lcom.game.yed.YedMgr$Singleton;
3029:             1             24  [Lcom.game.zone.manager.ZoneManager$Singleton;
3030:             1             24  [Lcom.lmax.disruptor.Sequence;
3031:             1             24  [Lcom.lmax.disruptor.dsl.ProducerType;
3032:             1             24  [Lcom.sun.org.apache.xalan.internal.utils.FeatureManager$Feature;
3033:             1             24  [Lcom.sun.org.apache.xerces.internal.utils.XMLSecurityPropertyManager$Property;
3034:             1             24  [Lgame.core.dblog.LogService$Singleton;
3035:             1             24  [Lgame.core.message.MessageDictionary$Singleton;
3036:             1             24  [Lgame.core.script.ScriptJavaLoader$Singleton;
3037:             1             24  [Lgame.core.script.ScriptManager$Singleton;
3038:             1             24  [Lgame.data.GameDataManager$Singleton;
3039:             1             24  [Lio.netty.util.concurrent.GenericFutureListener;
3040:             1             24  [Ljava.io.File$PathStatus;
3041:             1             24  [Ljava.lang.ClassValue$Entry;
3042:             1             24  [Ljava.lang.reflect.Constructor;
3043:             1             24  [Ljava.net.InetAddress$Cache$Type;
3044:             1             24  [Ljava.net.InterfaceAddress;
3045:             1             24  [Ljava.net.StandardProtocolFamily;
3046:             1             24  [Ljava.util.Locale$Category;
3047:             1             24  [Lorg.apache.ibatis.executor.ExecutionPlaceholder;
3048:             1             24  [Lorg.apache.ibatis.mapping.ResultFlag;
3049:             1             24  [Lorg.apache.ibatis.ognl.OgnlRuntime$ClassCache;
3050:             1             24  [Lorg.apache.logging.log4j.core.config.status.StatusConfiguration$Verbosity;
3051:             1             24  [Lorg.apache.logging.log4j.core.pattern.NameAbbreviator$MaxElementAbbreviator$Strategy;
3052:             1             24  [Lsun.launcher.LauncherHelper;
3053:             1             24  com.alibaba.druid.stat.DruidStatManagerFacade
3054:             1             24  com.alibaba.fastjson.parser.SymbolTable
3055:             1             24  com.alibaba.fastjson.parser.deserializer.ASMDeserializerFactory
3056:             1             24  com.alibaba.fastjson.util.IdentityHashMap
3057:             1             24  com.game.achievement.manager.AchievementManager$Singleton
3058:             1             24  com.game.activeCode.manager.ActiveCodeManager$Singleton
3059:             1             24  com.game.activity.manager.ActivityManager$Singleton
3060:             1             24  com.game.backgrand.manager.BackGrandServer$backHandler
3061:             1             24  com.game.backpack.manager.BackpackManager$Singleton
3062:             1             24  com.game.bonfire.manager.BonfireManager$Singleton
3063:             1             24  com.game.boss.manager.BossManager$Singleton
3064:             1             24  com.game.boss.manager.TimingRefreshManager
3065:             1             24  com.game.boss.manager.TimingRefreshManager$Singleton
3066:             1             24  com.game.buff.manager.BuffManager$Singleton
3067:             1             24  com.game.card.Manager.CardManager$Singleton
3068:             1             24  com.game.chat.Manager.ChatManager$Singleton
3069:             1             24  com.game.citywar.manager.CityManager$Singleton
3070:             1             24  com.game.cloak.manager.CloakManager$Singleton
3071:             1             24  com.game.code.CodeManager
3072:             1             24  com.game.code.CodeManager$Singleton
3073:             1             24  com.game.control.manager.ControlManager$Singleton
3074:             1             24  com.game.cooldown.manager.CooldownManager
3075:             1             24  com.game.cooldown.manager.CooldownManager$Singleton
3076:             1             24  com.game.copymap.manager.CopyMapManager$Singleton
3077:             1             24  com.game.copymap.manager.CopyMapRewardManager
3078:             1             24  com.game.copymap.manager.CopyMapRewardManager$Singleton
3079:             1             24  com.game.count.manager.CountManager
3080:             1             24  com.game.count.manager.CountManager$Singleton
3081:             1             24  com.game.courage.manager.CourageManager$Singleton
3082:             1             24  com.game.crossjjc.manager.CrossJJCManager$Singleton
3083:             1             24  com.game.crossserver.manager.CrossServerManager$Singleton
3084:             1             24  com.game.dailyactive.manager.DailyActiveManager$Singleton
3085:             1             24  com.game.dragoon.manager.DragoonManager$Singleton
3086:             1             24  com.game.drop.manager.DropManager$Singleton
3087:             1             24  com.game.equip.manager.EquipManager$Singleton
3088:             1             24  com.game.fashion.manager.FashionManager$Singleton
3089:             1             24  com.game.fight.manager.FightManager$Singleton
3090:             1             24  com.game.fightserver.manager.FightClientManager
3091:             1             24  com.game.fightserver.manager.FightClientManager$Singleton
3092:             1             24  com.game.friend.manager.FriendManager
3093:             1             24  com.game.friend.manager.FriendManager$Singleton
3094:             1             24  com.game.genesistemple.manager.GenesisTempleManager$Singleton
3095:             1             24  com.game.gm.manager.GmCommandManager$Singleton
3096:             1             24  com.game.gold.manager.GoldManager$Singleton
3097:             1             24  com.game.guild.manager.GuildsManager$Singleton
3098:             1             24  com.game.guild.structs.WorldAuction
3099:             1             24  com.game.heart.manager.HeartManager$Singleton
3100:             1             24  com.game.horse.manager.HorseManager$Singleton
3101:             1             24  com.game.jjc.manager.JJCManager$Singleton
3102:             1             24  com.game.kingpalace.manager.KingPalaceManager$Singleton
3103:             1             24  com.game.mail.manager.MailManager
3104:             1             24  com.game.mail.manager.MailManager$Singleton
3105:             1             24  com.game.map.manager.MapManager
3106:             1             24  com.game.map.manager.MapManager$Singleton
3107:             1             24  com.game.map.manager.MapsConfigManager
3108:             1             24  com.game.map.manager.MapsConfigManager$Singleton
3109:             1             24  com.game.markets.manager.MarketManager$Singleton
3110:             1             24  com.game.marriage.manager.MarriageManager
3111:             1             24  com.game.marriage.manager.MarriageManager$Singleton
3112:             1             24  com.game.medal.manager.MedalManager$Singleton
3113:             1             24  com.game.memory.manager.HatredManager$Singleton
3114:             1             24  com.game.monster.manager.MonsterManager$Singleton
3115:             1             24  com.game.newergift.manager.NewerGiftManager$Singleton
3116:             1             24  com.game.newserveractivity.manager.NewServerActivityManager$Singleton
3117:             1             24  com.game.npc.manager.NpcManager$Singleton
3118:             1             24  com.game.offlineplayer.Manager.OfflinePlayerManager$Singleton
3119:             1             24  com.game.operate.manager.OperateManager$Singleton
3120:             1             24  com.game.pet.manager.PetManager$Singleton
3121:             1             24  com.game.platformevaluate.manager.PlatformevaluateManager$Singleton
3122:             1             24  com.game.player.Manager.PlayerAttributeManager$Singleton
3123:             1             24  com.game.player.Manager.PlayerManager
3124:             1             24  com.game.player.Manager.PlayerManager$Singleton
3125:             1             24  com.game.pray.manager.PrayManager$Singleton
3126:             1             24  com.game.questions.manager.QuestionManager$Singleton
3127:             1             24  com.game.ranklist.manager.RankListManager$Singleton
3128:             1             24  com.game.recharge.manager.RechargeManager$Singleton
3129:             1             24  com.game.redpacket.manager.RedPacketManager$Singleton
3130:             1             24  com.game.register.manager.RegisterManager$Singleton
3131:             1             24  com.game.roleLog.RoleUpdateLogService
3132:             1             24  com.game.roleLog.RoleUpdateLogService$Singleton
3133:             1             24  com.game.scuffle.manager.ScuffleManager$Singleton
3134:             1             24  com.game.seektreasure.manager.SeekTreasureManager$Singleton
3135:             1             24  com.game.server.GameServer$Singleton
3136:             1             24  com.game.server.SaveThreadManager
3137:             1             24  com.game.server.filter.InnerPlayerHandlerAdapter
3138:             1             24  com.game.shitu.manager.ShiTuManager
3139:             1             24  com.game.shitu.manager.ShiTuManager$Singleton
3140:             1             24  com.game.shop.manager.ShopManager$Singleton
3141:             1             24  com.game.skill.config.SkillEventContainer$Singleton
3142:             1             24  com.game.skill.manager.SkillManager$Singleton
3143:             1             24  com.game.soul.manager.SoulManager$Singleton
3144:             1             24  com.game.statue.manager.StatueManager
3145:             1             24  com.game.statue.manager.StatueManager$Singleton
3146:             1             24  com.game.store.manager.StoreManager$Singleton
3147:             1             24  com.game.stronger.manager.StrongerManager$Singleton
3148:             1             24  com.game.task.manager.TaskManager$Singleton
3149:             1             24  com.game.team.manager.TeamManager$Singleton
3150:             1             24  com.game.thread.FriendAndRankListProcessor
3151:             1             24  com.game.thread.FriendAndRankListProcessor$Singleton
3152:             1             24  com.game.thread.InnerServerProcessor
3153:             1             24  com.game.thread.InnerServerProcessor$Singleton
3154:             1             24  com.game.tianqibaoku.manager.BaokuManager$Singleton
3155:             1             24  com.game.title.manager.TitleManager
3156:             1             24  com.game.title.manager.TitleManager$Singleton
3157:             1             24  com.game.trade.manager.TradeManager$Singleton
3158:             1             24  com.game.updatereward.manager.UpdateRewardManager$Singleton
3159:             1             24  com.game.vip.manager.VipManager$Singleton
3160:             1             24  com.game.welfare.manager.WelfareManager$Singleton
3161:             1             24  com.game.yed.YedMgr
3162:             1             24  com.game.yed.YedMgr$Singleton
3163:             1             24  com.game.zone.manager.ZoneManager$Singleton
3164:             1             24  com.google.protobuf.LazyStringArrayList
3165:             1             24  com.google.protobuf.LiteralByteString
3166:             1             24  com.google.protobuf.UnmodifiableLazyStringList
3167:             1             24  com.lmax.disruptor.dsl.ConsumerRepository
3168:             1             24  com.script.clone.ZoneScript
3169:             1             24  com.script.clone.crossboss.CrossBoss2Script
3170:             1             24  com.script.clone.crossboss.CrossBoss3Script
3171:             1             24  com.script.clone.mutilzone.JianDangSiFangScript
3172:             1             24  com.script.copyMap.CampWar.CampWarScript
3173:             1             24  com.script.copyMap.CopyMapRewardScriptManager
3174:             1             24  com.script.copyMap.CopyMapScriptManager
3175:             1             24  com.script.copyMap.DailyActivity.FlyPetCloneScript
3176:             1             24  com.script.drop.DropScript
3177:             1             24  com.script.fight.AiMonsterSkillTargetChecker
3178:             1             24  com.script.fight.AiPetSkillTargetChecker
3179:             1             24  com.script.fight.AiPlayerSkillTargetChecker
3180:             1             24  com.script.fight.GuideSkillTargetChecker
3181:             1             24  com.script.gm.GmCommandScript
3182:             1             24  com.script.guild.GuildTimerScript
3183:             1             24  com.script.heart.HeartManagerScript
3184:             1             24  com.script.jjc.JJCManagerScript
3185:             1             24  com.script.kingpalace.KingPalaceScript
3186:             1             24  com.script.platformevaluate.PlatformEvaluateScript
3187:             1             24  com.script.rechargeAndVip.RechargeScriptManager
3188:             1             24  com.script.robot.RobotScript
3189:             1             24  com.script.server.ServerHeartScript
3190:             1             24  com.script.task.BranchTaskScript
3191:             1             24  com.sun.beans.util.Cache$Kind$1
3192:             1             24  com.sun.beans.util.Cache$Kind$2
3193:             1             24  com.sun.beans.util.Cache$Kind$3
3194:             1             24  com.sun.jmx.mbeanserver.ClassLoaderRepositorySupport
3195:             1             24  com.sun.jmx.mbeanserver.MXBeanLookup
3196:             1             24  com.sun.jmx.remote.util.ClassLogger
3197:             1             24  com.sun.org.apache.xerces.internal.impl.Constants$ArrayEnumeration
3198:             1             24  game.core.dblog.LogService$Singleton
3199:             1             24  game.core.message.MessageDictionary$Singleton
3200:             1             24  game.core.net.Config.ClientServerConfig
3201:             1             24  game.core.net.Config.ServerInfo
3202:             1             24  game.core.net.server.BaseServer$CloseByExit
3203:             1             24  game.core.net.server.ClientServer$CloseByExit
3204:             1             24  game.core.script.ScriptJavaLoader$Singleton
3205:             1             24  game.core.script.ScriptManager
3206:             1             24  game.core.script.ScriptManager$Singleton
3207:             1             24  game.data.GameDataManager$Singleton
3208:             1             24  game.data.container.Cfg_AchievementAttributeContainer
3209:             1             24  game.data.container.Cfg_AchievementRuneContainer
3210:             1             24  game.data.container.Cfg_CampBattleAwardContainer
3211:             1             24  game.data.container.Cfg_CampBattleRankContainer
3212:             1             24  game.data.container.Cfg_CampContainer
3213:             1             24  game.data.container.Cfg_CloakRune_advancedContainer
3214:             1             24  game.data.container.Cfg_CloakRune_linkContainer
3215:             1             24  game.data.container.Cfg_CloakRune_starContainer
3216:             1             24  game.data.container.Cfg_Cloak_advancedContainer
3217:             1             24  game.data.container.Cfg_Cloak_skillContainer
3218:             1             24  game.data.container.Cfg_ComboSkillContainer
3219:             1             24  game.data.container.Cfg_DragoonDebrisContainer
3220:             1             24  game.data.container.Cfg_EquipContainer
3221:             1             24  game.data.container.Cfg_Equip_starContainer
3222:             1             24  game.data.container.Cfg_ExclusiveGiftContainer
3223:             1             24  game.data.container.Cfg_FashionStarContainer
3224:             1             24  game.data.container.Cfg_FashionStarStarContainer
3225:             1             24  game.data.container.Cfg_FightSoulHuntingContainer
3226:             1             24  game.data.container.Cfg_FightingSoulContainer
3227:             1             24  game.data.container.Cfg_FightingSoulLevelContainer
3228:             1             24  game.data.container.Cfg_FirstRechargeContainer
3229:             1             24  game.data.container.Cfg_FunctionStartContainer
3230:             1             24  game.data.container.Cfg_GatherContainer
3231:             1             24  game.data.container.Cfg_GrouDropContainer
3232:             1             24  game.data.container.Cfg_GroundBuffContainer
3233:             1             24  game.data.container.Cfg_JJCAewardContainer
3234:             1             24  game.data.container.Cfg_MapsettingContainer
3235:             1             24  game.data.container.Cfg_MasterEightCircleContainer
3236:             1             24  game.data.container.Cfg_MasterKeepsakeContainer
3237:             1             24  game.data.container.Cfg_MasterSpiritArrayContainer
3238:             1             24  game.data.container.Cfg_MilitaryRankContainer
3239:             1             24  game.data.container.Cfg_MilitaryRankTaskContainer
3240:             1             24  game.data.container.Cfg_MilitaryRankcamp1Container
3241:             1             24  game.data.container.Cfg_MilitaryRankcamp2Container
3242:             1             24  game.data.container.Cfg_MythicalContainer
3243:             1             24  game.data.container.Cfg_Mythical_giftContainer
3244:             1             24  game.data.container.Cfg_Mythical_linkContainer
3245:             1             24  game.data.container.Cfg_PictureTitleContainer
3246:             1             24  game.data.container.Cfg_PlayerOccupationContainer
3247:             1             24  game.data.container.Cfg_PlayerTitleContainer
3248:             1             24  game.data.container.Cfg_PlayerTitle_RuneContainer
3249:             1             24  game.data.container.Cfg_PrayCostContainer
3250:             1             24  game.data.container.Cfg_RolldodgeContainer
3251:             1             24  game.data.container.Cfg_ScuffleLevelContainer
3252:             1             24  game.data.container.Cfg_ScuffleWinAwardContainer
3253:             1             24  game.data.container.Cfg_SpecialConditionContainer
3254:             1             24  game.data.container.Cfg_StarAttributeContainer
3255:             1             24  game.data.container.Cfg_achMedalContainer
3256:             1             24  game.data.container.Cfg_achievementContainer
3257:             1             24  game.data.container.Cfg_activeAttributeContainer
3258:             1             24  game.data.container.Cfg_activeMedalContainer
3259:             1             24  game.data.container.Cfg_activeRuneContainer
3260:             1             24  game.data.container.Cfg_active_behaviorContainer
3261:             1             24  game.data.container.Cfg_active_rewardContainer
3262:             1             24  game.data.container.Cfg_ancientBossContainer
3263:             1             24  game.data.container.Cfg_attributeAddContainer
3264:             1             24  game.data.container.Cfg_bag_gridContainer
3265:             1             24  game.data.container.Cfg_bonfireContainer
3266:             1             24  game.data.container.Cfg_bossHomeContainer
3267:             1             24  game.data.container.Cfg_buffContainer
3268:             1             24  game.data.container.Cfg_cardContainer
3269:             1             24  game.data.container.Cfg_cardawardContainer
3270:             1             24  game.data.container.Cfg_challenge_rewardContainer
3271:             1             24  game.data.container.Cfg_changejobContainer
3272:             1             24  game.data.container.Cfg_charactersContainer
3273:             1             24  game.data.container.Cfg_cinematicContainer
3274:             1             24  game.data.container.Cfg_city_postContainer
3275:             1             24  game.data.container.Cfg_city_warContainer
3276:             1             24  game.data.container.Cfg_clone_mapContainer
3277:             1             24  game.data.container.Cfg_clone_monsterContainer
3278:             1             24  game.data.container.Cfg_clone_storyContainer
3279:             1             24  game.data.container.Cfg_courageContainer
3280:             1             24  game.data.container.Cfg_dragoonContainer
3281:             1             24  game.data.container.Cfg_dragoonskillContainer
3282:             1             24  game.data.container.Cfg_drop_limitContainer
3283:             1             24  game.data.container.Cfg_droptableContainer
3284:             1             24  game.data.container.Cfg_elves_advancedContainer
3285:             1             24  game.data.container.Cfg_elves_runeContainer
3286:             1             24  game.data.container.Cfg_elves_runelevelContainer
3287:             1             24  game.data.container.Cfg_elves_runestarContainer
3288:             1             24  game.data.container.Cfg_elves_starContainer
3289:             1             24  game.data.container.Cfg_expPoolContainer
3290:             1             24  game.data.container.Cfg_extra_rewardsContainer
3291:             1             24  game.data.container.Cfg_fashionContainer
3292:             1             24  game.data.container.Cfg_fashion_linkContainer
3293:             1             24  game.data.container.Cfg_friend_intimacyContainer
3294:             1             24  game.data.container.Cfg_friend_itemContainer
3295:             1             24  game.data.container.Cfg_giftContainer
3296:             1             24  game.data.container.Cfg_gift_addContainer
3297:             1             24  game.data.container.Cfg_globalContainer
3298:             1             24  game.data.container.Cfg_growthFundContainer
3299:             1             24  game.data.container.Cfg_guild_bonfireContainer
3300:             1             24  game.data.container.Cfg_guild_collegeContainer
3301:             1             24  game.data.container.Cfg_guild_donateContainer
3302:             1             24  game.data.container.Cfg_guild_fight_continuous_rewardContainer
3303:             1             24  game.data.container.Cfg_guild_fight_cumulative_rewardContainer
3304:             1             24  game.data.container.Cfg_guild_fight_personalContainer
3305:             1             24  game.data.container.Cfg_guild_fight_rankingContainer
3306:             1             24  game.data.container.Cfg_guild_fight_rewardContainer
3307:             1             24  game.data.container.Cfg_guild_invasionContainer
3308:             1             24  game.data.container.Cfg_guild_officialContainer
3309:             1             24  game.data.container.Cfg_guild_questionContainer
3310:             1             24  game.data.container.Cfg_guild_trialContainer
3311:             1             24  game.data.container.Cfg_guild_trial_rewardContainer
3312:             1             24  game.data.container.Cfg_guild_upContainer
3313:             1             24  game.data.container.Cfg_horse_mythicalContainer
3314:             1             24  game.data.container.Cfg_horse_mythical_giftContainer
3315:             1             24  game.data.container.Cfg_horse_mythical_linkContainer
3316:             1             24  game.data.container.Cfg_horse_starContainer
3317:             1             24  game.data.container.Cfg_horse_upContainer
3318:             1             24  game.data.container.Cfg_itemContainer
3319:             1             24  game.data.container.Cfg_item_warningContainer
3320:             1             24  game.data.container.Cfg_jjcrobotContainer
3321:             1             24  game.data.container.Cfg_jumpContainer
3322:             1             24  game.data.container.Cfg_level_rewardContainer
3323:             1             24  game.data.container.Cfg_main_taskContainer
3324:             1             24  game.data.container.Cfg_marriageContainer
3325:             1             24  game.data.container.Cfg_marriage_attributeContainer
3326:             1             24  game.data.container.Cfg_marriage_costContainer
3327:             1             24  game.data.container.Cfg_marriage_dinnerContainer
3328:             1             24  game.data.container.Cfg_marriage_patronContainer
3329:             1             24  game.data.container.Cfg_marriage_ringContainer
3330:             1             24  game.data.container.Cfg_marriage_zodiacContainer
3331:             1             24  game.data.container.Cfg_master_graduateContainer
3332:             1             24  game.data.container.Cfg_master_holyContainer
3333:             1             24  game.data.container.Cfg_master_levelContainer
3334:             1             24  game.data.container.Cfg_master_rewardsContainer
3335:             1             24  game.data.container.Cfg_master_targetContainer
3336:             1             24  game.data.container.Cfg_medalContainer
3337:             1             24  game.data.container.Cfg_meltingContainer
3338:             1             24  game.data.container.Cfg_monsterAiContainer
3339:             1             24  game.data.container.Cfg_monsterContainer
3340:             1             24  game.data.container.Cfg_npcContainer
3341:             1             24  game.data.container.Cfg_offLinePlugInContainer
3342:             1             24  game.data.container.Cfg_offstringContainer
3343:             1             24  game.data.container.Cfg_online_rewardContainer
3344:             1             24  game.data.container.Cfg_petContainer
3345:             1             24  game.data.container.Cfg_pet_addattributeContainer
3346:             1             24  game.data.container.Cfg_pet_levelContainer
3347:             1             24  game.data.container.Cfg_pet_probabilityContainer
3348:             1             24  game.data.container.Cfg_pet_probability_posContainer
3349:             1             24  game.data.container.Cfg_prayContainer
3350:             1             24  game.data.container.Cfg_question_warehouseContainer
3351:             1             24  game.data.container.Cfg_rankContainer
3352:             1             24  game.data.container.Cfg_rechargeItemContainer
3353:             1             24  game.data.container.Cfg_redPacketContainer
3354:             1             24  game.data.container.Cfg_retrieveResContainer
3355:             1             24  game.data.container.Cfg_serverStrContainer
3356:             1             24  game.data.container.Cfg_server_scuffle_kingContainer
3357:             1             24  game.data.container.Cfg_server_world_questionContainer
3358:             1             24  game.data.container.Cfg_sevenday_loginContainer
3359:             1             24  game.data.container.Cfg_sevendaypartyContainer
3360:             1             24  game.data.container.Cfg_shielding_symbolContainer
3361:             1             24  game.data.container.Cfg_shop_MaketContainer
3362:             1             24  game.data.container.Cfg_shop_MysteryContainer
3363:             1             24  game.data.container.Cfg_shop_giftContainer
3364:             1             24  game.data.container.Cfg_sign_rewardContainer
3365:             1             24  game.data.container.Cfg_skillContainer
3366:             1             24  game.data.container.Cfg_skillLevelContainer
3367:             1             24  game.data.container.Cfg_special_monsterContainer
3368:             1             24  game.data.container.Cfg_specialclone_rewardContainer
3369:             1             24  game.data.container.Cfg_specialclone_reward_coefficientContainer
3370:             1             24  game.data.container.Cfg_statue_modelContainer
3371:             1             24  game.data.container.Cfg_syntheticContainer
3372:             1             24  game.data.container.Cfg_task_battlefieldContainer
3373:             1             24  game.data.container.Cfg_task_branchContainer
3374:             1             24  game.data.container.Cfg_task_conquerContainer
3375:             1             24  game.data.container.Cfg_task_dailyContainer
3376:             1             24  game.data.container.Cfg_task_genderContainer
3377:             1             24  game.data.container.Cfg_task_guideContainer
3378:             1             24  game.data.container.Cfg_templeActivityContainer
3379:             1             24  game.data.container.Cfg_templeAwardContainer
3380:             1             24  game.data.container.Cfg_templeContainer
3381:             1             24  game.data.container.Cfg_tianqibaokuContainer
3382:             1             24  game.data.container.Cfg_tombstoneContainer
3383:             1             24  game.data.container.Cfg_treasureContainer
3384:             1             24  game.data.container.Cfg_union_jjrankContainer
3385:             1             24  game.data.container.Cfg_union_jjrank_rewardsContainer
3386:             1             24  game.data.container.Cfg_update_rewardContainer
3387:             1             24  game.data.container.Cfg_vipContainer
3388:             1             24  game.data.container.Cfg_vipLevelContainer
3389:             1             24  game.data.container.Cfg_wangfu_donateContainer
3390:             1             24  game.data.container.Cfg_wangfu_iconContainer
3391:             1             24  game.data.container.Cfg_wangfu_officialContainer
3392:             1             24  game.data.container.Cfg_wangfu_upContainer
3393:             1             24  game.data.container.Cfg_wingContainer
3394:             1             24  game.data.container.Cfg_wing_starContainer
3395:             1             24  game.data.container.Cfg_wing_upContainer
3396:             1             24  game.data.container.Cfg_worldLevelContainer
3397:             1             24  game.data.container.Cfg_ziyuanzhengduo_BOSSContainer
3398:             1             24  game.data.container.Cfg_ziyuanzhengduo_killContainer
3399:             1             24  game.data.container.Cfg_ziyuanzhengduo_rewardContainer
3400:             1             24  io.netty.buffer.UnpooledByteBufAllocator$UnpooledByteBufAllocatorMetric
3401:             1             24  io.netty.channel.ChannelOption$1
3402:             1             24  io.netty.channel.nio.AbstractNioChannel$AbstractNioUnsafe$1
3403:             1             24  io.netty.resolver.AddressResolverGroup$1
3404:             1             24  io.netty.resolver.DefaultNameResolver
3405:             1             24  io.netty.resolver.InetSocketAddressResolver
3406:             1             24  io.netty.util.AttributeKey$1
3407:             1             24  io.netty.util.ResourceLeakDetectorFactory$DefaultResourceLeakDetectorFactory
3408:             1             24  io.netty.util.Signal$1
3409:             1             24  io.netty.util.ThreadDeathWatcher$Entry
3410:             1             24  io.netty.util.concurrent.DefaultFutureListeners
3411:             1             24  io.netty.util.concurrent.FailedFuture
3412:             1             24  io.netty.util.concurrent.PromiseTask$RunnableAdapter
3413:             1             24  java.lang.ClassValue$Version
3414:             1             24  java.lang.invoke.MethodHandleImpl$4
3415:             1             24  java.lang.invoke.MethodType$ConcurrentWeakInternSet
3416:             1             24  java.net.Inet6AddressImpl
3417:             1             24  java.net.Proxy
3418:             1             24  java.security.AllPermissionCollection
3419:             1             24  java.util.Collections$EmptyMap
3420:             1             24  java.util.Currency
3421:             1             24  java.util.Locale$Cache
3422:             1             24  java.util.ResourceBundle$Control$CandidateListCache
3423:             1             24  java.util.Timer
3424:             1             24  java.util.concurrent.TimeUnit$1
3425:             1             24  java.util.concurrent.TimeUnit$2
3426:             1             24  java.util.concurrent.TimeUnit$3
3427:             1             24  java.util.concurrent.TimeUnit$4
3428:             1             24  java.util.concurrent.TimeUnit$5
3429:             1             24  java.util.concurrent.TimeUnit$6
3430:             1             24  java.util.concurrent.TimeUnit$7
3431:             1             24  java.util.jar.Manifest
3432:             1             24  java.util.logging.LogManager$LoggerContext
3433:             1             24  java.util.logging.LoggingPermission
3434:             1             24  java.util.regex.Pattern$Dollar
3435:             1             24  java.util.regex.Pattern$Slice
3436:             1             24  javax.management.NotificationBroadcasterSupport
3437:             1             24  javax.tools.ToolProvider
3438:             1             24  org.apache.ibatis.executor.ExecutionPlaceholder
3439:             1             24  org.apache.ibatis.executor.keygen.SelectKeyGenerator
3440:             1             24  org.apache.ibatis.io.ClassLoaderWrapper
3441:             1             24  org.apache.ibatis.reflection.wrapper.BeanWrapper
3442:             1             24  org.apache.ibatis.scripting.xmltags.DynamicSqlSource
3443:             1             24  org.apache.ibatis.session.RowBounds
3444:             1             24  org.apache.ibatis.type.ObjectTypeHandler
3445:             1             24  org.apache.log4j.helpers.FormattingInfo
3446:             1             24  org.apache.logging.log4j.core.appender.ConsoleAppender$Target$1
3447:             1             24  org.apache.logging.log4j.core.appender.ConsoleAppender$Target$2
3448:             1             24  org.apache.logging.log4j.core.appender.rolling.FileExtension$1
3449:             1             24  org.apache.logging.log4j.core.appender.rolling.FileExtension$2
3450:             1             24  org.apache.logging.log4j.core.appender.rolling.FileExtension$3
3451:             1             24  org.apache.logging.log4j.core.appender.rolling.FileExtension$4
3452:             1             24  org.apache.logging.log4j.core.appender.rolling.FileExtension$5
3453:             1             24  org.apache.logging.log4j.core.appender.rolling.FileExtension$6
3454:             1             24  org.apache.logging.log4j.core.async.AsyncLoggerConfigDisruptor$Log4jEventWrapperHandler
3455:             1             24  org.apache.logging.log4j.core.async.ThreadNameCachingStrategy$1
3456:             1             24  org.apache.logging.log4j.core.async.ThreadNameCachingStrategy$2
3457:             1             24  org.apache.logging.log4j.core.config.Loggers
3458:             1             24  org.apache.logging.log4j.core.config.json.JsonConfigurationFactory
3459:             1             24  org.apache.logging.log4j.core.config.plugins.util.PluginRegistry
3460:             1             24  org.apache.logging.log4j.core.config.yaml.YamlConfigurationFactory
3461:             1             24  org.apache.logging.log4j.core.impl.Log4jContextFactory
3462:             1             24  org.apache.logging.log4j.core.jmx.ContextSelectorAdmin
3463:             1             24  org.apache.logging.log4j.core.pattern.FileLocationPatternConverter
3464:             1             24  org.apache.logging.log4j.core.pattern.FormattingInfo
3465:             1             24  org.apache.logging.log4j.core.pattern.LevelPatternConverter
3466:             1             24  org.apache.logging.log4j.core.pattern.LineLocationPatternConverter
3467:             1             24  org.apache.logging.log4j.core.pattern.LineSeparatorPatternConverter
3468:             1             24  org.apache.logging.log4j.core.pattern.NameAbbreviator$MaxElementAbbreviator
3469:             1             24  org.apache.logging.log4j.core.pattern.NameAbbreviator$MaxElementAbbreviator$Strategy$1
3470:             1             24  org.apache.logging.log4j.core.pattern.NameAbbreviator$MaxElementAbbreviator$Strategy$2
3471:             1             24  org.apache.logging.log4j.core.pattern.PatternParser
3472:             1             24  org.apache.logging.log4j.core.pattern.ThreadNamePatternConverter
3473:             1             24  org.apache.logging.log4j.core.util.DefaultShutdownCallbackRegistry$RegisteredCancellable
3474:             1             24  org.apache.logging.log4j.message.SimpleMessage
3475:             1             24  org.apache.logging.log4j.spi.LoggerRegistry
3476:             1             24  org.apache.logging.log4j.status.StatusConsoleListener
3477:             1             24  org.slf4j.helpers.BasicMarker
3478:             1             24  sun.launcher.LauncherHelper
3479:             1             24  sun.management.CompilationImpl
3480:             1             24  sun.management.MemoryImpl
3481:             1             24  sun.management.OperatingSystemImpl
3482:             1             24  sun.management.RuntimeImpl
3483:             1             24  sun.management.ThreadImpl
3484:             1             24  sun.management.VMManagementImpl
3485:             1             24  sun.net.ProgressMonitor
3486:             1             24  sun.net.sdp.SdpProvider
3487:             1             24  sun.net.www.MessageHeader
3488:             1             24  sun.net.www.protocol.http.Handler
3489:             1             24  sun.net.www.protocol.jar.JarURLConnection$JarURLInputStream
3490:             1             24  sun.nio.cs.IBM437
3491:             1             24  sun.nio.cs.IBM850
3492:             1             24  sun.nio.cs.IBM852
3493:             1             24  sun.nio.cs.IBM866
3494:             1             24  sun.nio.cs.ISO_8859_1
3495:             1             24  sun.nio.cs.ISO_8859_13
3496:             1             24  sun.nio.cs.ISO_8859_2
3497:             1             24  sun.nio.cs.ISO_8859_7
3498:             1             24  sun.nio.cs.ISO_8859_9
3499:             1             24  sun.nio.cs.KOI8_R
3500:             1             24  sun.nio.cs.MS1250
3501:             1             24  sun.nio.cs.MS1251
3502:             1             24  sun.nio.cs.MS1252
3503:             1             24  sun.nio.cs.MS1257
3504:             1             24  sun.nio.cs.ThreadLocalCoders$1
3505:             1             24  sun.nio.cs.ThreadLocalCoders$2
3506:             1             24  sun.nio.cs.US_ASCII
3507:             1             24  sun.nio.cs.UTF_16
3508:             1             24  sun.nio.cs.UTF_16BE
3509:             1             24  sun.nio.cs.UTF_16LE
3510:             1             24  sun.nio.cs.UTF_32
3511:             1             24  sun.nio.cs.UTF_8
3512:             1             24  sun.reflect.generics.tree.Wildcard
3513:             1             24  sun.util.locale.BaseLocale$Cache
3514:             1             24  sun.util.locale.provider.CalendarDataProviderImpl
3515:             1             24  sun.util.locale.provider.CalendarProviderImpl
3516:             1             24  sun.util.locale.provider.CurrencyNameProviderImpl
3517:             1             24  sun.util.locale.provider.DateFormatSymbolsProviderImpl
3518:             1             24  sun.util.locale.provider.DecimalFormatSymbolsProviderImpl
3519:             1             24  sun.util.locale.provider.NumberFormatProviderImpl
3520:             1             24  sun.util.logging.PlatformLogger
3521:             1             24  sun.util.logging.PlatformLogger$JavaLoggerProxy
3522:             1             16  [Lcom.alibaba.fastjson.serializer.SerializeFilter;
3523:             1             16  [Lio.netty.util.AsciiString;
3524:             1             16  [Ljava.beans.EventSetDescriptor;
3525:             1             16  [Ljava.lang.Throwable;
3526:             1             16  [Ljava.net.NetworkInterface;
3527:             1             16  [Ljava.nio.file.attribute.FileAttribute;
3528:             1             16  [Ljava.security.Provider;
3529:             1             16  [Ljava.security.cert.X509Certificate;
3530:             1             16  [Ljava.text.FieldPosition;
3531:             1             16  [Ljava.util.logging.Handler;
3532:             1             16  [Ljavax.security.cert.X509Certificate;
3533:             1             16  com.alibaba.druid.mock.handler.MySqlMockExecuteHandlerImpl
3534:             1             16  com.alibaba.druid.stat.DruidDataSourceStatManager
3535:             1             16  com.alibaba.druid.stat.DruidStatService
3536:             1             16  com.alibaba.fastjson.parser.deserializer.JavaObjectDeserializer
3537:             1             16  com.alibaba.fastjson.parser.deserializer.MapDeserializer
3538:             1             16  com.alibaba.fastjson.parser.deserializer.NumberDeserializer
3539:             1             16  com.alibaba.fastjson.parser.deserializer.StackTraceElementDeserializer
3540:             1             16  com.alibaba.fastjson.parser.deserializer.TimeDeserializer
3541:             1             16  com.alibaba.fastjson.serializer.AtomicCodec
3542:             1             16  com.alibaba.fastjson.serializer.BigDecimalCodec
3543:             1             16  com.alibaba.fastjson.serializer.BigIntegerCodec
3544:             1             16  com.alibaba.fastjson.serializer.BooleanCodec
3545:             1             16  com.alibaba.fastjson.serializer.CalendarCodec
3546:             1             16  com.alibaba.fastjson.serializer.CharArrayCodec
3547:             1             16  com.alibaba.fastjson.serializer.CharacterCodec
3548:             1             16  com.alibaba.fastjson.serializer.CollectionCodec
3549:             1             16  com.alibaba.fastjson.serializer.DateCodec
3550:             1             16  com.alibaba.fastjson.serializer.FloatCodec
3551:             1             16  com.alibaba.fastjson.serializer.IntegerCodec
3552:             1             16  com.alibaba.fastjson.serializer.LongCodec
3553:             1             16  com.alibaba.fastjson.serializer.MiscCodec
3554:             1             16  com.alibaba.fastjson.serializer.ObjectArrayCodec
3555:             1             16  com.alibaba.fastjson.serializer.ReferenceCodec
3556:             1             16  com.alibaba.fastjson.serializer.StringCodec
3557:             1             16  com.game.achievement.manager.AchievementAttributeCalculator
3558:             1             16  com.game.achievement.manager.AchievementManager
3559:             1             16  com.game.activeCode.manager.ActiveCodeManager
3560:             1             16  com.game.backpack.manager.BackpackManager
3561:             1             16  com.game.backpack.manager.CurrencyManager
3562:             1             16  com.game.backpack.manager.MedicineAttributeCalculator
3563:             1             16  com.game.bonfire.manager.BonfireManager
3564:             1             16  com.game.buff.manager.BuffAttributeCalculator
3565:             1             16  com.game.buff.manager.BuffManager
3566:             1             16  com.game.card.Manager.CardManager
3567:             1             16  com.game.card.attribute.CardAttributeCalculator
3568:             1             16  com.game.cloak.manager.CloakManager
3569:             1             16  com.game.control.manager.ControlManager
3570:             1             16  com.game.copymap.structs.CopyMapServerParam
3571:             1             16  com.game.courage.manager.CourageManager
3572:             1             16  com.game.crossserver.manager.CrossServerManager
3573:             1             16  com.game.dailyactive.manager.ActiveMedalCalculator
3574:             1             16  com.game.dailyactive.manager.DailyActiveManager
3575:             1             16  com.game.db.dao.ActiveCodeDao
3576:             1             16  com.game.db.dao.CheckSpecDao
3577:             1             16  com.game.db.dao.CodeDao
3578:             1             16  com.game.db.dao.ExclusiveGiftDao
3579:             1             16  com.game.db.dao.ForbidChatDao
3580:             1             16  com.game.db.dao.ForbidWordDao
3581:             1             16  com.game.db.dao.GameMasterDao
3582:             1             16  com.game.db.dao.GoldDao
3583:             1             16  com.game.db.dao.MasterApplyDao
3584:             1             16  com.game.db.dao.MasterInviteDao
3585:             1             16  com.game.db.dao.OldUserDao
3586:             1             16  com.game.db.dao.RechargeDao
3587:             1             16  com.game.db.dao.RechargeReturnDao
3588:             1             16  com.game.db.dao.RechargeTotalGoldDao
3589:             1             16  com.game.db.dao.RoleLoginInfoDao
3590:             1             16  com.game.db.dao.SpecUserDao
3591:             1             16  com.game.dragoon.manager.DragoonAttributeCalculator
3592:             1             16  com.game.dragoon.manager.DragoonManager
3593:             1             16  com.game.drop.manager.DropManager
3594:             1             16  com.game.equip.manager.EquipAttributeCalculator
3595:             1             16  com.game.equip.manager.EquipManager
3596:             1             16  com.game.fashion.manager.FashionAttributeCalculator
3597:             1             16  com.game.fashion.manager.FashionManager
3598:             1             16  com.game.fight.manager.FightManager
3599:             1             16  com.game.genesistemple.manager.GenesisTempleManager
3600:             1             16  com.game.gm.manager.GmCommandManager
3601:             1             16  com.game.gold.manager.GoldManager
3602:             1             16  com.game.heart.manager.HeartManager
3603:             1             16  com.game.horse.manager.HorseAttributeCalculator
3604:             1             16  com.game.horse.manager.HorseManager
3605:             1             16  com.game.marriage.manager.MarriageAttributeCalculator
3606:             1             16  com.game.medal.manager.MedalManager
3607:             1             16  com.game.memory.manager.HatredManager
3608:             1             16  com.game.monster.manager.MonsterManager
3609:             1             16  com.game.newergift.manager.NewerGiftManager
3610:             1             16  com.game.newserveractivity.manager.NewServerActivityManager
3611:             1             16  com.game.npc.manager.NpcManager
3612:             1             16  com.game.offlineplayer.Manager.OfflinePlayerManager
3613:             1             16  com.game.operate.manager.OperateManager
3614:             1             16  com.game.pet.manager.PetAttributeCalculator
3615:             1             16  com.game.pet.manager.PetManager
3616:             1             16  com.game.platformevaluate.manager.PlatformevaluateManager
3617:             1             16  com.game.player.Manager.PlayerAttributeManager
3618:             1             16  com.game.player.attribute.BaseAttributeCalculator
3619:             1             16  com.game.player.attribute.BirthGroupAttributeCalculator
3620:             1             16  com.game.player.attribute.MilitaryRankAttributeCalculator
3621:             1             16  com.game.pray.manager.PrayManager
3622:             1             16  com.game.ranklist.rank.CompeteRank
3623:             1             16  com.game.ranklist.rank.FightPowerRank
3624:             1             16  com.game.ranklist.rank.GuildRank
3625:             1             16  com.game.ranklist.rank.HorseRank
3626:             1             16  com.game.ranklist.rank.LevelRank
3627:             1             16  com.game.ranklist.rank.SpiritBallRank
3628:             1             16  com.game.ranklist.rank.WealthRank
3629:             1             16  com.game.ranklist.rank.WingRank
3630:             1             16  com.game.recharge.manager.RechargeManager
3631:             1             16  com.game.scuffle.manager.ScuffleManager
3632:             1             16  com.game.seektreasure.manager.SeekTreasureManager
3633:             1             16  com.game.server.GameServer$1
3634:             1             16  com.game.shitu.manager.MasterAttributeCalculator
3635:             1             16  com.game.skill.config.SkillEventContainer
3636:             1             16  com.game.skill.manager.SkillAttributeCalculator
3637:             1             16  com.game.skill.manager.SkillManager
3638:             1             16  com.game.soul.manager.SoulAttributeCalculator
3639:             1             16  com.game.store.manager.StoreManager
3640:             1             16  com.game.stronger.manager.StrongerManager
3641:             1             16  com.game.team.manager.TeamManager
3642:             1             16  com.game.tianqibaoku.manager.BaokuManager
3643:             1             16  com.game.title.manager.TitleAttributeCalculator
3644:             1             16  com.game.trade.manager.TradeManager
3645:             1             16  com.game.updatereward.manager.UpdateRewardManager
3646:             1             16  com.game.vip.manager.VipAttributeCalculator
3647:             1             16  com.game.vip.manager.VipManager
3648:             1             16  com.game.welfare.manager.WelfareManager
3649:             1             16  com.game.wing.manager.WingAttributeCalculator
3650:             1             16  com.game.wing.manager.WingManager
3651:             1             16  com.game.yed.YedMgr$1
3652:             1             16  com.game.zone.manager.ZoneManager
3653:             1             16  com.google.protobuf.ExtensionRegistryLite
3654:             1             16  com.google.protobuf.UnknownFieldSet
3655:             1             16  com.google.protobuf.UnknownFieldSet$Parser
3656:             1             16  com.mysql.fabric.jdbc.FabricMySQLDriver
3657:             1             16  com.mysql.jdbc.Util
3658:             1             16  com.mysql.jdbc.log.NullLogger
3659:             1             16  com.script.achievement.AchievementScript
3660:             1             16  com.script.activeCode.ActiveCodeUse
3661:             1             16  com.script.activity.ActiBossBirthScript
3662:             1             16  com.script.activity.ActiBossDieScript
3663:             1             16  com.script.activity.ActivityDropScript
3664:             1             16  com.script.activity.ActivityScript
3665:             1             16  com.script.answerQuestions.AnswerQuestionsScript
3666:             1             16  com.script.answerQuestions.WorldQuestionsScript
3667:             1             16  com.script.backgrand.BackCommandScript
3668:             1             16  com.script.backpack.BackpackHandlerScript
3669:             1             16  com.script.backpack.BackpackManagerScript
3670:             1             16  com.script.behavior.AttackMoveBehaviorScript
3671:             1             16  com.script.behavior.DirMoveBehaviorScript
3672:             1             16  com.script.behavior.FlyBehaviorScript
3673:             1             16  com.script.behavior.GatherBehaviorScript
3674:             1             16  com.script.behavior.GuideSkillHitCheckBehaviorScript
3675:             1             16  com.script.behavior.JumpBehaviorScript
3676:             1             16  com.script.behavior.MoveBehaviorScirpt
3677:             1             16  com.script.behavior.ReviveBehaviorScript
3678:             1             16  com.script.behavior.RunBackBehaviorScript
3679:             1             16  com.script.behavior.RunBehaviorScript
3680:             1             16  com.script.behavior.SkillMoveBehaviorScript
3681:             1             16  com.script.boss.BossHomeManagerScript
3682:             1             16  com.script.boss.BossManagerScript
3683:             1             16  com.script.boss.TimingRefreshScript
3684:             1             16  com.script.buff.BuffScript
3685:             1             16  com.script.chat.ChatScript
3686:             1             16  com.script.clone.activity.ActivityMonsterWave
3687:             1             16  com.script.clone.crossboss.CrossBoss1Script
3688:             1             16  com.script.clone.crossboss.CrossBossHelperScript
3689:             1             16  com.script.clone.crossboss.CrossLoop1BossScript
3690:             1             16  com.script.clone.crossboss.CrossLoop2BossScript
3691:             1             16  com.script.clone.crossboss.CrossLoop3BossScript
3692:             1             16  com.script.clone.crossjj.CrossJJManagerScript
3693:             1             16  com.script.clone.crosswar.CrossWarScript
3694:             1             16  com.script.clone.crosswar.ScuffleKingScript
3695:             1             16  com.script.clone.crosswar.ScuffleScript
3696:             1             16  com.script.clone.resourcewar.ResourceWarDealScript
3697:             1             16  com.script.clone.test.CrossCopyMapTest
3698:             1             16  com.script.common.CommonScript
3699:             1             16  com.script.control.ControlScript
3700:             1             16  com.script.copyMap.AncientLegend.AncientLegendScript
3701:             1             16  com.script.copyMap.BossHome.BossHomeScript
3702:             1             16  com.script.copyMap.Challenge.ChallengeScript
3703:             1             16  com.script.copyMap.CloneInterfaceScript
3704:             1             16  com.script.copyMap.JuQing.Story10ChallengeCopyScript
3705:             1             16  com.script.copyMap.JuQing.Story10DifficultyCopyScript
3706:             1             16  com.script.copyMap.JuQing.Story10NormalCopyScript
3707:             1             16  com.script.copyMap.JuQing.Story1ChallengeCopyScript
3708:             1             16  com.script.copyMap.JuQing.Story1DifficultyCopyScript
3709:             1             16  com.script.copyMap.JuQing.Story1NormalCopyScript
3710:             1             16  com.script.copyMap.JuQing.Story2ChallengeCopyScript
3711:             1             16  com.script.copyMap.JuQing.Story2DifficultyCopyScript
3712:             1             16  com.script.copyMap.JuQing.Story2NormalCopyScript
3713:             1             16  com.script.copyMap.JuQing.Story3ChallengeCopyScript
3714:             1             16  com.script.copyMap.JuQing.Story3DifficultyCopyScript
3715:             1             16  com.script.copyMap.JuQing.Story3NormalCopyScript
3716:             1             16  com.script.copyMap.JuQing.Story4ChallengeCopyScript
3717:             1             16  com.script.copyMap.JuQing.Story4DifficultyCopyScript
3718:             1             16  com.script.copyMap.JuQing.Story4NormalCopyScript
3719:             1             16  com.script.copyMap.JuQing.Story5ChallengeCopyScript
3720:             1             16  com.script.copyMap.JuQing.Story5DifficultyCopyScript
3721:             1             16  com.script.copyMap.JuQing.Story5NormalCopyScript
3722:             1             16  com.script.copyMap.JuQing.Story6ChallengeCopyScript
3723:             1             16  com.script.copyMap.JuQing.Story6DifficultyCopyScript
3724:             1             16  com.script.copyMap.JuQing.Story6NormalCopyScript
3725:             1             16  com.script.copyMap.JuQing.Story7ChallengeCopyScript
3726:             1             16  com.script.copyMap.JuQing.Story7DifficultyCopyScript
3727:             1             16  com.script.copyMap.JuQing.Story7NormalCopyScript
3728:             1             16  com.script.copyMap.JuQing.Story8ChallengeCopyScript
3729:             1             16  com.script.copyMap.JuQing.Story8DifficultyCopyScript
3730:             1             16  com.script.copyMap.JuQing.Story8NormalCopyScript
3731:             1             16  com.script.copyMap.JuQing.Story9ChallengeCopyScript
3732:             1             16  com.script.copyMap.JuQing.Story9DifficultyCopyScript
3733:             1             16  com.script.copyMap.JuQing.Story9NormalCopyScript
3734:             1             16  com.script.copyMap.JuQing.StoryCloneBaseScript
3735:             1             16  com.script.copyMap.OldBattleground.OldBattlegroundScript
3736:             1             16  com.script.copyMap.loopboss.LoopBossWarScript
3737:             1             16  com.script.copyMap.marriage.MarriageCopyScript
3738:             1             16  com.script.copyMap.medal.MedalCopyScript
3739:             1             16  com.script.copyMap.taskClone.TaskCloneScript
3740:             1             16  com.script.copyMap.taskClone.XinShouTaskCloneScript
3741:             1             16  com.script.courage.CourageScript
3742:             1             16  com.script.cross.CrossChangeMapScript
3743:             1             16  com.script.cross.CrossFightScript
3744:             1             16  com.script.cross.CrossServerScript
3745:             1             16  com.script.dailyactive.DailyactiveScript
3746:             1             16  com.script.dragoon.DragoonManagerScript
3747:             1             16  com.script.equip.EquipManagerScript
3748:             1             16  com.script.fashion.FasionScript
3749:             1             16  com.script.genesistemple.GenesisTempleBossScript
3750:             1             16  com.script.genesistemple.GenesisTempleScript
3751:             1             16  com.script.guild.GuildBossWarScript
3752:             1             16  com.script.guild.GuildWarManagerScript
3753:             1             16  com.script.guild.GuildsHandlerScript
3754:             1             16  com.script.guild.GuildsManagerScript
3755:             1             16  com.script.horse.HorseScript
3756:             1             16  com.script.item.EquipItemScript
3757:             1             16  com.script.item.InnerGoldScript
3758:             1             16  com.script.item.ItemScriptTest
3759:             1             16  com.script.item.PictureTitleScript
3760:             1             16  com.script.item.WanShouXiuWeiDan
3761:             1             16  com.script.map.BonfireCheckScript
3762:             1             16  com.script.map.MapCleanerScript
3763:             1             16  com.script.map.MapDealScript
3764:             1             16  com.script.map.MapManagerScript
3765:             1             16  com.script.map.TransportScript
3766:             1             16  com.script.market.marketGameScript
3767:             1             16  com.script.marriage.MarriageManagerScript
3768:             1             16  com.script.medal.MedalScript
3769:             1             16  com.script.melting.MeltingScript
3770:             1             16  com.script.message.MessageScript
3771:             1             16  com.script.militaryrank.MilitaryRankScript
3772:             1             16  com.script.monster.MonsterAiScript
3773:             1             16  com.script.monster.MonsterManagerScript
3774:             1             16  com.script.newergift.NewerGiftScript
3775:             1             16  com.script.newerveractivity.ActivityNewServerScript
3776:             1             16  com.script.npc.NpcManagerScript
3777:             1             16  com.script.offlineplayer.OfflinePlayerAIScript
3778:             1             16  com.script.offlineplayer.OfflinePlayerManagerScript
3779:             1             16  com.script.offlineplayer.OfflinePlayerScript
3780:             1             16  com.script.pet.PetScript
3781:             1             16  com.script.player.ChangeJob
3782:             1             16  com.script.player.ChangeRoleName
3783:             1             16  com.script.player.EnterGameFinish
3784:             1             16  com.script.player.LevelChange
3785:             1             16  com.script.player.PlayerAiScript
3786:             1             16  com.script.player.PlayerBattleScript
3787:             1             16  com.script.player.PlayerCheckVipLevelScript
3788:             1             16  com.script.player.PlayerGetVipGift
3789:             1             16  com.script.player.PlayerManagerScript
3790:             1             16  com.script.player.PlayerReliveScript
3791:             1             16  com.script.pray.PrayScript
3792:             1             16  com.script.ranklist.RankListScript
3793:             1             16  com.script.redpacket.RedPacketScript
3794:             1             16  com.script.register.RoleEnterGame
3795:             1             16  com.script.register.RoleQuitGame
3796:             1             16  com.script.robot.RobotAIScript
3797:             1             16  com.script.scuffle.ScuffleHandlerScript
3798:             1             16  com.script.scuffle.ScuffleManagerScript
3799:             1             16  com.script.seektreasure.SeekTreasureScript
3800:             1             16  com.script.server.ErrorLogReport
3801:             1             16  com.script.server.Handler_Filter
3802:             1             16  com.script.server.ServerScript
3803:             1             16  com.script.shop.ShopScriptManager
3804:             1             16  com.script.skill.SkillManagerScript
3805:             1             16  com.script.soul.FightSoulScript
3806:             1             16  com.script.store.StoreHandlerScript
3807:             1             16  com.script.store.StoreManagerScript
3808:             1             16  com.script.stronger.DailyRechargeRewardScript
3809:             1             16  com.script.task.BattleFieldTaskScript
3810:             1             16  com.script.task.BorderTaskScript
3811:             1             16  com.script.task.CanReceiveTaskScript
3812:             1             16  com.script.task.ConquerTaskScript
3813:             1             16  com.script.task.DailyTaskScript
3814:             1             16  com.script.task.GenderTaskScript
3815:             1             16  com.script.task.GuideTaskScript
3816:             1             16  com.script.task.MainTaskScript
3817:             1             16  com.script.task.TaskManagerScript
3818:             1             16  com.script.tianqibaoku.BaokuScript
3819:             1             16  com.script.title.TitleManagerScript
3820:             1             16  com.script.trade.TradeScript
3821:             1             16  com.script.upsystem.CloakUpScript
3822:             1             16  com.script.welfare.WelfareScript
3823:             1             16  com.script.wing.WingScript
3824:             1             16  com.sun.jmx.interceptor.DefaultMBeanServerInterceptor$ResourceContext$1
3825:             1             16  com.sun.jmx.mbeanserver.DefaultMXBeanMappingFactory
3826:             1             16  com.sun.jmx.mbeanserver.DescriptorCache
3827:             1             16  com.sun.jmx.mbeanserver.MBeanAnalyzer$MethodOrder
3828:             1             16  com.sun.jmx.mbeanserver.MBeanInstantiator
3829:             1             16  com.sun.jmx.mbeanserver.MXBeanIntrospector
3830:             1             16  com.sun.jmx.mbeanserver.SecureClassLoaderRepository
3831:             1             16  com.sun.jmx.mbeanserver.StandardMBeanIntrospector
3832:             1             16  com.sun.org.apache.xalan.internal.utils.SecuritySupport
3833:             1             16  com.sun.org.apache.xerces.internal.dom.CharacterDataImpl$1
3834:             1             16  com.sun.org.apache.xerces.internal.impl.dv.dtd.IDDatatypeValidator
3835:             1             16  com.sun.org.apache.xerces.internal.impl.dv.dtd.IDREFDatatypeValidator
3836:             1             16  com.sun.org.apache.xerces.internal.impl.dv.dtd.NMTOKENDatatypeValidator
3837:             1             16  com.sun.org.apache.xerces.internal.impl.dv.dtd.NOTATIONDatatypeValidator
3838:             1             16  com.sun.org.apache.xerces.internal.impl.dv.dtd.StringDatatypeValidator
3839:             1             16  com.sun.org.apache.xerces.internal.utils.SecuritySupport
3840:             1             16  com.sun.org.apache.xpath.internal.objects.EqualComparator
3841:             1             16  com.sun.org.apache.xpath.internal.objects.GreaterThanComparator
3842:             1             16  com.sun.org.apache.xpath.internal.objects.GreaterThanOrEqualComparator
3843:             1             16  com.sun.org.apache.xpath.internal.objects.LessThanComparator
3844:             1             16  com.sun.org.apache.xpath.internal.objects.LessThanOrEqualComparator
3845:             1             16  com.sun.org.apache.xpath.internal.objects.NotEqualComparator
3846:             1             16  com.sun.org.apache.xpath.internal.objects.XMLStringFactoryImpl
3847:             1             16  com.sun.proxy.$Proxy16
3848:             1             16  com.sun.proxy.$Proxy20
3849:             1             16  com.sun.proxy.$Proxy4
3850:             1             16  game.core.dblog.db.util.TableCompar
3851:             1             16  game.core.message.DictionaryManager
3852:             1             16  game.core.message.MessageDictionary
3853:             1             16  game.core.net.thread.ServerThread$1
3854:             1             16  game.core.script.ScriptManager$1
3855:             1             16  game.core.util.TimeUtils$1
3856:             1             16  game.data.dao.Cfg_AchievementAttributeDao
3857:             1             16  game.data.dao.Cfg_AchievementRuneDao
3858:             1             16  game.data.dao.Cfg_CampBattleAwardDao
3859:             1             16  game.data.dao.Cfg_CampBattleRankDao
3860:             1             16  game.data.dao.Cfg_CampDao
3861:             1             16  game.data.dao.Cfg_CloakRune_advancedDao
3862:             1             16  game.data.dao.Cfg_CloakRune_linkDao
3863:             1             16  game.data.dao.Cfg_CloakRune_starDao
3864:             1             16  game.data.dao.Cfg_Cloak_advancedDao
3865:             1             16  game.data.dao.Cfg_Cloak_skillDao
3866:             1             16  game.data.dao.Cfg_ComboSkillDao
3867:             1             16  game.data.dao.Cfg_DragoonDebrisDao
3868:             1             16  game.data.dao.Cfg_EquipDao
3869:             1             16  game.data.dao.Cfg_Equip_starDao
3870:             1             16  game.data.dao.Cfg_ExclusiveGiftDao
3871:             1             16  game.data.dao.Cfg_FashionStarDao
3872:             1             16  game.data.dao.Cfg_FashionStarStarDao
3873:             1             16  game.data.dao.Cfg_FightSoulHuntingDao
3874:             1             16  game.data.dao.Cfg_FightingSoulDao
3875:             1             16  game.data.dao.Cfg_FightingSoulLevelDao
3876:             1             16  game.data.dao.Cfg_FirstRechargeDao
3877:             1             16  game.data.dao.Cfg_FunctionStartDao
3878:             1             16  game.data.dao.Cfg_GatherDao
3879:             1             16  game.data.dao.Cfg_GrouDropDao
3880:             1             16  game.data.dao.Cfg_GroundBuffDao
3881:             1             16  game.data.dao.Cfg_JJCAewardDao
3882:             1             16  game.data.dao.Cfg_MapsettingDao
3883:             1             16  game.data.dao.Cfg_MasterEightCircleDao
3884:             1             16  game.data.dao.Cfg_MasterKeepsakeDao
3885:             1             16  game.data.dao.Cfg_MasterSpiritArrayDao
3886:             1             16  game.data.dao.Cfg_MilitaryRankDao
3887:             1             16  game.data.dao.Cfg_MilitaryRankTaskDao
3888:             1             16  game.data.dao.Cfg_MilitaryRankcamp1Dao
3889:             1             16  game.data.dao.Cfg_MilitaryRankcamp2Dao
3890:             1             16  game.data.dao.Cfg_MythicalDao
3891:             1             16  game.data.dao.Cfg_Mythical_giftDao
3892:             1             16  game.data.dao.Cfg_Mythical_linkDao
3893:             1             16  game.data.dao.Cfg_PictureTitleDao
3894:             1             16  game.data.dao.Cfg_PlayerOccupationDao
3895:             1             16  game.data.dao.Cfg_PlayerTitleDao
3896:             1             16  game.data.dao.Cfg_PlayerTitle_RuneDao
3897:             1             16  game.data.dao.Cfg_PrayCostDao
3898:             1             16  game.data.dao.Cfg_RolldodgeDao
3899:             1             16  game.data.dao.Cfg_ScuffleLevelDao
3900:             1             16  game.data.dao.Cfg_ScuffleWinAwardDao
3901:             1             16  game.data.dao.Cfg_SpecialConditionDao
3902:             1             16  game.data.dao.Cfg_StarAttributeDao
3903:             1             16  game.data.dao.Cfg_achMedalDao
3904:             1             16  game.data.dao.Cfg_achievementDao
3905:             1             16  game.data.dao.Cfg_activeAttributeDao
3906:             1             16  game.data.dao.Cfg_activeMedalDao
3907:             1             16  game.data.dao.Cfg_activeRuneDao
3908:             1             16  game.data.dao.Cfg_active_behaviorDao
3909:             1             16  game.data.dao.Cfg_active_rewardDao
3910:             1             16  game.data.dao.Cfg_ancientBossDao
3911:             1             16  game.data.dao.Cfg_attributeAddDao
3912:             1             16  game.data.dao.Cfg_bag_gridDao
3913:             1             16  game.data.dao.Cfg_bonfireDao
3914:             1             16  game.data.dao.Cfg_bossHomeDao
3915:             1             16  game.data.dao.Cfg_buffDao
3916:             1             16  game.data.dao.Cfg_cardDao
3917:             1             16  game.data.dao.Cfg_cardawardDao
3918:             1             16  game.data.dao.Cfg_challenge_rewardDao
3919:             1             16  game.data.dao.Cfg_changejobDao
3920:             1             16  game.data.dao.Cfg_charactersDao
3921:             1             16  game.data.dao.Cfg_cinematicDao
3922:             1             16  game.data.dao.Cfg_city_postDao
3923:             1             16  game.data.dao.Cfg_city_warDao
3924:             1             16  game.data.dao.Cfg_clone_mapDao
3925:             1             16  game.data.dao.Cfg_clone_monsterDao
3926:             1             16  game.data.dao.Cfg_clone_storyDao
3927:             1             16  game.data.dao.Cfg_courageDao
3928:             1             16  game.data.dao.Cfg_dragoonDao
3929:             1             16  game.data.dao.Cfg_dragoonskillDao
3930:             1             16  game.data.dao.Cfg_drop_limitDao
3931:             1             16  game.data.dao.Cfg_droptableDao
3932:             1             16  game.data.dao.Cfg_elves_advancedDao
3933:             1             16  game.data.dao.Cfg_elves_runeDao
3934:             1             16  game.data.dao.Cfg_elves_runelevelDao
3935:             1             16  game.data.dao.Cfg_elves_runestarDao
3936:             1             16  game.data.dao.Cfg_elves_starDao
3937:             1             16  game.data.dao.Cfg_expPoolDao
3938:             1             16  game.data.dao.Cfg_extra_rewardsDao
3939:             1             16  game.data.dao.Cfg_fashionDao
3940:             1             16  game.data.dao.Cfg_fashion_linkDao
3941:             1             16  game.data.dao.Cfg_friend_intimacyDao
3942:             1             16  game.data.dao.Cfg_friend_itemDao
3943:             1             16  game.data.dao.Cfg_giftDao
3944:             1             16  game.data.dao.Cfg_gift_addDao
3945:             1             16  game.data.dao.Cfg_globalDao
3946:             1             16  game.data.dao.Cfg_growthFundDao
3947:             1             16  game.data.dao.Cfg_guild_bonfireDao
3948:             1             16  game.data.dao.Cfg_guild_collegeDao
3949:             1             16  game.data.dao.Cfg_guild_donateDao
3950:             1             16  game.data.dao.Cfg_guild_fight_continuous_rewardDao
3951:             1             16  game.data.dao.Cfg_guild_fight_cumulative_rewardDao
3952:             1             16  game.data.dao.Cfg_guild_fight_personalDao
3953:             1             16  game.data.dao.Cfg_guild_fight_rankingDao
3954:             1             16  game.data.dao.Cfg_guild_fight_rewardDao
3955:             1             16  game.data.dao.Cfg_guild_invasionDao
3956:             1             16  game.data.dao.Cfg_guild_officialDao
3957:             1             16  game.data.dao.Cfg_guild_questionDao
3958:             1             16  game.data.dao.Cfg_guild_trialDao
3959:             1             16  game.data.dao.Cfg_guild_trial_rewardDao
3960:             1             16  game.data.dao.Cfg_guild_upDao
3961:             1             16  game.data.dao.Cfg_horse_mythicalDao
3962:             1             16  game.data.dao.Cfg_horse_mythical_giftDao
3963:             1             16  game.data.dao.Cfg_horse_mythical_linkDao
3964:             1             16  game.data.dao.Cfg_horse_starDao
3965:             1             16  game.data.dao.Cfg_horse_upDao
3966:             1             16  game.data.dao.Cfg_itemDao
3967:             1             16  game.data.dao.Cfg_item_warningDao
3968:             1             16  game.data.dao.Cfg_jjcrobotDao
3969:             1             16  game.data.dao.Cfg_jumpDao
3970:             1             16  game.data.dao.Cfg_level_rewardDao
3971:             1             16  game.data.dao.Cfg_main_taskDao
3972:             1             16  game.data.dao.Cfg_marriageDao
3973:             1             16  game.data.dao.Cfg_marriage_attributeDao
3974:             1             16  game.data.dao.Cfg_marriage_costDao
3975:             1             16  game.data.dao.Cfg_marriage_dinnerDao
3976:             1             16  game.data.dao.Cfg_marriage_patronDao
3977:             1             16  game.data.dao.Cfg_marriage_ringDao
3978:             1             16  game.data.dao.Cfg_marriage_zodiacDao
3979:             1             16  game.data.dao.Cfg_master_graduateDao
3980:             1             16  game.data.dao.Cfg_master_holyDao
3981:             1             16  game.data.dao.Cfg_master_levelDao
3982:             1             16  game.data.dao.Cfg_master_rewardsDao
3983:             1             16  game.data.dao.Cfg_master_targetDao
3984:             1             16  game.data.dao.Cfg_medalDao
3985:             1             16  game.data.dao.Cfg_meltingDao
3986:             1             16  game.data.dao.Cfg_monsterAiDao
3987:             1             16  game.data.dao.Cfg_monsterDao
3988:             1             16  game.data.dao.Cfg_npcDao
3989:             1             16  game.data.dao.Cfg_offLinePlugInDao
3990:             1             16  game.data.dao.Cfg_offstringDao
3991:             1             16  game.data.dao.Cfg_online_rewardDao
3992:             1             16  game.data.dao.Cfg_petDao
3993:             1             16  game.data.dao.Cfg_pet_addattributeDao
3994:             1             16  game.data.dao.Cfg_pet_levelDao
3995:             1             16  game.data.dao.Cfg_pet_probabilityDao
3996:             1             16  game.data.dao.Cfg_pet_probability_posDao
3997:             1             16  game.data.dao.Cfg_prayDao
3998:             1             16  game.data.dao.Cfg_question_warehouseDao
3999:             1             16  game.data.dao.Cfg_rankDao
4000:             1             16  game.data.dao.Cfg_rechargeItemDao
4001:             1             16  game.data.dao.Cfg_redPacketDao
4002:             1             16  game.data.dao.Cfg_retrieveResDao
4003:             1             16  game.data.dao.Cfg_serverStrDao
4004:             1             16  game.data.dao.Cfg_server_scuffle_kingDao
4005:             1             16  game.data.dao.Cfg_server_world_questionDao
4006:             1             16  game.data.dao.Cfg_sevenday_loginDao
4007:             1             16  game.data.dao.Cfg_sevendaypartyDao
4008:             1             16  game.data.dao.Cfg_shielding_symbolDao
4009:             1             16  game.data.dao.Cfg_shop_MaketDao
4010:             1             16  game.data.dao.Cfg_shop_MysteryDao
4011:             1             16  game.data.dao.Cfg_shop_giftDao
4012:             1             16  game.data.dao.Cfg_sign_rewardDao
4013:             1             16  game.data.dao.Cfg_skillDao
4014:             1             16  game.data.dao.Cfg_skillLevelDao
4015:             1             16  game.data.dao.Cfg_special_monsterDao
4016:             1             16  game.data.dao.Cfg_specialclone_rewardDao
4017:             1             16  game.data.dao.Cfg_specialclone_reward_coefficientDao
4018:             1             16  game.data.dao.Cfg_statue_modelDao
4019:             1             16  game.data.dao.Cfg_syntheticDao
4020:             1             16  game.data.dao.Cfg_task_battlefieldDao
4021:             1             16  game.data.dao.Cfg_task_branchDao
4022:             1             16  game.data.dao.Cfg_task_conquerDao
4023:             1             16  game.data.dao.Cfg_task_dailyDao
4024:             1             16  game.data.dao.Cfg_task_genderDao
4025:             1             16  game.data.dao.Cfg_task_guideDao
4026:             1             16  game.data.dao.Cfg_templeActivityDao
4027:             1             16  game.data.dao.Cfg_templeAwardDao
4028:             1             16  game.data.dao.Cfg_templeDao
4029:             1             16  game.data.dao.Cfg_tianqibaokuDao
4030:             1             16  game.data.dao.Cfg_tombstoneDao
4031:             1             16  game.data.dao.Cfg_treasureDao
4032:             1             16  game.data.dao.Cfg_union_jjrankDao
4033:             1             16  game.data.dao.Cfg_union_jjrank_rewardsDao
4034:             1             16  game.data.dao.Cfg_update_rewardDao
4035:             1             16  game.data.dao.Cfg_vipDao
4036:             1             16  game.data.dao.Cfg_vipLevelDao
4037:             1             16  game.data.dao.Cfg_wangfu_donateDao
4038:             1             16  game.data.dao.Cfg_wangfu_iconDao
4039:             1             16  game.data.dao.Cfg_wangfu_officialDao
4040:             1             16  game.data.dao.Cfg_wangfu_upDao
4041:             1             16  game.data.dao.Cfg_wingDao
4042:             1             16  game.data.dao.Cfg_wing_starDao
4043:             1             16  game.data.dao.Cfg_wing_upDao
4044:             1             16  game.data.dao.Cfg_worldLevelDao
4045:             1             16  game.data.dao.Cfg_ziyuanzhengduo_BOSSDao
4046:             1             16  game.data.dao.Cfg_ziyuanzhengduo_killDao
4047:             1             16  game.data.dao.Cfg_ziyuanzhengduo_rewardDao
4048:             1             16  game.message.AchievementMessage$ReqGetAchievement$1
4049:             1             16  game.message.AchievementMessage$ReqGetAchievement$MsgID$1
4050:             1             16  game.message.BackendMessage$ReqActivitySendToFriend$1
4051:             1             16  game.message.BackendMessage$ReqActivitySendToFriend$MsgID$1
4052:             1             16  game.message.BackendMessage$ReqFuncOpenRoleInfo$1
4053:             1             16  game.message.BackendMessage$ReqFuncOpenRoleInfo$MsgID$1
4054:             1             16  game.message.BackendMessage$ReqGetActivityList$1
4055:             1             16  game.message.BackendMessage$ReqGetActivityList$MsgID$1
4056:             1             16  game.message.BackendMessage$ReqGetActivityReward$1
4057:             1             16  game.message.BackendMessage$ReqGetActivityReward$MsgID$1
4058:             1             16  game.message.BossHomeMessage$ReqBossHomeInfo$1
4059:             1             16  game.message.BossHomeMessage$ReqBossHomeInfo$MsgID$1
4060:             1             16  game.message.BossHomeMessage$ReqBossRecord$1
4061:             1             16  game.message.BossHomeMessage$ReqBossRecord$MsgID$1
4062:             1             16  game.message.BossMessage$ReqBossInfo$1
4063:             1             16  game.message.BossMessage$ReqBossInfo$MsgID$1
4064:             1             16  game.message.CardMessage$ReqGetAward$1
4065:             1             16  game.message.CardMessage$ReqGetAward$MsgID$1
4066:             1             16  game.message.CardMessage$ReqGetCardLevel$1
4067:             1             16  game.message.CardMessage$ReqGetCardLevel$MsgID$1
4068:             1             16  game.message.CardMessage$ReqGetCards$1
4069:             1             16  game.message.CardMessage$ReqGetCards$MsgID$1
4070:             1             16  game.message.CardMessage$ReqOneKeySmelt$1
4071:             1             16  game.message.CardMessage$ReqOneKeySmelt$MsgID$1
4072:             1             16  game.message.CardMessage$ReqSmelt$1
4073:             1             16  game.message.CardMessage$ReqSmelt$MsgID$1
4074:             1             16  game.message.ChatMessage$ChatGetContentCS$1
4075:             1             16  game.message.ChatMessage$ChatGetContentCS$MsgID$1
4076:             1             16  game.message.ChatMessage$ChatReqCS$1
4077:             1             16  game.message.ChatMessage$ChatReqCS$MsgID$1
4078:             1             16  game.message.ChatMessage$ReqAddChatRooM$1
4079:             1             16  game.message.ChatMessage$ReqAddChatRooM$MsgID$1
4080:             1             16  game.message.ChatMessage$ReqChatRoom$1
4081:             1             16  game.message.ChatMessage$ReqChatRoom$MsgID$1
4082:             1             16  game.message.ChatMessage$ReqExitChatRoom$1
4083:             1             16  game.message.ChatMessage$ReqExitChatRoom$MsgID$1
4084:             1             16  game.message.CityWarMessage$ReqAllReport$1
4085:             1             16  game.message.CityWarMessage$ReqAllReport$MsgID$1
4086:             1             16  game.message.CityWarMessage$ReqCanPostOpt$1
4087:             1             16  game.message.CityWarMessage$ReqCanPostOpt$MsgID$1
4088:             1             16  game.message.CityWarMessage$ReqCityPostOpt$1
4089:             1             16  game.message.CityWarMessage$ReqCityPostOpt$MsgID$1
4090:             1             16  game.message.CityWarMessage$ReqCityReport$1
4091:             1             16  game.message.CityWarMessage$ReqCityReport$MsgID$1
4092:             1             16  game.message.CityWarMessage$ReqEnterCityWar$1
4093:             1             16  game.message.CityWarMessage$ReqEnterCityWar$MsgID$1
4094:             1             16  game.message.CityWarMessage$ReqGetCityAward$1
4095:             1             16  game.message.CityWarMessage$ReqGetCityAward$MsgID$1
4096:             1             16  game.message.CityWarMessage$ReqGetMaxLevelCity$1
4097:             1             16  game.message.CityWarMessage$ReqGetMaxLevelCity$MsgID$1
4098:             1             16  game.message.CityWarMessage$ReqOpenCityMapList$1
4099:             1             16  game.message.CityWarMessage$ReqOpenCityMapList$MsgID$1
4100:             1             16  game.message.CityWarMessage$ReqOpenCityUi$1
4101:             1             16  game.message.CityWarMessage$ReqOpenCityUi$MsgID$1
4102:             1             16  game.message.CityWarMessage$ReqOpenSignUpUi$1
4103:             1             16  game.message.CityWarMessage$ReqOpenSignUpUi$MsgID$1
4104:             1             16  game.message.CityWarMessage$ReqPardon$1
4105:             1             16  game.message.CityWarMessage$ReqPardon$MsgID$1
4106:             1             16  game.message.CityWarMessage$ReqScanPrivilege$1
4107:             1             16  game.message.CityWarMessage$ReqScanPrivilege$MsgID$1
4108:             1             16  game.message.CityWarMessage$ReqSignUp$1
4109:             1             16  game.message.CityWarMessage$ReqSignUp$MsgID$1
4110:             1             16  game.message.CommonMessage$Position$1
4111:             1             16  game.message.CopyMapMessage$ReqBeginStartBossLoop$1
4112:             1             16  game.message.CopyMapMessage$ReqBeginStartBossLoop$MsgID$1
4113:             1             16  game.message.CopyMapMessage$ReqCloneFightInfo$1
4114:             1             16  game.message.CopyMapMessage$ReqCloneFightInfo$MsgID$1
4115:             1             16  game.message.CopyMapMessage$ReqCopyMapOut$1
4116:             1             16  game.message.CopyMapMessage$ReqCopyMapOut$MsgID$1
4117:             1             16  game.message.CopyMapMessage$ReqCopymapCardReward$1
4118:             1             16  game.message.CopyMapMessage$ReqCopymapCardReward$MsgID$1
4119:             1             16  game.message.CopyMapMessage$ReqCopymapReward$1
4120:             1             16  game.message.CopyMapMessage$ReqCopymapReward$MsgID$1
4121:             1             16  game.message.CopyMapMessage$ReqOpenPanel$1
4122:             1             16  game.message.CopyMapMessage$ReqOpenPanel$MsgID$1
4123:             1             16  game.message.CopyMapMessage$ReqUpMorale$1
4124:             1             16  game.message.CopyMapMessage$ReqUpMorale$MsgID$1
4125:             1             16  game.message.CopyMapMessage$ResSingleCloneStateChange$1
4126:             1             16  game.message.CopyMapMessage$cloneStateInfo$1
4127:             1             16  game.message.CrossCampWarMessage$G2FReqCampwarMidHarmlist$1
4128:             1             16  game.message.CrossCampWarMessage$G2FReqCampwarMidHarmlist$MsgID$1
4129:             1             16  game.message.CrossCampWarMessage$G2FReqOutlandCloneInfo$1
4130:             1             16  game.message.CrossCampWarMessage$G2FReqOutlandCloneInfo$MsgID$1
4131:             1             16  game.message.CrossCampWarMessage$ReqCrossCampwarMidHarmlist$1
4132:             1             16  game.message.CrossCampWarMessage$ReqCrossCampwarMidHarmlist$MsgID$1
4133:             1             16  game.message.CrossCampWarMessage$ReqOutlandCloneInfo$1
4134:             1             16  game.message.CrossCampWarMessage$ReqOutlandCloneInfo$MsgID$1
4135:             1             16  game.message.CrossFightMessage$F2GBraveGloryScoreInfoUpdate$1
4136:             1             16  game.message.CrossFightMessage$F2GBraveGloryScoreInfoUpdate$MsgID$1
4137:             1             16  game.message.CrossFightMessage$F2GKillOtherPlayer$1
4138:             1             16  game.message.CrossFightMessage$F2GKillOtherPlayer$MsgID$1
4139:             1             16  game.message.CrossFightMessage$P2GOutFightRoom$1
4140:             1             16  game.message.CrossFightMessage$P2GOutFightRoom$MsgID$1
4141:             1             16  game.message.CrossFightMessage$P2GResFightStart$1
4142:             1             16  game.message.CrossFightMessage$P2GResFightStart$MsgID$1
4143:             1             16  game.message.CrossFightMessage$ReqBravegloryPanel$1
4144:             1             16  game.message.CrossFightMessage$ReqBravegloryPanel$MsgID$1
4145:             1             16  game.message.CrossFightMessage$ReqEnterBraveGloryWar$1
4146:             1             16  game.message.CrossFightMessage$ReqEnterBraveGloryWar$MsgID$1
4147:             1             16  game.message.CrossFightMessage$ReqGetBravegloryDayReward$1
4148:             1             16  game.message.CrossFightMessage$ReqGetBravegloryDayReward$MsgID$1
4149:             1             16  game.message.CrossFightMessage$ReqGetBravegloryWeekReward$1
4150:             1             16  game.message.CrossFightMessage$ReqGetBravegloryWeekReward$MsgID$1
4151:             1             16  game.message.CrossFightMessage$ReqGetKillManReward$1
4152:             1             16  game.message.CrossFightMessage$ReqGetKillManReward$MsgID$1
4153:             1             16  game.message.CrossFightMessage$ReqMilitaryRankInfo$1
4154:             1             16  game.message.CrossFightMessage$ReqMilitaryRankInfo$MsgID$1
4155:             1             16  game.message.CrossFightMessage$ReqOutBravegloryWar$1
4156:             1             16  game.message.CrossFightMessage$ReqOutBravegloryWar$MsgID$1
4157:             1             16  game.message.CrossFightMessage$ReqOutFightRoom$1
4158:             1             16  game.message.CrossFightMessage$ReqOutFightRoom$MsgID$1
4159:             1             16  game.message.CrossFightMessage$ReqOutlandPanel$1
4160:             1             16  game.message.CrossFightMessage$ReqOutlandPanel$MsgID$1
4161:             1             16  game.message.CrossFightMessage$ReqUpMilitaryRank$1
4162:             1             16  game.message.CrossFightMessage$ReqUpMilitaryRank$MsgID$1
4163:             1             16  game.message.CrossResourceWarMessage$P2GRWChangeStateToAllServer$1
4164:             1             16  game.message.CrossResourceWarMessage$P2GRWChangeStateToAllServer$MsgID$1
4165:             1             16  game.message.CrossResourceWarMessage$P2GResBaoMing$1
4166:             1             16  game.message.CrossResourceWarMessage$P2GResBaoMing$MsgID$1
4167:             1             16  game.message.CrossResourceWarMessage$ReqRWBaoMing$1
4168:             1             16  game.message.CrossResourceWarMessage$ReqRWBaoMing$MsgID$1
4169:             1             16  game.message.CrossResourceWarMessage$ReqRWBaoMingState$1
4170:             1             16  game.message.CrossResourceWarMessage$ReqRWBaoMingState$MsgID$1
4171:             1             16  game.message.CrossServerMessage$F2GCloneClose$1
4172:             1             16  game.message.CrossServerMessage$F2GCloneClose$MsgID$1
4173:             1             16  game.message.CrossServerMessage$F2GCloneEnterAddOne$1
4174:             1             16  game.message.CrossServerMessage$F2GCloneEnterAddOne$MsgID$1
4175:             1             16  game.message.CrossServerMessage$F2GEnterCloneMapRes$1
4176:             1             16  game.message.CrossServerMessage$F2GEnterCloneMapRes$MsgID$1
4177:             1             16  game.message.CrossServerMessage$F2GFightEnd$1
4178:             1             16  game.message.CrossServerMessage$F2GFightEnd$MsgID$1
4179:             1             16  game.message.CrossServerMessage$F2GReliveRes$1
4180:             1             16  game.message.CrossServerMessage$F2GReliveRes$MsgID$1
4181:             1             16  game.message.CrossServerMessage$F2GResCrossDropCoin$1
4182:             1             16  game.message.CrossServerMessage$F2GResCrossDropCoin$MsgID$1
4183:             1             16  game.message.CrossServerMessage$F2GResCrossDropItem$1
4184:             1             16  game.message.CrossServerMessage$F2GResCrossDropItem$MsgID$1
4185:             1             16  game.message.CrossServerMessage$F2GResCrossUseItem$1
4186:             1             16  game.message.CrossServerMessage$F2GResCrossUseItem$MsgID$1
4187:             1             16  game.message.CrossServerMessage$F2GResHeart$1
4188:             1             16  game.message.CrossServerMessage$F2GResHeart$MsgID$1
4189:             1             16  game.message.CrossServerMessage$F2GSendReward$1
4190:             1             16  game.message.CrossServerMessage$F2GSendReward$MsgID$1
4191:             1             16  game.message.CrossServerMessage$F2GTaskAction$1
4192:             1             16  game.message.CrossServerMessage$F2GTaskAction$MsgID$1
4193:             1             16  game.message.CrossServerMessage$F2GTaskRresh$1
4194:             1             16  game.message.CrossServerMessage$F2GTaskRresh$MsgID$1
4195:             1             16  game.message.CrossServerMessage$F2G_UpMoraleRes$1
4196:             1             16  game.message.CrossServerMessage$F2G_UpMoraleRes$MsgID$1
4197:             1             16  game.message.CrossServerMessage$G2FEnterCloneMap$1
4198:             1             16  game.message.CrossServerMessage$G2FEnterCloneMap$MsgID$1
4199:             1             16  game.message.CrossServerMessage$G2FGMdeal$1
4200:             1             16  game.message.CrossServerMessage$G2FGMdeal$MsgID$1
4201:             1             16  game.message.CrossServerMessage$G2FOnEnterMapAgain$1
4202:             1             16  game.message.CrossServerMessage$G2FOnEnterMapAgain$MsgID$1
4203:             1             16  game.message.CrossServerMessage$G2FRelive$1
4204:             1             16  game.message.CrossServerMessage$G2FRelive$MsgID$1
4205:             1             16  game.message.CrossServerMessage$G2FReqChatMess$1
4206:             1             16  game.message.CrossServerMessage$G2FReqChatMess$MsgID$1
4207:             1             16  game.message.CrossServerMessage$G2FReqCloneFightInfo$1
4208:             1             16  game.message.CrossServerMessage$G2FReqCloneFightInfo$MsgID$1
4209:             1             16  game.message.CrossServerMessage$G2FReqCrossDropItemString$1
4210:             1             16  game.message.CrossServerMessage$G2FReqCrossDropItemString$MsgID$1
4211:             1             16  game.message.CrossServerMessage$G2FReqCrossUseItem$1
4212:             1             16  game.message.CrossServerMessage$G2FReqCrossUseItem$MsgID$1
4213:             1             16  game.message.CrossServerMessage$G2FReqHeart$1
4214:             1             16  game.message.CrossServerMessage$G2FReqHeart$MsgID$1
4215:             1             16  game.message.CrossServerMessage$G2FSynPlayerOut$1
4216:             1             16  game.message.CrossServerMessage$G2FSynPlayerOut$MsgID$1
4217:             1             16  game.message.CrossServerMessage$G2F_UpMorale$1
4218:             1             16  game.message.CrossServerMessage$G2F_UpMorale$MsgID$1
4219:             1             16  game.message.CrossServerMessage$P2GNoticeEvent$1
4220:             1             16  game.message.CrossServerMessage$P2GNoticeEvent$MsgID$1
4221:             1             16  game.message.CrossServerMessage$P2GPlayerStateChange$1
4222:             1             16  game.message.CrossServerMessage$P2GPlayerStateChange$MsgID$1
4223:             1             16  game.message.CrossjjcMessage$G2FJJcSurrender$1
4224:             1             16  game.message.CrossjjcMessage$G2FJJcSurrender$MsgID$1
4225:             1             16  game.message.CrossjjcMessage$P2GCrossJJCCleanAllScore$1
4226:             1             16  game.message.CrossjjcMessage$P2GCrossJJCCleanAllScore$MsgID$1
4227:             1             16  game.message.CrossjjcMessage$P2GCrossJJCRankChange$1
4228:             1             16  game.message.CrossjjcMessage$P2GCrossJJCRankChange$MsgID$1
4229:             1             16  game.message.CrossjjcMessage$P2GCrossJJcFightRes$1
4230:             1             16  game.message.CrossjjcMessage$P2GCrossJJcFightRes$MsgID$1
4231:             1             16  game.message.CrossjjcMessage$P2GCrossRankInfoRes$1
4232:             1             16  game.message.CrossjjcMessage$P2GCrossRankInfoRes$MsgID$1
4233:             1             16  game.message.CrossjjcMessage$P2GCrossRewardRankInfo$1
4234:             1             16  game.message.CrossjjcMessage$P2GCrossRewardRankInfo$MsgID$1
4235:             1             16  game.message.CrossjjcMessage$P2GUpdateCrossJJCTime$1
4236:             1             16  game.message.CrossjjcMessage$P2GUpdateCrossJJCTime$MsgID$1
4237:             1             16  game.message.CrossjjcMessage$P2GfaildEnterCrossJJC$1
4238:             1             16  game.message.CrossjjcMessage$P2GfaildEnterCrossJJC$MsgID$1
4239:             1             16  game.message.CrossjjcMessage$ReqCrossJJcCancelEnter$1
4240:             1             16  game.message.CrossjjcMessage$ReqCrossJJcCancelEnter$MsgID$1
4241:             1             16  game.message.CrossjjcMessage$ReqCrossJJcRanks$1
4242:             1             16  game.message.CrossjjcMessage$ReqCrossJJcRanks$MsgID$1
4243:             1             16  game.message.CrossjjcMessage$ReqCrossJJcReport$1
4244:             1             16  game.message.CrossjjcMessage$ReqCrossJJcReport$MsgID$1
4245:             1             16  game.message.CrossjjcMessage$ReqEnterCrossJJC$1
4246:             1             16  game.message.CrossjjcMessage$ReqEnterCrossJJC$MsgID$1
4247:             1             16  game.message.CrossjjcMessage$ReqGetCrossJJCRewards$1
4248:             1             16  game.message.CrossjjcMessage$ReqGetCrossJJCRewards$MsgID$1
4249:             1             16  game.message.CrossjjcMessage$ReqJJcSurrender$1
4250:             1             16  game.message.CrossjjcMessage$ReqJJcSurrender$MsgID$1
4251:             1             16  game.message.CrossjjcMessage$ReqOpenCrossJJc$1
4252:             1             16  game.message.CrossjjcMessage$ReqOpenCrossJJc$MsgID$1
4253:             1             16  game.message.DailyactiveMessage$ReqAchRunePanel$1
4254:             1             16  game.message.DailyactiveMessage$ReqAchRunePanel$MsgID$1
4255:             1             16  game.message.DailyactiveMessage$ReqActiveMedalPanel$1
4256:             1             16  game.message.DailyactiveMessage$ReqActiveMedalPanel$MsgID$1
4257:             1             16  game.message.DailyactiveMessage$ReqActivePanel$1
4258:             1             16  game.message.DailyactiveMessage$ReqActivePanel$MsgID$1
4259:             1             16  game.message.DailyactiveMessage$ReqDailyactivePanel$1
4260:             1             16  game.message.DailyactiveMessage$ReqDailyactivePanel$MsgID$1
4261:             1             16  game.message.DailyactiveMessage$ReqGetActiveReward$1
4262:             1             16  game.message.DailyactiveMessage$ReqGetActiveReward$MsgID$1
4263:             1             16  game.message.DailyactiveMessage$ReqUpAcMedal$1
4264:             1             16  game.message.DailyactiveMessage$ReqUpAcMedal$MsgID$1
4265:             1             16  game.message.DailyactiveMessage$ReqUpAcRune$1
4266:             1             16  game.message.DailyactiveMessage$ReqUpAcRune$MsgID$1
4267:             1             16  game.message.EquipMessage$ReqAllEquipPartStar$1
4268:             1             16  game.message.EquipMessage$ReqAllEquipPartStar$MsgID$1
4269:             1             16  game.message.EquipMessage$ReqAutoResolveSet$1
4270:             1             16  game.message.EquipMessage$ReqAutoResolveSet$MsgID$1
4271:             1             16  game.message.EquipMessage$ReqEquipFusion$1
4272:             1             16  game.message.EquipMessage$ReqEquipFusion$MsgID$1
4273:             1             16  game.message.EquipMessage$ReqEquipLearnSkill$1
4274:             1             16  game.message.EquipMessage$ReqEquipLearnSkill$MsgID$1
4275:             1             16  game.message.EquipMessage$ReqEquipRefining$1
4276:             1             16  game.message.EquipMessage$ReqEquipRefining$MsgID$1
4277:             1             16  game.message.EquipMessage$ReqEquipReset$1
4278:             1             16  game.message.EquipMessage$ReqEquipReset$MsgID$1
4279:             1             16  game.message.EquipMessage$ReqEquipResolveSet$1
4280:             1             16  game.message.EquipMessage$ReqEquipResolveSet$MsgID$1
4281:             1             16  game.message.EquipMessage$ReqEquipSell$1
4282:             1             16  game.message.EquipMessage$ReqEquipSell$MsgID$1
4283:             1             16  game.message.EquipMessage$ReqEquipSkillInheritance$1
4284:             1             16  game.message.EquipMessage$ReqEquipSkillInheritance$MsgID$1
4285:             1             16  game.message.EquipMessage$ReqEquipSwitch$1
4286:             1             16  game.message.EquipMessage$ReqEquipSwitch$MsgID$1
4287:             1             16  game.message.EquipMessage$ReqEquipTrain$1
4288:             1             16  game.message.EquipMessage$ReqEquipTrain$MsgID$1
4289:             1             16  game.message.EquipMessage$ReqEquipUnWear$1
4290:             1             16  game.message.EquipMessage$ReqEquipUnWear$MsgID$1
4291:             1             16  game.message.EquipMessage$ReqEquipWear$1
4292:             1             16  game.message.EquipMessage$ReqEquipWear$MsgID$1
4293:             1             16  game.message.EquipMessage$ReqPartUpStar$1
4294:             1             16  game.message.EquipMessage$ReqPartUpStar$MsgID$1
4295:             1             16  game.message.FashionMessage$ReqActive$1
4296:             1             16  game.message.FashionMessage$ReqActive$MsgID$1
4297:             1             16  game.message.FashionMessage$ReqDress$1
4298:             1             16  game.message.FashionMessage$ReqDress$MsgID$1
4299:             1             16  game.message.FashionMessage$ReqStarUp$1
4300:             1             16  game.message.FashionMessage$ReqStarUp$MsgID$1
4301:             1             16  game.message.FightMessage$ReqChangeAttackDir$1
4302:             1             16  game.message.FightMessage$ReqChangeAttackDir$MsgID$1
4303:             1             16  game.message.FightMessage$ReqFlyPetCloneAttack$1
4304:             1             16  game.message.FightMessage$ReqFlyPetCloneAttack$MsgID$1
4305:             1             16  game.message.FightMessage$ReqGuideSkill$1
4306:             1             16  game.message.FightMessage$ReqGuideSkill$MsgID$1
4307:             1             16  game.message.FightMessage$ReqRollMove$1
4308:             1             16  game.message.FightMessage$ReqRollMove$MsgID$1
4309:             1             16  game.message.FightMessage$ReqUseSkill$1
4310:             1             16  game.message.FightMessage$ReqUseSkill$MsgID$1
4311:             1             16  game.message.GenesisTempleMessage$P2GSubmitCloneOverInfo$1
4312:             1             16  game.message.GenesisTempleMessage$P2GSubmitCloneOverInfo$MsgID$1
4313:             1             16  game.message.GenesisTempleMessage$ReqGenesisScorePanel$1
4314:             1             16  game.message.GenesisTempleMessage$ReqGenesisScorePanel$MsgID$1
4315:             1             16  game.message.GenesisTempleMessage$ReqGenesisTemplePanel$1
4316:             1             16  game.message.GenesisTempleMessage$ReqGenesisTemplePanel$MsgID$1
4317:             1             16  game.message.GenesisTempleMessage$ReqGenesisTempleTopList$1
4318:             1             16  game.message.GenesisTempleMessage$ReqGenesisTempleTopList$MsgID$1
4319:             1             16  game.message.GenesisTempleMessage$ReqSubmitGenesisStone$1
4320:             1             16  game.message.GenesisTempleMessage$ReqSubmitGenesisStone$MsgID$1
4321:             1             16  game.message.GmMessage$GmCommandClientToServer$1
4322:             1             16  game.message.GmMessage$GmCommandClientToServer$MsgID$1
4323:             1             16  game.message.GuildMessage$ReqAnswer$1
4324:             1             16  game.message.GuildMessage$ReqAnswer$MsgID$1
4325:             1             16  game.message.GuildMessage$ReqAuctionItem$1
4326:             1             16  game.message.GuildMessage$ReqAuctionItem$MsgID$1
4327:             1             16  game.message.GuildMessage$ReqAuctionRecord$1
4328:             1             16  game.message.GuildMessage$ReqAuctionRecord$MsgID$1
4329:             1             16  game.message.GuildMessage$ReqBuySkillStudyTime$1
4330:             1             16  game.message.GuildMessage$ReqBuySkillStudyTime$MsgID$1
4331:             1             16  game.message.GuildMessage$ReqChangeGuildName$1
4332:             1             16  game.message.GuildMessage$ReqChangeGuildName$MsgID$1
4333:             1             16  game.message.GuildMessage$ReqChangeGuildSetting$1
4334:             1             16  game.message.GuildMessage$ReqChangeGuildSetting$MsgID$1
4335:             1             16  game.message.GuildMessage$ReqCreateGuild$1
4336:             1             16  game.message.GuildMessage$ReqCreateGuild$MsgID$1
4337:             1             16  game.message.GuildMessage$ReqCurrStudyTime$1
4338:             1             16  game.message.GuildMessage$ReqCurrStudyTime$MsgID$1
4339:             1             16  game.message.GuildMessage$ReqDealApplyInfo$1
4340:             1             16  game.message.GuildMessage$ReqDealApplyInfo$MsgID$1
4341:             1             16  game.message.GuildMessage$ReqDealInviteInfo$1
4342:             1             16  game.message.GuildMessage$ReqDealInviteInfo$MsgID$1
4343:             1             16  game.message.GuildMessage$ReqDonate$1
4344:             1             16  game.message.GuildMessage$ReqDonate$MsgID$1
4345:             1             16  game.message.GuildMessage$ReqEnterGuild$1
4346:             1             16  game.message.GuildMessage$ReqEnterGuild$MsgID$1
4347:             1             16  game.message.GuildMessage$ReqEnterGuildBossWar$1
4348:             1             16  game.message.GuildMessage$ReqEnterGuildBossWar$MsgID$1
4349:             1             16  game.message.GuildMessage$ReqEnterGuildWar$1
4350:             1             16  game.message.GuildMessage$ReqEnterGuildWar$MsgID$1
4351:             1             16  game.message.GuildMessage$ReqFindGuild$1
4352:             1             16  game.message.GuildMessage$ReqFindGuild$MsgID$1
4353:             1             16  game.message.GuildMessage$ReqGuildActiveNotice$1
4354:             1             16  game.message.GuildMessage$ReqGuildActiveNotice$MsgID$1
4355:             1             16  game.message.GuildMessage$ReqGuildBossWarDone$1
4356:             1             16  game.message.GuildMessage$ReqGuildBossWarDone$MsgID$1
4357:             1             16  game.message.GuildMessage$ReqGuildBossWarPanel$1
4358:             1             16  game.message.GuildMessage$ReqGuildBossWarPanel$MsgID$1
4359:             1             16  game.message.GuildMessage$ReqGuildDonateCount$1
4360:             1             16  game.message.GuildMessage$ReqGuildDonateCount$MsgID$1
4361:             1             16  game.message.GuildMessage$ReqGuildEmailNotice$1
4362:             1             16  game.message.GuildMessage$ReqGuildEmailNotice$MsgID$1
4363:             1             16  game.message.GuildMessage$ReqGuildInfo$1
4364:             1             16  game.message.GuildMessage$ReqGuildInfo$MsgID$1
4365:             1             16  game.message.GuildMessage$ReqGuildInvite$1
4366:             1             16  game.message.GuildMessage$ReqGuildInvite$MsgID$1
4367:             1             16  game.message.GuildMessage$ReqGuildLogList$1
4368:             1             16  game.message.GuildMessage$ReqGuildLogList$MsgID$1
4369:             1             16  game.message.GuildMessage$ReqGuildRecruitBySub$1
4370:             1             16  game.message.GuildMessage$ReqGuildRecruitBySub$MsgID$1
4371:             1             16  game.message.GuildMessage$ReqGuildSendEmailNotice$1
4372:             1             16  game.message.GuildMessage$ReqGuildSendEmailNotice$MsgID$1
4373:             1             16  game.message.GuildMessage$ReqGuildStudySkill$1
4374:             1             16  game.message.GuildMessage$ReqGuildStudySkill$MsgID$1
4375:             1             16  game.message.GuildMessage$ReqGuildWarPanel$1
4376:             1             16  game.message.GuildMessage$ReqGuildWarPanel$MsgID$1
4377:             1             16  game.message.GuildMessage$ReqGuildWarPersonal$1
4378:             1             16  game.message.GuildMessage$ReqGuildWarPersonal$MsgID$1
4379:             1             16  game.message.GuildMessage$ReqGuildWarRank$1
4380:             1             16  game.message.GuildMessage$ReqGuildWarRank$MsgID$1
4381:             1             16  game.message.GuildMessage$ReqImpeach$1
4382:             1             16  game.message.GuildMessage$ReqImpeach$MsgID$1
4383:             1             16  game.message.GuildMessage$ReqInvitePlayer$1
4384:             1             16  game.message.GuildMessage$ReqInvitePlayer$MsgID$1
4385:             1             16  game.message.GuildMessage$ReqJoinGuild$1
4386:             1             16  game.message.GuildMessage$ReqJoinGuild$MsgID$1
4387:             1             16  game.message.GuildMessage$ReqKickOutGuild$1
4388:             1             16  game.message.GuildMessage$ReqKickOutGuild$MsgID$1
4389:             1             16  game.message.GuildMessage$ReqKingTemple$1
4390:             1             16  game.message.GuildMessage$ReqKingTemple$MsgID$1
4391:             1             16  game.message.GuildMessage$ReqLearnSkill$1
4392:             1             16  game.message.GuildMessage$ReqLearnSkill$MsgID$1
4393:             1             16  game.message.GuildMessage$ReqLeaveGuildMap$1
4394:             1             16  game.message.GuildMessage$ReqLeaveGuildMap$MsgID$1
4395:             1             16  game.message.GuildMessage$ReqMasterReceive$1
4396:             1             16  game.message.GuildMessage$ReqMasterReceive$MsgID$1
4397:             1             16  game.message.GuildMessage$ReqMembersListInfo$1
4398:             1             16  game.message.GuildMessage$ReqMembersListInfo$MsgID$1
4399:             1             16  game.message.GuildMessage$ReqMonsterDamage$1
4400:             1             16  game.message.GuildMessage$ReqMonsterDamage$MsgID$1
4401:             1             16  game.message.GuildMessage$ReqOpenGuildBossWar$1
4402:             1             16  game.message.GuildMessage$ReqOpenGuildBossWar$MsgID$1
4403:             1             16  game.message.GuildMessage$ReqOpenaAuctionPanel$1
4404:             1             16  game.message.GuildMessage$ReqOpenaAuctionPanel$MsgID$1
4405:             1             16  game.message.GuildMessage$ReqPlayerLearnSkills$1
4406:             1             16  game.message.GuildMessage$ReqPlayerLearnSkills$MsgID$1
4407:             1             16  game.message.GuildMessage$ReqQuitGuild$1
4408:             1             16  game.message.GuildMessage$ReqQuitGuild$MsgID$1
4409:             1             16  game.message.GuildMessage$ReqReceiveIntegralRank$1
4410:             1             16  game.message.GuildMessage$ReqReceiveIntegralRank$MsgID$1
4411:             1             16  game.message.GuildMessage$ReqReceiveIntegralReward$1
4412:             1             16  game.message.GuildMessage$ReqReceiveIntegralReward$MsgID$1
4413:             1             16  game.message.GuildMessage$ReqReceivedApply$1
4414:             1             16  game.message.GuildMessage$ReqReceivedApply$MsgID$1
4415:             1             16  game.message.GuildMessage$ReqRecommendGuild$1
4416:             1             16  game.message.GuildMessage$ReqRecommendGuild$MsgID$1
4417:             1             16  game.message.GuildMessage$ReqSetRank$1
4418:             1             16  game.message.GuildMessage$ReqSetRank$MsgID$1
4419:             1             16  game.message.GuildMessage$ReqUpBuildingLevel$1
4420:             1             16  game.message.GuildMessage$ReqUpBuildingLevel$MsgID$1
4421:             1             16  game.message.GuildMessage$ReqVictoryReward$1
4422:             1             16  game.message.GuildMessage$ReqVictoryReward$MsgID$1
4423:             1             16  game.message.HorseMessage$ReqActiveMythical$1
4424:             1             16  game.message.HorseMessage$ReqActiveMythical$MsgID$1
4425:             1             16  game.message.HorseMessage$ReqChangeHorse$1
4426:             1             16  game.message.HorseMessage$ReqChangeHorse$MsgID$1
4427:             1             16  game.message.HorseMessage$ReqChangeRideState$1
4428:             1             16  game.message.HorseMessage$ReqChangeRideState$MsgID$1
4429:             1             16  game.message.HorseMessage$ReqFlyAction$1
4430:             1             16  game.message.HorseMessage$ReqFlyAction$MsgID$1
4431:             1             16  game.message.HorseMessage$ReqGetMythicalFragment$1
4432:             1             16  game.message.HorseMessage$ReqGetMythicalFragment$MsgID$1
4433:             1             16  game.message.HorseMessage$ReqHorseStarUp$1
4434:             1             16  game.message.HorseMessage$ReqHorseStarUp$MsgID$1
4435:             1             16  game.message.HorseMessage$ReqHorseUp$1
4436:             1             16  game.message.HorseMessage$ReqHorseUp$MsgID$1
4437:             1             16  game.message.HorseMessage$ReqInviteOtherPlayerForRide$1
4438:             1             16  game.message.HorseMessage$ReqInviteOtherPlayerForRide$MsgID$1
4439:             1             16  game.message.HorseMessage$ReqInviteResult$1
4440:             1             16  game.message.HorseMessage$ReqInviteResult$MsgID$1
4441:             1             16  game.message.HorseMessage$ReqMythicalInfo$1
4442:             1             16  game.message.HorseMessage$ReqMythicalInfo$MsgID$1
4443:             1             16  game.message.HorseMessage$ReqOpenHorsePanel$1
4444:             1             16  game.message.HorseMessage$ReqOpenHorsePanel$MsgID$1
4445:             1             16  game.message.HorseMessage$ReqOtherPlayerHorse$1
4446:             1             16  game.message.HorseMessage$ReqOtherPlayerHorse$MsgID$1
4447:             1             16  game.message.HorseMessage$ReqRideMythical$1
4448:             1             16  game.message.HorseMessage$ReqRideMythical$MsgID$1
4449:             1             16  game.message.HorseMessage$ReqTrainMythical$1
4450:             1             16  game.message.HorseMessage$ReqTrainMythical$MsgID$1
4451:             1             16  game.message.HorseMessage$ReqUpdateHight$1
4452:             1             16  game.message.HorseMessage$ReqUpdateHight$MsgID$1
4453:             1             16  game.message.JJCMessage$ReqAddChance$1
4454:             1             16  game.message.JJCMessage$ReqAddChance$MsgID$1
4455:             1             16  game.message.JJCMessage$ReqChallenge$1
4456:             1             16  game.message.JJCMessage$ReqChallenge$MsgID$1
4457:             1             16  game.message.JJCMessage$ReqChangeTarget$1
4458:             1             16  game.message.JJCMessage$ReqChangeTarget$MsgID$1
4459:             1             16  game.message.JJCMessage$ReqGetAward$1
4460:             1             16  game.message.JJCMessage$ReqGetAward$MsgID$1
4461:             1             16  game.message.JJCMessage$ReqGetReport$1
4462:             1             16  game.message.JJCMessage$ReqGetReport$MsgID$1
4463:             1             16  game.message.JJCMessage$ReqGetYesterdayRank$1
4464:             1             16  game.message.JJCMessage$ReqGetYesterdayRank$MsgID$1
4465:             1             16  game.message.JJCMessage$ReqJJCexit$1
4466:             1             16  game.message.JJCMessage$ReqJJCexit$MsgID$1
4467:             1             16  game.message.JJCMessage$ReqOpenJJC$1
4468:             1             16  game.message.JJCMessage$ReqOpenJJC$MsgID$1
4469:             1             16  game.message.MapMessage$ReqCineMatic$1
4470:             1             16  game.message.MapMessage$ReqCineMatic$MsgID$1
4471:             1             16  game.message.MapMessage$ReqDirMove$1
4472:             1             16  game.message.MapMessage$ReqDirMove$MsgID$1
4473:             1             16  game.message.MapMessage$ReqGather$1
4474:             1             16  game.message.MapMessage$ReqGather$MsgID$1
4475:             1             16  game.message.MapMessage$ReqGetLines$1
4476:             1             16  game.message.MapMessage$ReqGetLines$MsgID$1
4477:             1             16  game.message.MapMessage$ReqGetMonsterPos$1
4478:             1             16  game.message.MapMessage$ReqGetMonsterPos$MsgID$1
4479:             1             16  game.message.MapMessage$ReqGroundBuffStar$1
4480:             1             16  game.message.MapMessage$ReqGroundBuffStar$MsgID$1
4481:             1             16  game.message.MapMessage$ReqJump$1
4482:             1             16  game.message.MapMessage$ReqJump$MsgID$1
4483:             1             16  game.message.MapMessage$ReqJumpBlock$1
4484:             1             16  game.message.MapMessage$ReqJumpBlock$MsgID$1
4485:             1             16  game.message.MapMessage$ReqJumpDown$1
4486:             1             16  game.message.MapMessage$ReqJumpDown$MsgID$1
4487:             1             16  game.message.MapMessage$ReqMoveTo$1
4488:             1             16  game.message.MapMessage$ReqMoveTo$MsgID$1
4489:             1             16  game.message.MapMessage$ReqRelive$1
4490:             1             16  game.message.MapMessage$ReqRelive$MsgID$1
4491:             1             16  game.message.MapMessage$ReqSelectLine$1
4492:             1             16  game.message.MapMessage$ReqSelectLine$MsgID$1
4493:             1             16  game.message.MapMessage$ReqStopMove$1
4494:             1             16  game.message.MapMessage$ReqStopMove$MsgID$1
4495:             1             16  game.message.MapMessage$ReqTransport$1
4496:             1             16  game.message.MapMessage$ReqTransport$MsgID$1
4497:             1             16  game.message.MapMessage$ReqTransportControl$1
4498:             1             16  game.message.MapMessage$ReqTransportControl$MsgID$1
4499:             1             16  game.message.MarriageMessage$ReqDealMarriagePropose$1
4500:             1             16  game.message.MarriageMessage$ReqDealMarriagePropose$MsgID$1
4501:             1             16  game.message.MarriageMessage$ReqDealPeaceDivorce$1
4502:             1             16  game.message.MarriageMessage$ReqDealPeaceDivorce$MsgID$1
4503:             1             16  game.message.MarriageMessage$ReqEnterMarriageClone$1
4504:             1             16  game.message.MarriageMessage$ReqEnterMarriageClone$MsgID$1
4505:             1             16  game.message.MarriageMessage$ReqGetMarried$1
4506:             1             16  game.message.MarriageMessage$ReqGetMarried$MsgID$1
4507:             1             16  game.message.MarriageMessage$ReqGetWhisper$1
4508:             1             16  game.message.MarriageMessage$ReqGetWhisper$MsgID$1
4509:             1             16  game.message.MarriageMessage$ReqGoWedding$1
4510:             1             16  game.message.MarriageMessage$ReqGoWedding$MsgID$1
4511:             1             16  game.message.MarriageMessage$ReqHoldWedding$1
4512:             1             16  game.message.MarriageMessage$ReqHoldWedding$MsgID$1
4513:             1             16  game.message.MarriageMessage$ReqMateInfo$1
4514:             1             16  game.message.MarriageMessage$ReqMateInfo$MsgID$1
4515:             1             16  game.message.MarriageMessage$ReqSendWhisper$1
4516:             1             16  game.message.MarriageMessage$ReqSendWhisper$MsgID$1
4517:             1             16  game.message.MarriageMessage$ReqUnMarried$1
4518:             1             16  game.message.MarriageMessage$ReqUnMarried$MsgID$1
4519:             1             16  game.message.MarriageMessage$ReqUnderwayWeddingList$1
4520:             1             16  game.message.MarriageMessage$ReqUnderwayWeddingList$MsgID$1
4521:             1             16  game.message.MarriageMessage$ReqUpCoupleAttribute$1
4522:             1             16  game.message.MarriageMessage$ReqUpCoupleAttribute$MsgID$1
4523:             1             16  game.message.MarriageMessage$ReqUpCoupleSkill$1
4524:             1             16  game.message.MarriageMessage$ReqUpCoupleSkill$MsgID$1
4525:             1             16  game.message.MarriageMessage$ReqUpIntimacyLv$1
4526:             1             16  game.message.MarriageMessage$ReqUpIntimacyLv$MsgID$1
4527:             1             16  game.message.MarriageMessage$ReqUpRing$1
4528:             1             16  game.message.MarriageMessage$ReqUpRing$MsgID$1
4529:             1             16  game.message.MarriageMessage$ReqUpZodiac$1
4530:             1             16  game.message.MarriageMessage$ReqUpZodiac$MsgID$1
4531:             1             16  game.message.MeltingMessage$ReqMelting$1
4532:             1             16  game.message.MeltingMessage$ReqMelting$MsgID$1
4533:             1             16  game.message.MeltingMessage$ReqOpenMelting$1
4534:             1             16  game.message.MeltingMessage$ReqOpenMelting$MsgID$1
4535:             1             16  game.message.MeltingMessage$ReqResetMaterial$1
4536:             1             16  game.message.MeltingMessage$ReqResetMaterial$MsgID$1
4537:             1             16  game.message.NewServerActivityMessage$ReqActivityList$1
4538:             1             16  game.message.NewServerActivityMessage$ReqActivityList$MsgID$1
4539:             1             16  game.message.NewServerActivityMessage$ReqGetReward$1
4540:             1             16  game.message.NewServerActivityMessage$ReqGetReward$MsgID$1
4541:             1             16  game.message.NewerGift$ReqGetNewerGift$1
4542:             1             16  game.message.NewerGift$ReqGetNewerGift$MsgID$1
4543:             1             16  game.message.NewerGift$ReqNewerGiftInfo$1
4544:             1             16  game.message.NewerGift$ReqNewerGiftInfo$MsgID$1
4545:             1             16  game.message.PetMessage$ReqAttachSoul$1
4546:             1             16  game.message.PetMessage$ReqAttachSoul$MsgID$1
4547:             1             16  game.message.PetMessage$ReqCatchSoul$1
4548:             1             16  game.message.PetMessage$ReqCatchSoul$MsgID$1
4549:             1             16  game.message.PetMessage$ReqChangePetState$1
4550:             1             16  game.message.PetMessage$ReqChangePetState$MsgID$1
4551:             1             16  game.message.PetMessage$ReqEnterPetIsland$1
4552:             1             16  game.message.PetMessage$ReqEnterPetIsland$MsgID$1
4553:             1             16  game.message.PetMessage$ReqExploreSoul$1
4554:             1             16  game.message.PetMessage$ReqExploreSoul$MsgID$1
4555:             1             16  game.message.PetMessage$ReqPetAction$1
4556:             1             16  game.message.PetMessage$ReqPetAction$MsgID$1
4557:             1             16  game.message.PetMessage$ReqRuneInfo$1
4558:             1             16  game.message.PetMessage$ReqRuneInfo$MsgID$1
4559:             1             16  game.message.PetMessage$ReqRuneUp$1
4560:             1             16  game.message.PetMessage$ReqRuneUp$MsgID$1
4561:             1             16  game.message.PetMessage$ReqSpiritUp$1
4562:             1             16  game.message.PetMessage$ReqSpiritUp$MsgID$1
4563:             1             16  game.message.PlatformEvaluateMessage$ReqIsEvaluated$1
4564:             1             16  game.message.PlatformEvaluateMessage$ReqIsEvaluated$MsgID$1
4565:             1             16  game.message.PlatformEvaluateMessage$ReqIsSure$1
4566:             1             16  game.message.PlatformEvaluateMessage$ReqIsSure$MsgID$1
4567:             1             16  game.message.PlayerMessage$ReqChangeBirthGroup$1
4568:             1             16  game.message.PlayerMessage$ReqChangeBirthGroup$MsgID$1
4569:             1             16  game.message.PlayerMessage$ReqChangeJob$1
4570:             1             16  game.message.PlayerMessage$ReqChangeJob$MsgID$1
4571:             1             16  game.message.PlayerMessage$ReqChangeRoleName$1
4572:             1             16  game.message.PlayerMessage$ReqChangeRoleName$MsgID$1
4573:             1             16  game.message.PlayerMessage$ReqChoseBirthGroup$1
4574:             1             16  game.message.PlayerMessage$ReqChoseBirthGroup$MsgID$1
4575:             1             16  game.message.PlayerMessage$ReqCourageList$1
4576:             1             16  game.message.PlayerMessage$ReqCourageList$MsgID$1
4577:             1             16  game.message.PlayerMessage$ReqGetAccunonlinetime$1
4578:             1             16  game.message.PlayerMessage$ReqGetAccunonlinetime$MsgID$1
4579:             1             16  game.message.PlayerMessage$ReqGetPracticeInfo$1
4580:             1             16  game.message.PlayerMessage$ReqGetPracticeInfo$MsgID$1
4581:             1             16  game.message.PlayerMessage$ReqLookOtherPlayer$1
4582:             1             16  game.message.PlayerMessage$ReqLookOtherPlayer$MsgID$1
4583:             1             16  game.message.PlayerMessage$ReqMainUIGuideID$1
4584:             1             16  game.message.PlayerMessage$ReqMainUIGuideID$MsgID$1
4585:             1             16  game.message.PlayerMessage$ReqPracticeGet$1
4586:             1             16  game.message.PlayerMessage$ReqPracticeGet$MsgID$1
4587:             1             16  game.message.PlayerMessage$ReqPracticeSetDo$1
4588:             1             16  game.message.PlayerMessage$ReqPracticeSetDo$MsgID$1
4589:             1             16  game.message.PlayerMessage$ReqSendSetting$1
4590:             1             16  game.message.PlayerMessage$ReqSendSetting$MsgID$1
4591:             1             16  game.message.PlayerMessage$ReqUpdataPkState$1
4592:             1             16  game.message.PlayerMessage$ReqUpdataPkState$MsgID$1
4593:             1             16  game.message.PlayerMessage$ReqUpdateMainUIGuideID$1
4594:             1             16  game.message.PlayerMessage$ReqUpdateMainUIGuideID$MsgID$1
4595:             1             16  game.message.PlayerMessage$ReqUseActiveCode$1
4596:             1             16  game.message.PlayerMessage$ReqUseActiveCode$MsgID$1
4597:             1             16  game.message.RankListMessage$ReqRankInfo$1
4598:             1             16  game.message.RankListMessage$ReqRankInfo$MsgID$1
4599:             1             16  game.message.RankListMessage$ReqRankPlayerImageInfo$1
4600:             1             16  game.message.RankListMessage$ReqRankPlayerImageInfo$MsgID$1
4601:             1             16  game.message.RankListMessage$ReqWorship$1
4602:             1             16  game.message.RankListMessage$ReqWorship$MsgID$1
4603:             1             16  game.message.RechargeMessage$ReqFirstRechargePanel$1
4604:             1             16  game.message.RechargeMessage$ReqFirstRechargePanel$MsgID$1
4605:             1             16  game.message.RechargeMessage$ReqGetFirstRechargeAward$1
4606:             1             16  game.message.RechargeMessage$ReqGetFirstRechargeAward$MsgID$1
4607:             1             16  game.message.RechargeMessage$ReqGetRechargeGold$1
4608:             1             16  game.message.RechargeMessage$ReqGetRechargeGold$MsgID$1
4609:             1             16  game.message.RechargeMessage$ReqGetRechargeReturn$1
4610:             1             16  game.message.RechargeMessage$ReqGetRechargeReturn$MsgID$1
4611:             1             16  game.message.RedPacketMessage$ReqClickRedpacket$1
4612:             1             16  game.message.RedPacketMessage$ReqClickRedpacket$MsgID$1
4613:             1             16  game.message.RedPacketMessage$ReqGetRedPacketInfo$1
4614:             1             16  game.message.RedPacketMessage$ReqGetRedPacketInfo$MsgID$1
4615:             1             16  game.message.RedPacketMessage$ReqRedpacketList$1
4616:             1             16  game.message.RedPacketMessage$ReqRedpacketList$MsgID$1
4617:             1             16  game.message.RedPacketMessage$ReqSendMineRechargeRedpacket$1
4618:             1             16  game.message.RedPacketMessage$ReqSendMineRechargeRedpacket$MsgID$1
4619:             1             16  game.message.RedPacketMessage$ReqSendRedpacket$1
4620:             1             16  game.message.RedPacketMessage$ReqSendRedpacket$MsgID$1
4621:             1             16  game.message.RegisterMessage$ReqCreateCharacter$1
4622:             1             16  game.message.RegisterMessage$ReqCreateCharacter$MsgID$1
4623:             1             16  game.message.RegisterMessage$ReqDeleteRole$1
4624:             1             16  game.message.RegisterMessage$ReqDeleteRole$MsgID$1
4625:             1             16  game.message.RegisterMessage$ReqLoadFinish$1
4626:             1             16  game.message.RegisterMessage$ReqLoadFinish$MsgID$1
4627:             1             16  game.message.RegisterMessage$ReqLoginGame$1
4628:             1             16  game.message.RegisterMessage$ReqLoginGame$MsgID$1
4629:             1             16  game.message.RegisterMessage$ReqQuit$1
4630:             1             16  game.message.RegisterMessage$ReqQuit$MsgID$1
4631:             1             16  game.message.RegisterMessage$ReqRegainRole$1
4632:             1             16  game.message.RegisterMessage$ReqRegainRole$MsgID$1
4633:             1             16  game.message.RegisterMessage$ReqSelectCharacter$1
4634:             1             16  game.message.RegisterMessage$ReqSelectCharacter$MsgID$1
4635:             1             16  game.message.ScuffleMessage$F2GScuffleCloneEnd$1
4636:             1             16  game.message.ScuffleMessage$F2GScuffleCloneEnd$MsgID$1
4637:             1             16  game.message.ScuffleMessage$P2GResCrossleMatchFailure$1
4638:             1             16  game.message.ScuffleMessage$P2GResCrossleMatchFailure$MsgID$1
4639:             1             16  game.message.ScuffleMessage$P2GResCrossleMatchSuccess$1
4640:             1             16  game.message.ScuffleMessage$P2GResCrossleMatchSuccess$MsgID$1
4641:             1             16  game.message.ScuffleMessage$ReqCancelEnroll$1
4642:             1             16  game.message.ScuffleMessage$ReqCancelEnroll$MsgID$1
4643:             1             16  game.message.ScuffleMessage$ReqCancelMacth$1
4644:             1             16  game.message.ScuffleMessage$ReqCancelMacth$MsgID$1
4645:             1             16  game.message.ScuffleMessage$ReqEnroll$1
4646:             1             16  game.message.ScuffleMessage$ReqEnroll$MsgID$1
4647:             1             16  game.message.ScuffleMessage$ReqEnterNext$1
4648:             1             16  game.message.ScuffleMessage$ReqEnterNext$MsgID$1
4649:             1             16  game.message.ScuffleMessage$ReqEnterScuffileKing$1
4650:             1             16  game.message.ScuffleMessage$ReqEnterScuffileKing$MsgID$1
4651:             1             16  game.message.ScuffleMessage$ReqGetDayWinCountReward$1
4652:             1             16  game.message.ScuffleMessage$ReqGetDayWinCountReward$MsgID$1
4653:             1             16  game.message.ScuffleMessage$ReqGetScufflePanel$1
4654:             1             16  game.message.ScuffleMessage$ReqGetScufflePanel$MsgID$1
4655:             1             16  game.message.ScuffleMessage$ReqStartMacth$1
4656:             1             16  game.message.ScuffleMessage$ReqStartMacth$MsgID$1
4657:             1             16  game.message.ScuffleMessage$ReqWeekDivisionReward$1
4658:             1             16  game.message.ScuffleMessage$ReqWeekDivisionReward$MsgID$1
4659:             1             16  game.message.SeekTreasureMessage$ReqOpenSeekTreasurePanel$1
4660:             1             16  game.message.SeekTreasureMessage$ReqOpenSeekTreasurePanel$MsgID$1
4661:             1             16  game.message.SeekTreasureMessage$ReqSeekPriTreasureOne$1
4662:             1             16  game.message.SeekTreasureMessage$ReqSeekPriTreasureOne$MsgID$1
4663:             1             16  game.message.SeekTreasureMessage$ReqSeekPriTreasureTen$1
4664:             1             16  game.message.SeekTreasureMessage$ReqSeekPriTreasureTen$MsgID$1
4665:             1             16  game.message.SeekTreasureMessage$ReqSeekSeniorTreasureOne$1
4666:             1             16  game.message.SeekTreasureMessage$ReqSeekSeniorTreasureOne$MsgID$1
4667:             1             16  game.message.SeekTreasureMessage$ReqSeekSeniorTreasureTen$1
4668:             1             16  game.message.SeekTreasureMessage$ReqSeekSeniorTreasureTen$MsgID$1
4669:             1             16  game.message.SeekTreasureMessage$ReqSeekTreasureStart$1
4670:             1             16  game.message.SeekTreasureMessage$ReqSeekTreasureStart$MsgID$1
4671:             1             16  game.message.ShituMessage$ReqAppManualInfo$1
4672:             1             16  game.message.ShituMessage$ReqAppManualInfo$MsgID$1
4673:             1             16  game.message.ShituMessage$ReqApply$1
4674:             1             16  game.message.ShituMessage$ReqApply$MsgID$1
4675:             1             16  game.message.ShituMessage$ReqCall$1
4676:             1             16  game.message.ShituMessage$ReqCall$MsgID$1
4677:             1             16  game.message.ShituMessage$ReqEnlightening$1
4678:             1             16  game.message.ShituMessage$ReqEnlightening$MsgID$1
4679:             1             16  game.message.ShituMessage$ReqGraduate$1
4680:             1             16  game.message.ShituMessage$ReqGraduate$MsgID$1
4681:             1             16  game.message.ShituMessage$ReqInvite$1
4682:             1             16  game.message.ShituMessage$ReqInvite$MsgID$1
4683:             1             16  game.message.ShituMessage$ReqKickOut$1
4684:             1             16  game.message.ShituMessage$ReqKickOut$MsgID$1
4685:             1             16  game.message.ShituMessage$ReqOpenMasterHallowsPanl$1
4686:             1             16  game.message.ShituMessage$ReqOpenMasterHallowsPanl$MsgID$1
4687:             1             16  game.message.ShituMessage$ReqOpenShiTuPanel$1
4688:             1             16  game.message.ShituMessage$ReqOpenShiTuPanel$MsgID$1
4689:             1             16  game.message.ShituMessage$ReqQuitMaster$1
4690:             1             16  game.message.ShituMessage$ReqQuitMaster$MsgID$1
4691:             1             16  game.message.ShituMessage$ReqRefreshRecommend$1
4692:             1             16  game.message.ShituMessage$ReqRefreshRecommend$MsgID$1
4693:             1             16  game.message.ShituMessage$ReqRefuseAll$1
4694:             1             16  game.message.ShituMessage$ReqRefuseAll$MsgID$1
4695:             1             16  game.message.ShituMessage$ReqResponseApply$1
4696:             1             16  game.message.ShituMessage$ReqResponseApply$MsgID$1
4697:             1             16  game.message.ShituMessage$ReqResponseCall$1
4698:             1             16  game.message.ShituMessage$ReqResponseCall$MsgID$1
4699:             1             16  game.message.ShituMessage$ReqResponseInvite$1
4700:             1             16  game.message.ShituMessage$ReqResponseInvite$MsgID$1
4701:             1             16  game.message.ShituMessage$ReqSearch$1
4702:             1             16  game.message.ShituMessage$ReqSearch$MsgID$1
4703:             1             16  game.message.ShituMessage$ReqUpMasterHallows$1
4704:             1             16  game.message.ShituMessage$ReqUpMasterHallows$MsgID$1
4705:             1             16  game.message.ShituMessage$ReqUpMasterLv$1
4706:             1             16  game.message.ShituMessage$ReqUpMasterLv$MsgID$1
4707:             1             16  game.message.SkillMessage$ReqAllMedal$1
4708:             1             16  game.message.SkillMessage$ReqAllMedal$MsgID$1
4709:             1             16  game.message.SkillMessage$ReqOneKeyUpSkill$1
4710:             1             16  game.message.SkillMessage$ReqOneKeyUpSkill$MsgID$1
4711:             1             16  game.message.SkillMessage$ReqOnlineMedal$1
4712:             1             16  game.message.SkillMessage$ReqOnlineMedal$MsgID$1
4713:             1             16  game.message.SkillMessage$ReqUpSkill$1
4714:             1             16  game.message.SkillMessage$ReqUpSkill$MsgID$1
4715:             1             16  game.message.SoulMessage$ReqActivateHunter$1
4716:             1             16  game.message.SoulMessage$ReqActivateHunter$MsgID$1
4717:             1             16  game.message.SoulMessage$ReqHuntSoul$1
4718:             1             16  game.message.SoulMessage$ReqHuntSoul$MsgID$1
4719:             1             16  game.message.SoulMessage$ReqOneKeyHuntSoul$1
4720:             1             16  game.message.SoulMessage$ReqOneKeyHuntSoul$MsgID$1
4721:             1             16  game.message.SoulMessage$ReqSmeltSoul$1
4722:             1             16  game.message.SoulMessage$ReqSmeltSoul$MsgID$1
4723:             1             16  game.message.SoulMessage$ReqWearSoul$1
4724:             1             16  game.message.SoulMessage$ReqWearSoul$MsgID$1
4725:             1             16  game.message.StrongerMessage$ReqDailyRechargeReward$1
4726:             1             16  game.message.StrongerMessage$ReqDailyRechargeReward$MsgID$1
4727:             1             16  game.message.StrongerMessage$ReqDailyRechargeRewardInfo$1
4728:             1             16  game.message.StrongerMessage$ReqDailyRechargeRewardInfo$MsgID$1
4729:             1             16  game.message.TeamMessage$ReqAgreeCall$1
4730:             1             16  game.message.TeamMessage$ReqAgreeCall$MsgID$1
4731:             1             16  game.message.TeamMessage$ReqAlterTeam$1
4732:             1             16  game.message.TeamMessage$ReqAlterTeam$MsgID$1
4733:             1             16  game.message.TeamMessage$ReqApplyEnter$1
4734:             1             16  game.message.TeamMessage$ReqApplyEnter$MsgID$1
4735:             1             16  game.message.TeamMessage$ReqApplyOpt$1
4736:             1             16  game.message.TeamMessage$ReqApplyOpt$MsgID$1
4737:             1             16  game.message.TeamMessage$ReqCallAllMember$1
4738:             1             16  game.message.TeamMessage$ReqCallAllMember$MsgID$1
4739:             1             16  game.message.TeamMessage$ReqCleanApplyList$1
4740:             1             16  game.message.TeamMessage$ReqCleanApplyList$MsgID$1
4741:             1             16  game.message.TeamMessage$ReqCreateTeam$1
4742:             1             16  game.message.TeamMessage$ReqCreateTeam$MsgID$1
4743:             1             16  game.message.TeamMessage$ReqGetApplyList$1
4744:             1             16  game.message.TeamMessage$ReqGetApplyList$MsgID$1
4745:             1             16  game.message.TeamMessage$ReqGetFreedomList$1
4746:             1             16  game.message.TeamMessage$ReqGetFreedomList$MsgID$1
4747:             1             16  game.message.TeamMessage$ReqGetTeamInfo$1
4748:             1             16  game.message.TeamMessage$ReqGetTeamInfo$MsgID$1
4749:             1             16  game.message.TeamMessage$ReqGetWaitList$1
4750:             1             16  game.message.TeamMessage$ReqGetWaitList$MsgID$1
4751:             1             16  game.message.TeamMessage$ReqInvite$1
4752:             1             16  game.message.TeamMessage$ReqInvite$MsgID$1
4753:             1             16  game.message.TeamMessage$ReqInviteRes$1
4754:             1             16  game.message.TeamMessage$ReqInviteRes$MsgID$1
4755:             1             16  game.message.TeamMessage$ReqMatchAll$1
4756:             1             16  game.message.TeamMessage$ReqMatchAll$MsgID$1
4757:             1             16  game.message.TeamMessage$ReqTeamOpt$1
4758:             1             16  game.message.TeamMessage$ReqTeamOpt$MsgID$1
4759:             1             16  game.message.TeamMessage$ReqTransport2Leader$1
4760:             1             16  game.message.TeamMessage$ReqTransport2Leader$MsgID$1
4761:             1             16  game.message.TianqibaokuMessage$P2GgetReward$1
4762:             1             16  game.message.TianqibaokuMessage$P2GgetReward$MsgID$1
4763:             1             16  game.message.TianqibaokuMessage$P2GreturnBaokuInfo$1
4764:             1             16  game.message.TianqibaokuMessage$P2GreturnBaokuInfo$MsgID$1
4765:             1             16  game.message.TianqibaokuMessage$ReqBaokuToBackpack$1
4766:             1             16  game.message.TianqibaokuMessage$ReqBaokuToBackpack$MsgID$1
4767:             1             16  game.message.TianqibaokuMessage$ReqCloseBaokuPanel$1
4768:             1             16  game.message.TianqibaokuMessage$ReqCloseBaokuPanel$MsgID$1
4769:             1             16  game.message.TianqibaokuMessage$ReqExchangeBaokuItem$1
4770:             1             16  game.message.TianqibaokuMessage$ReqExchangeBaokuItem$MsgID$1
4771:             1             16  game.message.TianqibaokuMessage$ReqGetBaokuReward$1
4772:             1             16  game.message.TianqibaokuMessage$ReqGetBaokuReward$MsgID$1
4773:             1             16  game.message.TianqibaokuMessage$ReqLookMyBaoku$1
4774:             1             16  game.message.TianqibaokuMessage$ReqLookMyBaoku$MsgID$1
4775:             1             16  game.message.TianqibaokuMessage$ReqOpenBaokuPanel$1
4776:             1             16  game.message.TianqibaokuMessage$ReqOpenBaokuPanel$MsgID$1
4777:             1             16  game.message.TianqibaokuMessage$ReqSortBaoku$1
4778:             1             16  game.message.TianqibaokuMessage$ReqSortBaoku$MsgID$1
4779:             1             16  game.message.TianqibaokuMessage$ResBaokuGold$1
4780:             1             16  game.message.TitleMessage$ReqActiveTitle$1
4781:             1             16  game.message.TitleMessage$ReqActiveTitle$MsgID$1
4782:             1             16  game.message.TitleMessage$ReqDownPicTitle$1
4783:             1             16  game.message.TitleMessage$ReqDownPicTitle$MsgID$1
4784:             1             16  game.message.TitleMessage$ReqUpTitleRune$1
4785:             1             16  game.message.TitleMessage$ReqUpTitleRune$MsgID$1
4786:             1             16  game.message.TitleMessage$ReqUsePicTitle$1
4787:             1             16  game.message.TitleMessage$ReqUsePicTitle$MsgID$1
4788:             1             16  game.message.TitleMessage$ReqUseTitle$1
4789:             1             16  game.message.TitleMessage$ReqUseTitle$MsgID$1
4790:             1             16  game.message.TradeMessage$ReqLockTrade$1
4791:             1             16  game.message.TradeMessage$ReqLockTrade$MsgID$1
4792:             1             16  game.message.TradeMessage$ReqOpenTradePanel$1
4793:             1             16  game.message.TradeMessage$ReqOpenTradePanel$MsgID$1
4794:             1             16  game.message.TradeMessage$ReqTrade$1
4795:             1             16  game.message.TradeMessage$ReqTrade$MsgID$1
4796:             1             16  game.message.TradeMessage$ReqTradeApply$1
4797:             1             16  game.message.TradeMessage$ReqTradeApply$MsgID$1
4798:             1             16  game.message.TradeMessage$ReqTradeCancel$1
4799:             1             16  game.message.TradeMessage$ReqTradeCancel$MsgID$1
4800:             1             16  game.message.TradeMessage$ReqTradeItem$1
4801:             1             16  game.message.TradeMessage$ReqTradeItem$MsgID$1
4802:             1             16  game.message.TradeMessage$ReqUnloadTradeItem$1
4803:             1             16  game.message.TradeMessage$ReqUnloadTradeItem$MsgID$1
4804:             1             16  game.message.UpdateRewardMessage$ReqGetUpdateReward$1
4805:             1             16  game.message.UpdateRewardMessage$ReqGetUpdateReward$MsgID$1
4806:             1             16  game.message.VipMessage$ReqGetGift$1
4807:             1             16  game.message.VipMessage$ReqGetGift$MsgID$1
4808:             1             16  game.message.WelfareMessage$ReqActiveGrowthFind$1
4809:             1             16  game.message.WelfareMessage$ReqActiveGrowthFind$MsgID$1
4810:             1             16  game.message.WelfareMessage$ReqCardReward$1
4811:             1             16  game.message.WelfareMessage$ReqCardReward$MsgID$1
4812:             1             16  game.message.WelfareMessage$ReqCurSignMonth$1
4813:             1             16  game.message.WelfareMessage$ReqCurSignMonth$MsgID$1
4814:             1             16  game.message.WelfareMessage$ReqGetContinuousLoginReward$1
4815:             1             16  game.message.WelfareMessage$ReqGetContinuousLoginReward$MsgID$1
4816:             1             16  game.message.WelfareMessage$ReqGetLevelReward$1
4817:             1             16  game.message.WelfareMessage$ReqGetLevelReward$MsgID$1
4818:             1             16  game.message.WelfareMessage$ReqGetTodayOnlineReward$1
4819:             1             16  game.message.WelfareMessage$ReqGetTodayOnlineReward$MsgID$1
4820:             1             16  game.message.WelfareMessage$ReqOneKeyRetrieveRes$1
4821:             1             16  game.message.WelfareMessage$ReqOneKeyRetrieveRes$MsgID$1
4822:             1             16  game.message.WelfareMessage$ReqOpenWelfarePanel$1
4823:             1             16  game.message.WelfareMessage$ReqOpenWelfarePanel$MsgID$1
4824:             1             16  game.message.WelfareMessage$ReqReceiveGrowthFind$1
4825:             1             16  game.message.WelfareMessage$ReqReceiveGrowthFind$MsgID$1
4826:             1             16  game.message.WelfareMessage$ReqRetrieveRes$1
4827:             1             16  game.message.WelfareMessage$ReqRetrieveRes$MsgID$1
4828:             1             16  game.message.WelfareMessage$ReqSign$1
4829:             1             16  game.message.WelfareMessage$ReqSign$MsgID$1
4830:             1             16  game.message.WingMessage$ReqActiveMagicFeather$1
4831:             1             16  game.message.WingMessage$ReqActiveMagicFeather$MsgID$1
4832:             1             16  game.message.WingMessage$ReqChangeShowState$1
4833:             1             16  game.message.WingMessage$ReqChangeShowState$MsgID$1
4834:             1             16  game.message.WingMessage$ReqChangeWing$1
4835:             1             16  game.message.WingMessage$ReqChangeWing$MsgID$1
4836:             1             16  game.message.WingMessage$ReqGetMagicFeatherFragment$1
4837:             1             16  game.message.WingMessage$ReqGetMagicFeatherFragment$MsgID$1
4838:             1             16  game.message.WingMessage$ReqMagicFeatherInfo$1
4839:             1             16  game.message.WingMessage$ReqMagicFeatherInfo$MsgID$1
4840:             1             16  game.message.WingMessage$ReqOpenWingPanel$1
4841:             1             16  game.message.WingMessage$ReqOpenWingPanel$MsgID$1
4842:             1             16  game.message.WingMessage$ReqOtherPlayerWingInfo$1
4843:             1             16  game.message.WingMessage$ReqOtherPlayerWingInfo$MsgID$1
4844:             1             16  game.message.WingMessage$ReqTrainMagicFeather$1
4845:             1             16  game.message.WingMessage$ReqTrainMagicFeather$MsgID$1
4846:             1             16  game.message.WingMessage$ReqWearMagicFeather$1
4847:             1             16  game.message.WingMessage$ReqWearMagicFeather$MsgID$1
4848:             1             16  game.message.WingMessage$ReqWingStarUp$1
4849:             1             16  game.message.WingMessage$ReqWingStarUp$MsgID$1
4850:             1             16  game.message.WingMessage$ReqWingTransmog$1
4851:             1             16  game.message.WingMessage$ReqWingTransmog$MsgID$1
4852:             1             16  game.message.ZoneMessage$P2GEnterOutlandWar$1
4853:             1             16  game.message.ZoneMessage$P2GEnterOutlandWar$MsgID$1
4854:             1             16  game.message.ZoneMessage$P2GReqCancelCrossTag$1
4855:             1             16  game.message.ZoneMessage$P2GReqCancelCrossTag$MsgID$1
4856:             1             16  game.message.ZoneMessage$P2GReqMatchSucceed$1
4857:             1             16  game.message.ZoneMessage$P2GReqMatchSucceed$MsgID$1
4858:             1             16  game.message.ZoneMessage$P2GResCrossZoneReadyZone$1
4859:             1             16  game.message.ZoneMessage$P2GResCrossZoneReadyZone$MsgID$1
4860:             1             16  game.message.ZoneMessage$P2GResEnterZone$1
4861:             1             16  game.message.ZoneMessage$P2GResEnterZone$MsgID$1
4862:             1             16  game.message.ZoneMessage$ReqCancelMatch$1
4863:             1             16  game.message.ZoneMessage$ReqCancelMatch$MsgID$1
4864:             1             16  game.message.ZoneMessage$ReqEnterZone$1
4865:             1             16  game.message.ZoneMessage$ReqEnterZone$MsgID$1
4866:             1             16  game.message.ZoneMessage$ReqGuideBlockOpen$1
4867:             1             16  game.message.ZoneMessage$ReqGuideBlockOpen$MsgID$1
4868:             1             16  game.message.ZoneMessage$ReqGuideNo$1
4869:             1             16  game.message.ZoneMessage$ReqGuideNo$MsgID$1
4870:             1             16  game.message.ZoneMessage$ReqReadyZone$1
4871:             1             16  game.message.ZoneMessage$ReqReadyZone$MsgID$1
4872:             1             16  game.message.ZoneMessage$ReqSweepZone$1
4873:             1             16  game.message.ZoneMessage$ReqSweepZone$MsgID$1
4874:             1             16  game.message.ZoneMessage$ReqTeamAcceptEnterZone$1
4875:             1             16  game.message.ZoneMessage$ReqTeamAcceptEnterZone$MsgID$1
4876:             1             16  game.message.backpackMessage$ReqBagClearUp$1
4877:             1             16  game.message.backpackMessage$ReqBagClearUp$MsgID$1
4878:             1             16  game.message.backpackMessage$ReqCompound$1
4879:             1             16  game.message.backpackMessage$ReqCompound$MsgID$1
4880:             1             16  game.message.backpackMessage$ReqDelItem$1
4881:             1             16  game.message.backpackMessage$ReqDelItem$MsgID$1
4882:             1             16  game.message.backpackMessage$ReqMoveItem$1
4883:             1             16  game.message.backpackMessage$ReqMoveItem$MsgID$1
4884:             1             16  game.message.backpackMessage$ReqOpenBagCell$1
4885:             1             16  game.message.backpackMessage$ReqOpenBagCell$MsgID$1
4886:             1             16  game.message.backpackMessage$ReqSellItems$1
4887:             1             16  game.message.backpackMessage$ReqSellItems$MsgID$1
4888:             1             16  game.message.backpackMessage$ReqUseItem$1
4889:             1             16  game.message.backpackMessage$ReqUseItem$MsgID$1
4890:             1             16  game.message.cloakMessage$ReqChangeWearCloak$1
4891:             1             16  game.message.cloakMessage$ReqChangeWearCloak$MsgID$1
4892:             1             16  game.message.cloakMessage$ReqCloakSkillUp$1
4893:             1             16  game.message.cloakMessage$ReqCloakSkillUp$MsgID$1
4894:             1             16  game.message.cloakMessage$ReqCloakUp$1
4895:             1             16  game.message.cloakMessage$ReqCloakUp$MsgID$1
4896:             1             16  game.message.cloakMessage$ReqOpenCloakInterface$1
4897:             1             16  game.message.cloakMessage$ReqOpenCloakInterface$MsgID$1
4898:             1             16  game.message.cloakMessage$ReqOpenCloakSkillPanel$1
4899:             1             16  game.message.cloakMessage$ReqOpenCloakSkillPanel$MsgID$1
4900:             1             16  game.message.cloakMessage$ReqRuneInfo$1
4901:             1             16  game.message.cloakMessage$ReqRuneInfo$MsgID$1
4902:             1             16  game.message.cloakMessage$ReqRuneUp$1
4903:             1             16  game.message.cloakMessage$ReqRuneUp$MsgID$1
4904:             1             16  game.message.dragoonMessage$ReqActiveDragoon$1
4905:             1             16  game.message.dragoonMessage$ReqActiveDragoon$MsgID$1
4906:             1             16  game.message.dragoonMessage$ReqDragoonList$1
4907:             1             16  game.message.dragoonMessage$ReqDragoonList$MsgID$1
4908:             1             16  game.message.dragoonMessage$ReqUpDragoon$1
4909:             1             16  game.message.dragoonMessage$ReqUpDragoon$MsgID$1
4910:             1             16  game.message.dragoonMessage$ReqUpDragoonSkill$1
4911:             1             16  game.message.dragoonMessage$ReqUpDragoonSkill$MsgID$1
4912:             1             16  game.message.dragoonMessage$ReqUseDragoon$1
4913:             1             16  game.message.dragoonMessage$ReqUseDragoon$MsgID$1
4914:             1             16  game.message.friendMessage$ReqAddRelation$1
4915:             1             16  game.message.friendMessage$ReqAddRelation$MsgID$1
4916:             1             16  game.message.friendMessage$ReqAllSendPhysical$1
4917:             1             16  game.message.friendMessage$ReqAllSendPhysical$MsgID$1
4918:             1             16  game.message.friendMessage$ReqDeleteRelation$1
4919:             1             16  game.message.friendMessage$ReqDeleteRelation$MsgID$1
4920:             1             16  game.message.friendMessage$ReqDimSelect$1
4921:             1             16  game.message.friendMessage$ReqDimSelect$MsgID$1
4922:             1             16  game.message.friendMessage$ReqGetRelationList$1
4923:             1             16  game.message.friendMessage$ReqGetRelationList$MsgID$1
4924:             1             16  game.message.friendMessage$ReqOneKeyReceive$1
4925:             1             16  game.message.friendMessage$ReqOneKeyReceive$MsgID$1
4926:             1             16  game.message.friendMessage$ReqReceivePhysical$1
4927:             1             16  game.message.friendMessage$ReqReceivePhysical$MsgID$1
4928:             1             16  game.message.friendMessage$ReqSendItemAddIntimacy$1
4929:             1             16  game.message.friendMessage$ReqSendItemAddIntimacy$MsgID$1
4930:             1             16  game.message.friendMessage$ReqSendPhysical$1
4931:             1             16  game.message.friendMessage$ReqSendPhysical$MsgID$1
4932:             1             16  game.message.heartMessage$ReqHeart$1
4933:             1             16  game.message.heartMessage$ReqHeart$MsgID$1
4934:             1             16  game.message.heartMessage$ReqReallyHeart$1
4935:             1             16  game.message.heartMessage$ReqReallyHeart$MsgID$1
4936:             1             16  game.message.heartMessage$ReqReconnect$1
4937:             1             16  game.message.heartMessage$ReqReconnect$MsgID$1
4938:             1             16  game.message.heartMessage$ReqSetReconnectSignSuccess$1
4939:             1             16  game.message.heartMessage$ReqSetReconnectSignSuccess$MsgID$1
4940:             1             16  game.message.kingPalaceMessage$ReqAllRefuseKpApply$1
4941:             1             16  game.message.kingPalaceMessage$ReqAllRefuseKpApply$MsgID$1
4942:             1             16  game.message.kingPalaceMessage$ReqAllRefuseKpRequest$1
4943:             1             16  game.message.kingPalaceMessage$ReqAllRefuseKpRequest$MsgID$1
4944:             1             16  game.message.kingPalaceMessage$ReqCreateKingPalace$1
4945:             1             16  game.message.kingPalaceMessage$ReqCreateKingPalace$MsgID$1
4946:             1             16  game.message.kingPalaceMessage$ReqJoinKingPalace$1
4947:             1             16  game.message.kingPalaceMessage$ReqJoinKingPalace$MsgID$1
4948:             1             16  game.message.kingPalaceMessage$ReqJoinRequestKingPalace$1
4949:             1             16  game.message.kingPalaceMessage$ReqJoinRequestKingPalace$MsgID$1
4950:             1             16  game.message.kingPalaceMessage$ReqKingPalaceRequestList$1
4951:             1             16  game.message.kingPalaceMessage$ReqKingPalaceRequestList$MsgID$1
4952:             1             16  game.message.kingPalaceMessage$ReqKpApplyList$1
4953:             1             16  game.message.kingPalaceMessage$ReqKpApplyList$MsgID$1
4954:             1             16  game.message.kingPalaceMessage$ReqKpAppointments$1
4955:             1             16  game.message.kingPalaceMessage$ReqKpAppointments$MsgID$1
4956:             1             16  game.message.kingPalaceMessage$ReqKpDonateNum$1
4957:             1             16  game.message.kingPalaceMessage$ReqKpDonateNum$MsgID$1
4958:             1             16  game.message.kingPalaceMessage$ReqKpDonation$1
4959:             1             16  game.message.kingPalaceMessage$ReqKpDonation$MsgID$1
4960:             1             16  game.message.kingPalaceMessage$ReqKpGuildList$1
4961:             1             16  game.message.kingPalaceMessage$ReqKpGuildList$MsgID$1
4962:             1             16  game.message.kingPalaceMessage$ReqKpGuildQuit$1
4963:             1             16  game.message.kingPalaceMessage$ReqKpGuildQuit$MsgID$1
4964:             1             16  game.message.kingPalaceMessage$ReqKpInvitedGuild$1
4965:             1             16  game.message.kingPalaceMessage$ReqKpInvitedGuild$MsgID$1
4966:             1             16  game.message.kingPalaceMessage$ReqKpKickGuild$1
4967:             1             16  game.message.kingPalaceMessage$ReqKpKickGuild$MsgID$1
4968:             1             16  game.message.kingPalaceMessage$ReqKpKingAbdicated$1
4969:             1             16  game.message.kingPalaceMessage$ReqKpKingAbdicated$MsgID$1
4970:             1             16  game.message.kingPalaceMessage$ReqKpLogList$1
4971:             1             16  game.message.kingPalaceMessage$ReqKpLogList$MsgID$1
4972:             1             16  game.message.kingPalaceMessage$ReqMemberMoreInfo$1
4973:             1             16  game.message.kingPalaceMessage$ReqMemberMoreInfo$MsgID$1
4974:             1             16  game.message.kingPalaceMessage$ReqMineKpInfo$1
4975:             1             16  game.message.kingPalaceMessage$ReqMineKpInfo$MsgID$1
4976:             1             16  game.message.kingPalaceMessage$ReqModIcon$1
4977:             1             16  game.message.kingPalaceMessage$ReqModIcon$MsgID$1
4978:             1             16  game.message.kingPalaceMessage$ReqModName$1
4979:             1             16  game.message.kingPalaceMessage$ReqModName$MsgID$1
4980:             1             16  game.message.kingPalaceMessage$ReqModifyKpInfo$1
4981:             1             16  game.message.kingPalaceMessage$ReqModifyKpInfo$MsgID$1
4982:             1             16  game.message.kingPalaceMessage$ReqOfficerMoreInfo$1
4983:             1             16  game.message.kingPalaceMessage$ReqOfficerMoreInfo$MsgID$1
4984:             1             16  game.message.kingPalaceMessage$ReqPalaceList$1
4985:             1             16  game.message.kingPalaceMessage$ReqPalaceList$MsgID$1
4986:             1             16  game.message.kingPalaceMessage$ReqRefuseKpApply$1
4987:             1             16  game.message.kingPalaceMessage$ReqRefuseKpApply$MsgID$1
4988:             1             16  game.message.kingPalaceMessage$ReqRefuseKpRequest$1
4989:             1             16  game.message.kingPalaceMessage$ReqRefuseKpRequest$MsgID$1
4990:             1             16  game.message.kingPalaceMessage$ReqSureKpApply$1
4991:             1             16  game.message.kingPalaceMessage$ReqSureKpApply$MsgID$1
4992:             1             16  game.message.kingPalaceMessage$ReqUpKingPalace$1
4993:             1             16  game.message.kingPalaceMessage$ReqUpKingPalace$MsgID$1
4994:             1             16  game.message.mailMessage$ReqGetRemainMailList$1
4995:             1             16  game.message.mailMessage$ReqGetRemainMailList$MsgID$1
4996:             1             16  game.message.mailMessage$ReqOneClickDeleteMail$1
4997:             1             16  game.message.mailMessage$ReqOneClickDeleteMail$MsgID$1
4998:             1             16  game.message.mailMessage$ReqOneClickReceiveMailAttach$1
4999:             1             16  game.message.mailMessage$ReqOneClickReceiveMailAttach$MsgID$1
5000:             1             16  game.message.mailMessage$ReqReadMail$1
5001:             1             16  game.message.mailMessage$ReqReadMail$MsgID$1
5002:             1             16  game.message.mailMessage$ReqReceiveSingleMailAttach$1
5003:             1             16  game.message.mailMessage$ReqReceiveSingleMailAttach$MsgID$1
5004:             1             16  game.message.marketMessage$ReqBuyMarketItem$1
5005:             1             16  game.message.marketMessage$ReqBuyMarketItem$MsgID$1
5006:             1             16  game.message.marketMessage$ReqCoinList$1
5007:             1             16  game.message.marketMessage$ReqCoinList$MsgID$1
5008:             1             16  game.message.marketMessage$ReqDownItem$1
5009:             1             16  game.message.marketMessage$ReqDownItem$MsgID$1
5010:             1             16  game.message.marketMessage$ReqGetMarketCoin$1
5011:             1             16  game.message.marketMessage$ReqGetMarketCoin$MsgID$1
5012:             1             16  game.message.marketMessage$ReqMarketSort$1
5013:             1             16  game.message.marketMessage$ReqMarketSort$MsgID$1
5014:             1             16  game.message.marketMessage$ReqMyMarketList$1
5015:             1             16  game.message.marketMessage$ReqMyMarketList$MsgID$1
5016:             1             16  game.message.marketMessage$ReqMyMarketLogList$1
5017:             1             16  game.message.marketMessage$ReqMyMarketLogList$MsgID$1
5018:             1             16  game.message.marketMessage$ReqSellItemList$1
5019:             1             16  game.message.marketMessage$ReqSellItemList$MsgID$1
5020:             1             16  game.message.marketMessage$ReqUpItem$1
5021:             1             16  game.message.marketMessage$ReqUpItem$MsgID$1
5022:             1             16  game.message.npcMessage$ReqClickNpc$1
5023:             1             16  game.message.npcMessage$ReqClickNpc$MsgID$1
5024:             1             16  game.message.npcMessage$ReqNpcFunction$1
5025:             1             16  game.message.npcMessage$ReqNpcFunction$MsgID$1
5026:             1             16  game.message.npcMessage$ReqNpcFunctions$1
5027:             1             16  game.message.npcMessage$ReqNpcFunctions$MsgID$1
5028:             1             16  game.message.prayMessage$ReqBindGoldPray$1
5029:             1             16  game.message.prayMessage$ReqBindGoldPray$MsgID$1
5030:             1             16  game.message.prayMessage$ReqBindMoneyPray$1
5031:             1             16  game.message.prayMessage$ReqBindMoneyPray$MsgID$1
5032:             1             16  game.message.prayMessage$ReqGoldPray$1
5033:             1             16  game.message.prayMessage$ReqGoldPray$MsgID$1
5034:             1             16  game.message.prayMessage$ReqOpenPrayPanel$1
5035:             1             16  game.message.prayMessage$ReqOpenPrayPanel$MsgID$1
5036:             1             16  game.message.questionMessage$ReqPlayerAnswer$1
5037:             1             16  game.message.questionMessage$ReqPlayerAnswer$MsgID$1
5038:             1             16  game.message.questionMessage$ReqPlayerQuestionsCount$1
5039:             1             16  game.message.questionMessage$ReqPlayerQuestionsCount$MsgID$1
5040:             1             16  game.message.questionMessage$ReqPlayerSendQuestion$1
5041:             1             16  game.message.questionMessage$ReqPlayerSendQuestion$MsgID$1
5042:             1             16  game.message.questionMessage$ReqSystemQuestion$1
5043:             1             16  game.message.questionMessage$ReqSystemQuestion$MsgID$1
5044:             1             16  game.message.serverMessage$F2GPlayerOutCrossWorldMap$1
5045:             1             16  game.message.serverMessage$F2GPlayerOutCrossWorldMap$MsgID$1
5046:             1             16  game.message.serverMessage$F2GResRegister$1
5047:             1             16  game.message.serverMessage$F2GResRegister$MsgID$1
5048:             1             16  game.message.serverMessage$F2GSynPlayerInfoResult$1
5049:             1             16  game.message.serverMessage$F2GSynPlayerInfoResult$MsgID$1
5050:             1             16  game.message.serverMessage$G2FNoticeSynRoleInfo$1
5051:             1             16  game.message.serverMessage$G2FNoticeSynRoleInfo$MsgID$1
5052:             1             16  game.message.serverMessage$G2FReqRegister$1
5053:             1             16  game.message.serverMessage$G2FReqRegister$MsgID$1
5054:             1             16  game.message.serverMessage$G2FSynPlayerInfo$1
5055:             1             16  game.message.serverMessage$G2FSynPlayerInfo$MsgID$1
5056:             1             16  game.message.serverMessage$G2FSynPowerAttAndFace$1
5057:             1             16  game.message.serverMessage$G2FSynPowerAttAndFace$MsgID$1
5058:             1             16  game.message.serverMessage$G2PConnectHeart$1
5059:             1             16  game.message.serverMessage$G2PReqRegister$1
5060:             1             16  game.message.serverMessage$P2GCheckCrossInfoRes$1
5061:             1             16  game.message.serverMessage$P2GCheckCrossInfoRes$MsgID$1
5062:             1             16  game.message.serverMessage$P2GConnectHeartRes$1
5063:             1             16  game.message.serverMessage$P2GConnectHeartRes$MsgID$1
5064:             1             16  game.message.serverMessage$P2GGMCMDResult$1
5065:             1             16  game.message.serverMessage$P2GGMCMDResult$MsgID$1
5066:             1             16  game.message.serverMessage$P2GResFightServer$1
5067:             1             16  game.message.serverMessage$P2GResFightServer$MsgID$1
5068:             1             16  game.message.serverMessage$P2GResFightServerList$1
5069:             1             16  game.message.serverMessage$P2GResFightServerList$MsgID$1
5070:             1             16  game.message.serverMessage$P2GResRegister$1
5071:             1             16  game.message.serverMessage$P2GResRegister$MsgID$1
5072:             1             16  game.message.serverMessage$fightServerInfo$1
5073:             1             16  game.message.serverMessage$gameServerInfo$1
5074:             1             16  game.message.shopMessage$ReqBuyItem$1
5075:             1             16  game.message.shopMessage$ReqBuyItem$MsgID$1
5076:             1             16  game.message.shopMessage$ReqGoldShopBuyItem$1
5077:             1             16  game.message.shopMessage$ReqGoldShopBuyItem$MsgID$1
5078:             1             16  game.message.shopMessage$ReqGoldShopList$1
5079:             1             16  game.message.shopMessage$ReqGoldShopList$MsgID$1
5080:             1             16  game.message.shopMessage$ReqNpcShopBuyItem$1
5081:             1             16  game.message.shopMessage$ReqNpcShopBuyItem$MsgID$1
5082:             1             16  game.message.shopMessage$ReqNpcShopList$1
5083:             1             16  game.message.shopMessage$ReqNpcShopList$MsgID$1
5084:             1             16  game.message.shopMessage$ReqRefreshShop$1
5085:             1             16  game.message.shopMessage$ReqRefreshShop$MsgID$1
5086:             1             16  game.message.shopMessage$ReqSellMyBagItem$1
5087:             1             16  game.message.shopMessage$ReqSellMyBagItem$MsgID$1
5088:             1             16  game.message.shopMessage$ReqShengMiBuyItem$1
5089:             1             16  game.message.shopMessage$ReqShengMiBuyItem$MsgID$1
5090:             1             16  game.message.shopMessage$ReqShengMiFresh$1
5091:             1             16  game.message.shopMessage$ReqShengMiFresh$MsgID$1
5092:             1             16  game.message.shopMessage$ReqShopList$1
5093:             1             16  game.message.shopMessage$ReqShopList$MsgID$1
5094:             1             16  game.message.shopMessage$ReqShopSubList$1
5095:             1             16  game.message.shopMessage$ReqShopSubList$MsgID$1
5096:             1             16  game.message.storeMessage$ReqBagToStore$1
5097:             1             16  game.message.storeMessage$ReqBagToStore$MsgID$1
5098:             1             16  game.message.storeMessage$ReqOpenStoreCell$1
5099:             1             16  game.message.storeMessage$ReqOpenStoreCell$MsgID$1
5100:             1             16  game.message.storeMessage$ReqStoreClearUp$1
5101:             1             16  game.message.storeMessage$ReqStoreClearUp$MsgID$1
5102:             1             16  game.message.storeMessage$ReqStoreMoveItem$1
5103:             1             16  game.message.storeMessage$ReqStoreMoveItem$MsgID$1
5104:             1             16  game.message.storeMessage$ReqStoreToBag$1
5105:             1             16  game.message.storeMessage$ReqStoreToBag$MsgID$1
5106:             1             16  game.message.taskMessage$ReqChangeTaskState$1
5107:             1             16  game.message.taskMessage$ReqChangeTaskState$MsgID$1
5108:             1             16  game.message.taskMessage$ReqCheckTaskIsFinish$1
5109:             1             16  game.message.taskMessage$ReqCheckTaskIsFinish$MsgID$1
5110:             1             16  game.message.taskMessage$ReqDailyUpStar$1
5111:             1             16  game.message.taskMessage$ReqDailyUpStar$MsgID$1
5112:             1             16  game.message.taskMessage$ReqGiveUpTask$1
5113:             1             16  game.message.taskMessage$ReqGiveUpTask$MsgID$1
5114:             1             16  game.message.taskMessage$ReqOneKeyOverTask$1
5115:             1             16  game.message.taskMessage$ReqOneKeyOverTask$MsgID$1
5116:             1             16  game.message.taskMessage$ReqQuickFinish$1
5117:             1             16  game.message.taskMessage$ReqQuickFinish$MsgID$1
5118:             1             16  game.message.taskMessage$ReqReceiveTask$1
5119:             1             16  game.message.taskMessage$ReqReceiveTask$MsgID$1
5120:             1             16  game.message.taskMessage$ReqRefreshTask$1
5121:             1             16  game.message.taskMessage$ReqRefreshTask$MsgID$1
5122:             1             16  game.message.taskMessage$ReqTaskFinish$1
5123:             1             16  game.message.taskMessage$ReqTaskFinish$MsgID$1
5124:             1             16  io.netty.bootstrap.BootstrapConfig
5125:             1             16  io.netty.buffer.ByteBufUtil$1
5126:             1             16  io.netty.buffer.ByteBufUtil$2
5127:             1             16  io.netty.buffer.PoolThreadCache$1
5128:             1             16  io.netty.channel.ChannelFutureListener$1
5129:             1             16  io.netty.channel.ChannelFutureListener$2
5130:             1             16  io.netty.channel.ChannelFutureListener$3
5131:             1             16  io.netty.channel.ChannelOutboundBuffer$1
5132:             1             16  io.netty.channel.DefaultChannelPipeline$1
5133:             1             16  io.netty.channel.DefaultMaxMessagesRecvByteBufAllocator$MaxMessageHandle$1
5134:             1             16  io.netty.channel.DefaultMessageSizeEstimator
5135:             1             16  io.netty.channel.DefaultMessageSizeEstimator$HandleImpl
5136:             1             16  io.netty.channel.DefaultSelectStrategy
5137:             1             16  io.netty.channel.DefaultSelectStrategyFactory
5138:             1             16  io.netty.handler.codec.ByteToMessageDecoder$1
5139:             1             16  io.netty.handler.codec.ByteToMessageDecoder$2
5140:             1             16  io.netty.resolver.DefaultAddressResolverGroup
5141:             1             16  io.netty.util.NettyRuntime$AvailableProcessorsHolder
5142:             1             16  io.netty.util.Recycler$1
5143:             1             16  io.netty.util.Recycler$3
5144:             1             16  io.netty.util.ResourceLeakDetector$LeakEntry
5145:             1             16  io.netty.util.ThreadDeathWatcher$Watcher
5146:             1             16  io.netty.util.concurrent.DefaultEventExecutorChooserFactory
5147:             1             16  io.netty.util.concurrent.DefaultPromise$CauseHolder
5148:             1             16  io.netty.util.concurrent.GlobalEventExecutor$1
5149:             1             16  io.netty.util.concurrent.GlobalEventExecutor$TaskRunner
5150:             1             16  io.netty.util.concurrent.RejectedExecutionHandlers$1
5151:             1             16  io.netty.util.concurrent.SingleThreadEventExecutor$1
5152:             1             16  io.netty.util.concurrent.SingleThreadEventExecutor$2
5153:             1             16  io.netty.util.internal.CleanerJava6
5154:             1             16  io.netty.util.internal.PlatformDependent$1
5155:             1             16  io.netty.util.internal.PlatformDependent$2
5156:             1             16  io.netty.util.internal.TypeParameterMatcher$1
5157:             1             16  java.io.FileDescriptor$1
5158:             1             16  java.lang.ApplicationShutdownHooks$1
5159:             1             16  java.lang.CharacterData00
5160:             1             16  java.lang.CharacterDataLatin1
5161:             1             16  java.lang.ClassValue$Identity
5162:             1             16  java.lang.InheritableThreadLocal
5163:             1             16  java.lang.Runtime
5164:             1             16  java.lang.String$CaseInsensitiveComparator
5165:             1             16  java.lang.System$2
5166:             1             16  java.lang.Terminator$1
5167:             1             16  java.lang.invoke.MemberName$Factory
5168:             1             16  java.lang.invoke.MethodHandleImpl$2
5169:             1             16  java.lang.invoke.MethodHandleImpl$3
5170:             1             16  java.lang.management.PlatformComponent$1
5171:             1             16  java.lang.management.PlatformComponent$10
5172:             1             16  java.lang.management.PlatformComponent$11
5173:             1             16  java.lang.management.PlatformComponent$12
5174:             1             16  java.lang.management.PlatformComponent$13
5175:             1             16  java.lang.management.PlatformComponent$14
5176:             1             16  java.lang.management.PlatformComponent$15
5177:             1             16  java.lang.management.PlatformComponent$2
5178:             1             16  java.lang.management.PlatformComponent$3
5179:             1             16  java.lang.management.PlatformComponent$4
5180:             1             16  java.lang.management.PlatformComponent$5
5181:             1             16  java.lang.management.PlatformComponent$6
5182:             1             16  java.lang.management.PlatformComponent$7
5183:             1             16  java.lang.management.PlatformComponent$8
5184:             1             16  java.lang.management.PlatformComponent$9
5185:             1             16  java.lang.ref.Reference$Lock
5186:             1             16  java.lang.reflect.Proxy$KeyFactory
5187:             1             16  java.lang.reflect.Proxy$ProxyClassFactory
5188:             1             16  java.lang.reflect.ReflectAccess
5189:             1             16  java.math.BigDecimal$1
5190:             1             16  java.net.InetAddress$2
5191:             1             16  java.net.URLClassLoader$7
5192:             1             16  java.nio.Bits$1
5193:             1             16  java.nio.Bits$1$1
5194:             1             16  java.nio.channels.spi.AbstractInterruptibleChannel$1
5195:             1             16  java.nio.charset.CoderResult$1
5196:             1             16  java.nio.charset.CoderResult$2
5197:             1             16  java.security.AllPermission
5198:             1             16  java.security.ProtectionDomain$2
5199:             1             16  java.security.ProtectionDomain$JavaSecurityAccessImpl
5200:             1             16  java.text.DontCareFieldPosition$1
5201:             1             16  java.text.MessageFormat$Field
5202:             1             16  java.util.Collections$EmptyIterator
5203:             1             16  java.util.Collections$EmptyList
5204:             1             16  java.util.Collections$EmptySet
5205:             1             16  java.util.Collections$UnmodifiableMap$UnmodifiableEntrySet
5206:             1             16  java.util.Currency$CurrencyNameGetter
5207:             1             16  java.util.EnumMap$1
5208:             1             16  java.util.ResourceBundle$Control
5209:             1             16  java.util.WeakHashMap$KeySet
5210:             1             16  java.util.concurrent.Executors$FinalizableDelegatedExecutorService
5211:             1             16  java.util.concurrent.ThreadPoolExecutor$AbortPolicy
5212:             1             16  java.util.concurrent.atomic.AtomicReferenceArray
5213:             1             16  java.util.jar.Attributes
5214:             1             16  java.util.jar.JavaUtilJarAccessImpl
5215:             1             16  java.util.logging.LoggingProxyImpl
5216:             1             16  java.util.regex.Pattern$4
5217:             1             16  java.util.regex.Pattern$CharPropertyNames$10
5218:             1             16  java.util.regex.Pattern$CharPropertyNames$11
5219:             1             16  java.util.regex.Pattern$CharPropertyNames$12
5220:             1             16  java.util.regex.Pattern$CharPropertyNames$13
5221:             1             16  java.util.regex.Pattern$CharPropertyNames$14
5222:             1             16  java.util.regex.Pattern$CharPropertyNames$15
5223:             1             16  java.util.regex.Pattern$CharPropertyNames$16
5224:             1             16  java.util.regex.Pattern$CharPropertyNames$17
5225:             1             16  java.util.regex.Pattern$CharPropertyNames$18
5226:             1             16  java.util.regex.Pattern$CharPropertyNames$19
5227:             1             16  java.util.regex.Pattern$CharPropertyNames$20
5228:             1             16  java.util.regex.Pattern$CharPropertyNames$21
5229:             1             16  java.util.regex.Pattern$CharPropertyNames$22
5230:             1             16  java.util.regex.Pattern$CharPropertyNames$23
5231:             1             16  java.util.regex.Pattern$CharPropertyNames$5
5232:             1             16  java.util.regex.Pattern$CharPropertyNames$6
5233:             1             16  java.util.regex.Pattern$CharPropertyNames$7
5234:             1             16  java.util.regex.Pattern$CharPropertyNames$8
5235:             1             16  java.util.regex.Pattern$CharPropertyNames$9
5236:             1             16  java.util.regex.Pattern$LastNode
5237:             1             16  java.util.regex.Pattern$Node
5238:             1             16  java.util.zip.ZipFile$1
5239:             1             16  javax.management.JMX
5240:             1             16  javax.management.MBeanServerBuilder
5241:             1             16  javax.management.NotificationBroadcasterSupport$1
5242:             1             16  javax.script.SimpleBindings
5243:             1             16  javax.xml.parsers.SecuritySupport
5244:             1             16  jdk.nashorn.api.scripting.NashornScriptEngineFactory
5245:             1             16  org.apache.commons.lang.time.FastDateFormat$StringLiteral
5246:             1             16  org.apache.commons.lang.time.FastDateFormat$TwoDigitMonthField
5247:             1             16  org.apache.ibatis.ognl.ArrayElementsAccessor
5248:             1             16  org.apache.ibatis.ognl.ArrayPropertyAccessor
5249:             1             16  org.apache.ibatis.ognl.CollectionElementsAccessor
5250:             1             16  org.apache.ibatis.ognl.EnumerationElementsAccessor
5251:             1             16  org.apache.ibatis.ognl.EnumerationPropertyAccessor
5252:             1             16  org.apache.ibatis.ognl.IteratorElementsAccessor
5253:             1             16  org.apache.ibatis.ognl.IteratorPropertyAccessor
5254:             1             16  org.apache.ibatis.ognl.ListPropertyAccessor
5255:             1             16  org.apache.ibatis.ognl.MapElementsAccessor
5256:             1             16  org.apache.ibatis.ognl.MapPropertyAccessor
5257:             1             16  org.apache.ibatis.ognl.NumberElementsAccessor
5258:             1             16  org.apache.ibatis.ognl.ObjectArrayPool
5259:             1             16  org.apache.ibatis.ognl.ObjectElementsAccessor
5260:             1             16  org.apache.ibatis.ognl.ObjectMethodAccessor
5261:             1             16  org.apache.ibatis.ognl.ObjectNullHandler
5262:             1             16  org.apache.ibatis.ognl.ObjectPropertyAccessor
5263:             1             16  org.apache.ibatis.ognl.SetPropertyAccessor
5264:             1             16  org.apache.ibatis.reflection.MetaClass
5265:             1             16  org.apache.ibatis.scripting.xmltags.DynamicContext$ContextAccessor
5266:             1             16  org.apache.log4j.DefaultCategoryFactory
5267:             1             16  org.apache.log4j.or.DefaultRenderer
5268:             1             16  org.apache.log4j.or.RendererMap
5269:             1             16  org.apache.log4j.spi.DefaultRepositorySelector
5270:             1             16  org.apache.logging.log4j.ThreadContext$EmptyIterator
5271:             1             16  org.apache.logging.log4j.ThreadContext$EmptyThreadContextStack
5272:             1             16  org.apache.logging.log4j.core.appender.ConsoleAppender$ConsoleManagerFactory
5273:             1             16  org.apache.logging.log4j.core.appender.ConsoleAppender$SystemOutStream
5274:             1             16  org.apache.logging.log4j.core.appender.FileManager$FileManagerFactory
5275:             1             16  org.apache.logging.log4j.core.appender.rolling.RollingFileManager$RollingFileManagerFactory
5276:             1             16  org.apache.logging.log4j.core.appender.rolling.RollingRandomAccessFileManager$RollingRandomAccessFileManagerFactory
5277:             1             16  org.apache.logging.log4j.core.async.AsyncLoggerConfigDefaultExceptionHandler
5278:             1             16  org.apache.logging.log4j.core.async.AsyncLoggerConfigDisruptor$1
5279:             1             16  org.apache.logging.log4j.core.async.AsyncLoggerConfigDisruptor$2
5280:             1             16  org.apache.logging.log4j.core.async.AsyncLoggerConfigDisruptor$3
5281:             1             16  org.apache.logging.log4j.core.async.AsyncLoggerConfigDisruptor$4
5282:             1             16  org.apache.logging.log4j.core.async.DefaultAsyncQueueFullPolicy
5283:             1             16  org.apache.logging.log4j.core.config.ConfigurationFactory$Factory
5284:             1             16  org.apache.logging.log4j.core.config.DefaultReliabilityStrategy
5285:             1             16  org.apache.logging.log4j.core.config.OrderComparator
5286:             1             16  org.apache.logging.log4j.core.config.plugins.convert.EnumConverter
5287:             1             16  org.apache.logging.log4j.core.config.plugins.convert.TypeConverterRegistry
5288:             1             16  org.apache.logging.log4j.core.config.plugins.convert.TypeConverters$BigDecimalConverter
5289:             1             16  org.apache.logging.log4j.core.config.plugins.convert.TypeConverters$BigIntegerConverter
5290:             1             16  org.apache.logging.log4j.core.config.plugins.convert.TypeConverters$BooleanConverter
5291:             1             16  org.apache.logging.log4j.core.config.plugins.convert.TypeConverters$ByteArrayConverter
5292:             1             16  org.apache.logging.log4j.core.config.plugins.convert.TypeConverters$ByteConverter
5293:             1             16  org.apache.logging.log4j.core.config.plugins.convert.TypeConverters$CharArrayConverter
5294:             1             16  org.apache.logging.log4j.core.config.plugins.convert.TypeConverters$CharacterConverter
5295:             1             16  org.apache.logging.log4j.core.config.plugins.convert.TypeConverters$CharsetConverter
5296:             1             16  org.apache.logging.log4j.core.config.plugins.convert.TypeConverters$ClassConverter
5297:             1             16  org.apache.logging.log4j.core.config.plugins.convert.TypeConverters$CronExpressionConverter
5298:             1             16  org.apache.logging.log4j.core.config.plugins.convert.TypeConverters$DoubleConverter
5299:             1             16  org.apache.logging.log4j.core.config.plugins.convert.TypeConverters$DurationConverter
5300:             1             16  org.apache.logging.log4j.core.config.plugins.convert.TypeConverters$FileConverter
5301:             1             16  org.apache.logging.log4j.core.config.plugins.convert.TypeConverters$FloatConverter
5302:             1             16  org.apache.logging.log4j.core.config.plugins.convert.TypeConverters$InetAddressConverter
5303:             1             16  org.apache.logging.log4j.core.config.plugins.convert.TypeConverters$IntegerConverter
5304:             1             16  org.apache.logging.log4j.core.config.plugins.convert.TypeConverters$LevelConverter
5305:             1             16  org.apache.logging.log4j.core.config.plugins.convert.TypeConverters$LongConverter
5306:             1             16  org.apache.logging.log4j.core.config.plugins.convert.TypeConverters$PathConverter
5307:             1             16  org.apache.logging.log4j.core.config.plugins.convert.TypeConverters$PatternConverter
5308:             1             16  org.apache.logging.log4j.core.config.plugins.convert.TypeConverters$SecurityProviderConverter
5309:             1             16  org.apache.logging.log4j.core.config.plugins.convert.TypeConverters$ShortConverter
5310:             1             16  org.apache.logging.log4j.core.config.plugins.convert.TypeConverters$StringConverter
5311:             1             16  org.apache.logging.log4j.core.config.plugins.convert.TypeConverters$UriConverter
5312:             1             16  org.apache.logging.log4j.core.config.plugins.convert.TypeConverters$UrlConverter
5313:             1             16  org.apache.logging.log4j.core.config.plugins.convert.TypeConverters$UuidConverter
5314:             1             16  org.apache.logging.log4j.core.config.properties.PropertiesConfigurationFactory
5315:             1             16  org.apache.logging.log4j.core.config.xml.XmlConfigurationFactory
5316:             1             16  org.apache.logging.log4j.core.impl.ReusableLogEventFactory
5317:             1             16  org.apache.logging.log4j.core.lookup.MainMapLookup
5318:             1             16  org.apache.logging.log4j.core.lookup.ResourceBundleLookup
5319:             1             16  org.apache.logging.log4j.core.lookup.StrMatcher$NoMatcher
5320:             1             16  org.apache.logging.log4j.core.lookup.StrMatcher$TrimMatcher
5321:             1             16  org.apache.logging.log4j.core.lookup.StructuredDataLookup
5322:             1             16  org.apache.logging.log4j.core.pattern.NameAbbreviator$NOPAbbreviator
5323:             1             16  org.apache.logging.log4j.core.pattern.PlainTextRenderer
5324:             1             16  org.apache.logging.log4j.core.selector.ClassLoaderContextSelector
5325:             1             16  org.apache.logging.log4j.core.util.CloseShieldOutputStream
5326:             1             16  org.apache.logging.log4j.core.util.NullOutputStream
5327:             1             16  org.apache.logging.log4j.core.util.datetime.FastDateFormat$1
5328:             1             16  org.apache.logging.log4j.core.util.datetime.FastDateParser$1
5329:             1             16  org.apache.logging.log4j.core.util.datetime.FastDateParser$2
5330:             1             16  org.apache.logging.log4j.core.util.datetime.FastDateParser$3
5331:             1             16  org.apache.logging.log4j.core.util.datetime.FastDateParser$4
5332:             1             16  org.apache.logging.log4j.core.util.datetime.FastDateParser$5
5333:             1             16  org.apache.logging.log4j.core.util.datetime.FastDateParser$6
5334:             1             16  org.apache.logging.log4j.core.util.datetime.FastDatePrinter$TwoDigitMonthField
5335:             1             16  org.apache.logging.log4j.message.ParameterizedNoReferenceMessageFactory
5336:             1             16  org.apache.logging.log4j.spi.CopyOnWriteSortedArrayThreadContextMap
5337:             1             16  org.apache.logging.log4j.spi.DefaultThreadContextStack
5338:             1             16  org.apache.logging.log4j.spi.LoggerRegistry$ConcurrentMapFactory
5339:             1             16  org.apache.logging.log4j.util.LoaderUtil$ThreadContextClassLoaderGetter
5340:             1             16  org.apache.logging.log4j.util.ProviderUtil
5341:             1             16  org.apache.logging.log4j.util.ReflectionUtil$PrivateSecurityManager
5342:             1             16  org.apache.logging.log4j.util.SortedArrayStringMap$1
5343:             1             16  org.slf4j.helpers.BasicMarkerFactory
5344:             1             16  org.slf4j.helpers.NOPLoggerFactory
5345:             1             16  org.slf4j.helpers.SubstituteLoggerFactory
5346:             1             16  org.slf4j.impl.Log4jLoggerFactory
5347:             1             16  org.slf4j.impl.StaticLoggerBinder
5348:             1             16  org.slf4j.impl.StaticMarkerBinder
5349:             1             16  sun.management.ClassLoadingImpl
5350:             1             16  sun.management.HotSpotDiagnostic
5351:             1             16  sun.management.ManagementFactoryHelper$PlatformLoggingImpl
5352:             1             16  sun.misc.ASCIICaseInsensitiveComparator
5353:             1             16  sun.misc.FloatingDecimal$1
5354:             1             16  sun.misc.Launcher
5355:             1             16  sun.misc.Launcher$Factory
5356:             1             16  sun.misc.Perf
5357:             1             16  sun.misc.Unsafe
5358:             1             16  sun.net.DefaultProgressMeteringPolicy
5359:             1             16  sun.net.ExtendedOptionsImpl$$Lambda$1/530298550
5360:             1             16  sun.net.spi.DefaultProxySelector
5361:             1             16  sun.net.www.protocol.file.Handler
5362:             1             16  sun.net.www.protocol.http.AuthCacheImpl
5363:             1             16  sun.net.www.protocol.jar.JarFileFactory
5364:             1             16  sun.nio.ch.EPollSelectorProvider
5365:             1             16  sun.nio.ch.ExtendedSocketOption$1
5366:             1             16  sun.nio.ch.FileChannelImpl$1
5367:             1             16  sun.nio.ch.Net$1
5368:             1             16  sun.nio.ch.Util$1
5369:             1             16  sun.nio.fs.LinuxFileSystemProvider
5370:             1             16  sun.reflect.GeneratedConstructorAccessor100
5371:             1             16  sun.reflect.GeneratedConstructorAccessor101
5372:             1             16  sun.reflect.GeneratedConstructorAccessor102
5373:             1             16  sun.reflect.GeneratedConstructorAccessor103
5374:             1             16  sun.reflect.GeneratedConstructorAccessor104
5375:             1             16  sun.reflect.GeneratedConstructorAccessor105
5376:             1             16  sun.reflect.GeneratedConstructorAccessor106
5377:             1             16  sun.reflect.GeneratedConstructorAccessor107
5378:             1             16  sun.reflect.GeneratedConstructorAccessor108
5379:             1             16  sun.reflect.GeneratedConstructorAccessor109
5380:             1             16  sun.reflect.GeneratedConstructorAccessor110
5381:             1             16  sun.reflect.GeneratedConstructorAccessor111
5382:             1             16  sun.reflect.GeneratedConstructorAccessor112
5383:             1             16  sun.reflect.GeneratedConstructorAccessor114
5384:             1             16  sun.reflect.GeneratedConstructorAccessor115
5385:             1             16  sun.reflect.GeneratedConstructorAccessor116
5386:             1             16  sun.reflect.GeneratedConstructorAccessor12
5387:             1             16  sun.reflect.GeneratedConstructorAccessor13
5388:             1             16  sun.reflect.GeneratedConstructorAccessor15
5389:             1             16  sun.reflect.GeneratedConstructorAccessor16
5390:             1             16  sun.reflect.GeneratedConstructorAccessor17
5391:             1             16  sun.reflect.GeneratedConstructorAccessor18
5392:             1             16  sun.reflect.GeneratedConstructorAccessor19
5393:             1             16  sun.reflect.GeneratedConstructorAccessor20
5394:             1             16  sun.reflect.GeneratedConstructorAccessor21
5395:             1             16  sun.reflect.GeneratedConstructorAccessor22
5396:             1             16  sun.reflect.GeneratedConstructorAccessor23
5397:             1             16  sun.reflect.GeneratedConstructorAccessor24
5398:             1             16  sun.reflect.GeneratedConstructorAccessor25
5399:             1             16  sun.reflect.GeneratedConstructorAccessor26
5400:             1             16  sun.reflect.GeneratedConstructorAccessor28
5401:             1             16  sun.reflect.GeneratedConstructorAccessor30
5402:             1             16  sun.reflect.GeneratedConstructorAccessor31
5403:             1             16  sun.reflect.GeneratedConstructorAccessor32
5404:             1             16  sun.reflect.GeneratedConstructorAccessor33
5405:             1             16  sun.reflect.GeneratedConstructorAccessor34
5406:             1             16  sun.reflect.GeneratedConstructorAccessor35
5407:             1             16  sun.reflect.GeneratedConstructorAccessor36
5408:             1             16  sun.reflect.GeneratedConstructorAccessor37
5409:             1             16  sun.reflect.GeneratedConstructorAccessor38
5410:             1             16  sun.reflect.GeneratedConstructorAccessor39
5411:             1             16  sun.reflect.GeneratedConstructorAccessor4
5412:             1             16  sun.reflect.GeneratedConstructorAccessor40
5413:             1             16  sun.reflect.GeneratedConstructorAccessor41
5414:             1             16  sun.reflect.GeneratedConstructorAccessor42
5415:             1             16  sun.reflect.GeneratedConstructorAccessor43
5416:             1             16  sun.reflect.GeneratedConstructorAccessor44
5417:             1             16  sun.reflect.GeneratedConstructorAccessor45
5418:             1             16  sun.reflect.GeneratedConstructorAccessor46
5419:             1             16  sun.reflect.GeneratedConstructorAccessor47
5420:             1             16  sun.reflect.GeneratedConstructorAccessor48
5421:             1             16  sun.reflect.GeneratedConstructorAccessor49
5422:             1             16  sun.reflect.GeneratedConstructorAccessor50
5423:             1             16  sun.reflect.GeneratedConstructorAccessor51
5424:             1             16  sun.reflect.GeneratedConstructorAccessor52
5425:             1             16  sun.reflect.GeneratedConstructorAccessor53
5426:             1             16  sun.reflect.GeneratedConstructorAccessor54
5427:             1             16  sun.reflect.GeneratedConstructorAccessor55
5428:             1             16  sun.reflect.GeneratedConstructorAccessor56
5429:             1             16  sun.reflect.GeneratedConstructorAccessor57
5430:             1             16  sun.reflect.GeneratedConstructorAccessor58
5431:             1             16  sun.reflect.GeneratedConstructorAccessor59
5432:             1             16  sun.reflect.GeneratedConstructorAccessor60
5433:             1             16  sun.reflect.GeneratedConstructorAccessor61
5434:             1             16  sun.reflect.GeneratedConstructorAccessor62
5435:             1             16  sun.reflect.GeneratedConstructorAccessor63
5436:             1             16  sun.reflect.GeneratedConstructorAccessor64
5437:             1             16  sun.reflect.GeneratedConstructorAccessor65
5438:             1             16  sun.reflect.GeneratedConstructorAccessor66
5439:             1             16  sun.reflect.GeneratedConstructorAccessor67
5440:             1             16  sun.reflect.GeneratedConstructorAccessor68
5441:             1             16  sun.reflect.GeneratedConstructorAccessor69
5442:             1             16  sun.reflect.GeneratedConstructorAccessor7
5443:             1             16  sun.reflect.GeneratedConstructorAccessor70
5444:             1             16  sun.reflect.GeneratedConstructorAccessor71
5445:             1             16  sun.reflect.GeneratedConstructorAccessor72
5446:             1             16  sun.reflect.GeneratedConstructorAccessor73
5447:             1             16  sun.reflect.GeneratedConstructorAccessor74
5448:             1             16  sun.reflect.GeneratedConstructorAccessor75
5449:             1             16  sun.reflect.GeneratedConstructorAccessor76
5450:             1             16  sun.reflect.GeneratedConstructorAccessor77
5451:             1             16  sun.reflect.GeneratedConstructorAccessor78
5452:             1             16  sun.reflect.GeneratedConstructorAccessor79
5453:             1             16  sun.reflect.GeneratedConstructorAccessor8
5454:             1             16  sun.reflect.GeneratedConstructorAccessor80
5455:             1             16  sun.reflect.GeneratedConstructorAccessor81
5456:             1             16  sun.reflect.GeneratedConstructorAccessor82
5457:             1             16  sun.reflect.GeneratedConstructorAccessor83
5458:             1             16  sun.reflect.GeneratedConstructorAccessor84
5459:             1             16  sun.reflect.GeneratedConstructorAccessor85
5460:             1             16  sun.reflect.GeneratedConstructorAccessor86
5461:             1             16  sun.reflect.GeneratedConstructorAccessor87
5462:             1             16  sun.reflect.GeneratedConstructorAccessor88
5463:             1             16  sun.reflect.GeneratedConstructorAccessor89
5464:             1             16  sun.reflect.GeneratedConstructorAccessor9
5465:             1             16  sun.reflect.GeneratedConstructorAccessor90
5466:             1             16  sun.reflect.GeneratedConstructorAccessor91
5467:             1             16  sun.reflect.GeneratedConstructorAccessor92
5468:             1             16  sun.reflect.GeneratedConstructorAccessor93
5469:             1             16  sun.reflect.GeneratedConstructorAccessor94
5470:             1             16  sun.reflect.GeneratedConstructorAccessor95
5471:             1             16  sun.reflect.GeneratedConstructorAccessor96
5472:             1             16  sun.reflect.GeneratedConstructorAccessor97
5473:             1             16  sun.reflect.GeneratedConstructorAccessor98
5474:             1             16  sun.reflect.GeneratedConstructorAccessor99
5475:             1             16  sun.reflect.GeneratedMethodAccessor10
5476:             1             16  sun.reflect.GeneratedMethodAccessor100
5477:             1             16  sun.reflect.GeneratedMethodAccessor1000
5478:             1             16  sun.reflect.GeneratedMethodAccessor1001
5479:             1             16  sun.reflect.GeneratedMethodAccessor1002
5480:             1             16  sun.reflect.GeneratedMethodAccessor1003
5481:             1             16  sun.reflect.GeneratedMethodAccessor1004
5482:             1             16  sun.reflect.GeneratedMethodAccessor101
5483:             1             16  sun.reflect.GeneratedMethodAccessor102
5484:             1             16  sun.reflect.GeneratedMethodAccessor103
5485:             1             16  sun.reflect.GeneratedMethodAccessor104
5486:             1             16  sun.reflect.GeneratedMethodAccessor105
5487:             1             16  sun.reflect.GeneratedMethodAccessor106
5488:             1             16  sun.reflect.GeneratedMethodAccessor107
5489:             1             16  sun.reflect.GeneratedMethodAccessor108
5490:             1             16  sun.reflect.GeneratedMethodAccessor109
5491:             1             16  sun.reflect.GeneratedMethodAccessor11
5492:             1             16  sun.reflect.GeneratedMethodAccessor110
5493:             1             16  sun.reflect.GeneratedMethodAccessor111
5494:             1             16  sun.reflect.GeneratedMethodAccessor112
5495:             1             16  sun.reflect.GeneratedMethodAccessor113
5496:             1             16  sun.reflect.GeneratedMethodAccessor114
5497:             1             16  sun.reflect.GeneratedMethodAccessor115
5498:             1             16  sun.reflect.GeneratedMethodAccessor116
5499:             1             16  sun.reflect.GeneratedMethodAccessor117
5500:             1             16  sun.reflect.GeneratedMethodAccessor118
5501:             1             16  sun.reflect.GeneratedMethodAccessor119
5502:             1             16  sun.reflect.GeneratedMethodAccessor12
5503:             1             16  sun.reflect.GeneratedMethodAccessor120
5504:             1             16  sun.reflect.GeneratedMethodAccessor121
5505:             1             16  sun.reflect.GeneratedMethodAccessor122
5506:             1             16  sun.reflect.GeneratedMethodAccessor123
5507:             1             16  sun.reflect.GeneratedMethodAccessor124
5508:             1             16  sun.reflect.GeneratedMethodAccessor125
5509:             1             16  sun.reflect.GeneratedMethodAccessor126
5510:             1             16  sun.reflect.GeneratedMethodAccessor127
5511:             1             16  sun.reflect.GeneratedMethodAccessor128
5512:             1             16  sun.reflect.GeneratedMethodAccessor129
5513:             1             16  sun.reflect.GeneratedMethodAccessor13
5514:             1             16  sun.reflect.GeneratedMethodAccessor130
5515:             1             16  sun.reflect.GeneratedMethodAccessor131
5516:             1             16  sun.reflect.GeneratedMethodAccessor132
5517:             1             16  sun.reflect.GeneratedMethodAccessor133
5518:             1             16  sun.reflect.GeneratedMethodAccessor134
5519:             1             16  sun.reflect.GeneratedMethodAccessor135
5520:             1             16  sun.reflect.GeneratedMethodAccessor136
5521:             1             16  sun.reflect.GeneratedMethodAccessor137
5522:             1             16  sun.reflect.GeneratedMethodAccessor138
5523:             1             16  sun.reflect.GeneratedMethodAccessor139
5524:             1             16  sun.reflect.GeneratedMethodAccessor14
5525:             1             16  sun.reflect.GeneratedMethodAccessor140
5526:             1             16  sun.reflect.GeneratedMethodAccessor141
5527:             1             16  sun.reflect.GeneratedMethodAccessor142
5528:             1             16  sun.reflect.GeneratedMethodAccessor143
5529:             1             16  sun.reflect.GeneratedMethodAccessor144
5530:             1             16  sun.reflect.GeneratedMethodAccessor145
5531:             1             16  sun.reflect.GeneratedMethodAccessor146
5532:             1             16  sun.reflect.GeneratedMethodAccessor147
5533:             1             16  sun.reflect.GeneratedMethodAccessor148
5534:             1             16  sun.reflect.GeneratedMethodAccessor149
5535:             1             16  sun.reflect.GeneratedMethodAccessor15
5536:             1             16  sun.reflect.GeneratedMethodAccessor150
5537:             1             16  sun.reflect.GeneratedMethodAccessor151
5538:             1             16  sun.reflect.GeneratedMethodAccessor152
5539:             1             16  sun.reflect.GeneratedMethodAccessor153
5540:             1             16  sun.reflect.GeneratedMethodAccessor154
5541:             1             16  sun.reflect.GeneratedMethodAccessor155
5542:             1             16  sun.reflect.GeneratedMethodAccessor156
5543:             1             16  sun.reflect.GeneratedMethodAccessor157
5544:             1             16  sun.reflect.GeneratedMethodAccessor158
5545:             1             16  sun.reflect.GeneratedMethodAccessor159
5546:             1             16  sun.reflect.GeneratedMethodAccessor16
5547:             1             16  sun.reflect.GeneratedMethodAccessor160
5548:             1             16  sun.reflect.GeneratedMethodAccessor161
5549:             1             16  sun.reflect.GeneratedMethodAccessor162
5550:             1             16  sun.reflect.GeneratedMethodAccessor163
5551:             1             16  sun.reflect.GeneratedMethodAccessor164
5552:             1             16  sun.reflect.GeneratedMethodAccessor165
5553:             1             16  sun.reflect.GeneratedMethodAccessor166
5554:             1             16  sun.reflect.GeneratedMethodAccessor167
5555:             1             16  sun.reflect.GeneratedMethodAccessor168
5556:             1             16  sun.reflect.GeneratedMethodAccessor169
5557:             1             16  sun.reflect.GeneratedMethodAccessor17
5558:             1             16  sun.reflect.GeneratedMethodAccessor170
5559:             1             16  sun.reflect.GeneratedMethodAccessor171
5560:             1             16  sun.reflect.GeneratedMethodAccessor172
5561:             1             16  sun.reflect.GeneratedMethodAccessor173
5562:             1             16  sun.reflect.GeneratedMethodAccessor174
5563:             1             16  sun.reflect.GeneratedMethodAccessor175
5564:             1             16  sun.reflect.GeneratedMethodAccessor176
5565:             1             16  sun.reflect.GeneratedMethodAccessor177
5566:             1             16  sun.reflect.GeneratedMethodAccessor178
5567:             1             16  sun.reflect.GeneratedMethodAccessor179
5568:             1             16  sun.reflect.GeneratedMethodAccessor18
5569:             1             16  sun.reflect.GeneratedMethodAccessor180
5570:             1             16  sun.reflect.GeneratedMethodAccessor181
5571:             1             16  sun.reflect.GeneratedMethodAccessor182
5572:             1             16  sun.reflect.GeneratedMethodAccessor183
5573:             1             16  sun.reflect.GeneratedMethodAccessor184
5574:             1             16  sun.reflect.GeneratedMethodAccessor185
5575:             1             16  sun.reflect.GeneratedMethodAccessor186
5576:             1             16  sun.reflect.GeneratedMethodAccessor187
5577:             1             16  sun.reflect.GeneratedMethodAccessor188
5578:             1             16  sun.reflect.GeneratedMethodAccessor189
5579:             1             16  sun.reflect.GeneratedMethodAccessor19
5580:             1             16  sun.reflect.GeneratedMethodAccessor190
5581:             1             16  sun.reflect.GeneratedMethodAccessor191
5582:             1             16  sun.reflect.GeneratedMethodAccessor192
5583:             1             16  sun.reflect.GeneratedMethodAccessor193
5584:             1             16  sun.reflect.GeneratedMethodAccessor194
5585:             1             16  sun.reflect.GeneratedMethodAccessor195
5586:             1             16  sun.reflect.GeneratedMethodAccessor196
5587:             1             16  sun.reflect.GeneratedMethodAccessor197
5588:             1             16  sun.reflect.GeneratedMethodAccessor198
5589:             1             16  sun.reflect.GeneratedMethodAccessor199
5590:             1             16  sun.reflect.GeneratedMethodAccessor20
5591:             1             16  sun.reflect.GeneratedMethodAccessor200
5592:             1             16  sun.reflect.GeneratedMethodAccessor201
5593:             1             16  sun.reflect.GeneratedMethodAccessor202
5594:             1             16  sun.reflect.GeneratedMethodAccessor203
5595:             1             16  sun.reflect.GeneratedMethodAccessor204
5596:             1             16  sun.reflect.GeneratedMethodAccessor205
5597:             1             16  sun.reflect.GeneratedMethodAccessor206
5598:             1             16  sun.reflect.GeneratedMethodAccessor207
5599:             1             16  sun.reflect.GeneratedMethodAccessor208
5600:             1             16  sun.reflect.GeneratedMethodAccessor209
5601:             1             16  sun.reflect.GeneratedMethodAccessor21
5602:             1             16  sun.reflect.GeneratedMethodAccessor210
5603:             1             16  sun.reflect.GeneratedMethodAccessor211
5604:             1             16  sun.reflect.GeneratedMethodAccessor212
5605:             1             16  sun.reflect.GeneratedMethodAccessor213
5606:             1             16  sun.reflect.GeneratedMethodAccessor214
5607:             1             16  sun.reflect.GeneratedMethodAccessor215
5608:             1             16  sun.reflect.GeneratedMethodAccessor216
5609:             1             16  sun.reflect.GeneratedMethodAccessor217
5610:             1             16  sun.reflect.GeneratedMethodAccessor218
5611:             1             16  sun.reflect.GeneratedMethodAccessor219
5612:             1             16  sun.reflect.GeneratedMethodAccessor22
5613:             1             16  sun.reflect.GeneratedMethodAccessor220
5614:             1             16  sun.reflect.GeneratedMethodAccessor221
5615:             1             16  sun.reflect.GeneratedMethodAccessor222
5616:             1             16  sun.reflect.GeneratedMethodAccessor223
5617:             1             16  sun.reflect.GeneratedMethodAccessor224
5618:             1             16  sun.reflect.GeneratedMethodAccessor225
5619:             1             16  sun.reflect.GeneratedMethodAccessor226
5620:             1             16  sun.reflect.GeneratedMethodAccessor227
5621:             1             16  sun.reflect.GeneratedMethodAccessor228
5622:             1             16  sun.reflect.GeneratedMethodAccessor229
5623:             1             16  sun.reflect.GeneratedMethodAccessor23
5624:             1             16  sun.reflect.GeneratedMethodAccessor230
5625:             1             16  sun.reflect.GeneratedMethodAccessor231
5626:             1             16  sun.reflect.GeneratedMethodAccessor232
5627:             1             16  sun.reflect.GeneratedMethodAccessor233
5628:             1             16  sun.reflect.GeneratedMethodAccessor234
5629:             1             16  sun.reflect.GeneratedMethodAccessor235
5630:             1             16  sun.reflect.GeneratedMethodAccessor236
5631:             1             16  sun.reflect.GeneratedMethodAccessor237
5632:             1             16  sun.reflect.GeneratedMethodAccessor238
5633:             1             16  sun.reflect.GeneratedMethodAccessor239
5634:             1             16  sun.reflect.GeneratedMethodAccessor24
5635:             1             16  sun.reflect.GeneratedMethodAccessor240
5636:             1             16  sun.reflect.GeneratedMethodAccessor241
5637:             1             16  sun.reflect.GeneratedMethodAccessor242
5638:             1             16  sun.reflect.GeneratedMethodAccessor243
5639:             1             16  sun.reflect.GeneratedMethodAccessor244
5640:             1             16  sun.reflect.GeneratedMethodAccessor245
5641:             1             16  sun.reflect.GeneratedMethodAccessor246
5642:             1             16  sun.reflect.GeneratedMethodAccessor247
5643:             1             16  sun.reflect.GeneratedMethodAccessor248
5644:             1             16  sun.reflect.GeneratedMethodAccessor249
5645:             1             16  sun.reflect.GeneratedMethodAccessor25
5646:             1             16  sun.reflect.GeneratedMethodAccessor250
5647:             1             16  sun.reflect.GeneratedMethodAccessor251
5648:             1             16  sun.reflect.GeneratedMethodAccessor252
5649:             1             16  sun.reflect.GeneratedMethodAccessor253
5650:             1             16  sun.reflect.GeneratedMethodAccessor254
5651:             1             16  sun.reflect.GeneratedMethodAccessor255
5652:             1             16  sun.reflect.GeneratedMethodAccessor256
5653:             1             16  sun.reflect.GeneratedMethodAccessor257
5654:             1             16  sun.reflect.GeneratedMethodAccessor258
5655:             1             16  sun.reflect.GeneratedMethodAccessor259
5656:             1             16  sun.reflect.GeneratedMethodAccessor26
5657:             1             16  sun.reflect.GeneratedMethodAccessor260
5658:             1             16  sun.reflect.GeneratedMethodAccessor261
5659:             1             16  sun.reflect.GeneratedMethodAccessor262
5660:             1             16  sun.reflect.GeneratedMethodAccessor263
5661:             1             16  sun.reflect.GeneratedMethodAccessor264
5662:             1             16  sun.reflect.GeneratedMethodAccessor265
5663:             1             16  sun.reflect.GeneratedMethodAccessor266
5664:             1             16  sun.reflect.GeneratedMethodAccessor267
5665:             1             16  sun.reflect.GeneratedMethodAccessor268
5666:             1             16  sun.reflect.GeneratedMethodAccessor269
5667:             1             16  sun.reflect.GeneratedMethodAccessor27
5668:             1             16  sun.reflect.GeneratedMethodAccessor270
5669:             1             16  sun.reflect.GeneratedMethodAccessor271
5670:             1             16  sun.reflect.GeneratedMethodAccessor272
5671:             1             16  sun.reflect.GeneratedMethodAccessor273
5672:             1             16  sun.reflect.GeneratedMethodAccessor274
5673:             1             16  sun.reflect.GeneratedMethodAccessor275
5674:             1             16  sun.reflect.GeneratedMethodAccessor276
5675:             1             16  sun.reflect.GeneratedMethodAccessor277
5676:             1             16  sun.reflect.GeneratedMethodAccessor278
5677:             1             16  sun.reflect.GeneratedMethodAccessor279
5678:             1             16  sun.reflect.GeneratedMethodAccessor28
5679:             1             16  sun.reflect.GeneratedMethodAccessor280
5680:             1             16  sun.reflect.GeneratedMethodAccessor281
5681:             1             16  sun.reflect.GeneratedMethodAccessor282
5682:             1             16  sun.reflect.GeneratedMethodAccessor283
5683:             1             16  sun.reflect.GeneratedMethodAccessor284
5684:             1             16  sun.reflect.GeneratedMethodAccessor285
5685:             1             16  sun.reflect.GeneratedMethodAccessor286
5686:             1             16  sun.reflect.GeneratedMethodAccessor287
5687:             1             16  sun.reflect.GeneratedMethodAccessor288
5688:             1             16  sun.reflect.GeneratedMethodAccessor289
5689:             1             16  sun.reflect.GeneratedMethodAccessor29
5690:             1             16  sun.reflect.GeneratedMethodAccessor290
5691:             1             16  sun.reflect.GeneratedMethodAccessor291
5692:             1             16  sun.reflect.GeneratedMethodAccessor292
5693:             1             16  sun.reflect.GeneratedMethodAccessor293
5694:             1             16  sun.reflect.GeneratedMethodAccessor294
5695:             1             16  sun.reflect.GeneratedMethodAccessor295
5696:             1             16  sun.reflect.GeneratedMethodAccessor296
5697:             1             16  sun.reflect.GeneratedMethodAccessor297
5698:             1             16  sun.reflect.GeneratedMethodAccessor298
5699:             1             16  sun.reflect.GeneratedMethodAccessor299
5700:             1             16  sun.reflect.GeneratedMethodAccessor3
5701:             1             16  sun.reflect.GeneratedMethodAccessor30
5702:             1             16  sun.reflect.GeneratedMethodAccessor300
5703:             1             16  sun.reflect.GeneratedMethodAccessor301
5704:             1             16  sun.reflect.GeneratedMethodAccessor302
5705:             1             16  sun.reflect.GeneratedMethodAccessor303
5706:             1             16  sun.reflect.GeneratedMethodAccessor304
5707:             1             16  sun.reflect.GeneratedMethodAccessor305
5708:             1             16  sun.reflect.GeneratedMethodAccessor306
5709:             1             16  sun.reflect.GeneratedMethodAccessor307
5710:             1             16  sun.reflect.GeneratedMethodAccessor308
5711:             1             16  sun.reflect.GeneratedMethodAccessor309
5712:             1             16  sun.reflect.GeneratedMethodAccessor31
5713:             1             16  sun.reflect.GeneratedMethodAccessor310
5714:             1             16  sun.reflect.GeneratedMethodAccessor311
5715:             1             16  sun.reflect.GeneratedMethodAccessor312
5716:             1             16  sun.reflect.GeneratedMethodAccessor313
5717:             1             16  sun.reflect.GeneratedMethodAccessor314
5718:             1             16  sun.reflect.GeneratedMethodAccessor315
5719:             1             16  sun.reflect.GeneratedMethodAccessor316
5720:             1             16  sun.reflect.GeneratedMethodAccessor317
5721:             1             16  sun.reflect.GeneratedMethodAccessor318
5722:             1             16  sun.reflect.GeneratedMethodAccessor319
5723:             1             16  sun.reflect.GeneratedMethodAccessor32
5724:             1             16  sun.reflect.GeneratedMethodAccessor320
5725:             1             16  sun.reflect.GeneratedMethodAccessor321
5726:             1             16  sun.reflect.GeneratedMethodAccessor322
5727:             1             16  sun.reflect.GeneratedMethodAccessor323
5728:             1             16  sun.reflect.GeneratedMethodAccessor324
5729:             1             16  sun.reflect.GeneratedMethodAccessor325
5730:             1             16  sun.reflect.GeneratedMethodAccessor326
5731:             1             16  sun.reflect.GeneratedMethodAccessor327
5732:             1             16  sun.reflect.GeneratedMethodAccessor328
5733:             1             16  sun.reflect.GeneratedMethodAccessor329
5734:             1             16  sun.reflect.GeneratedMethodAccessor33
5735:             1             16  sun.reflect.GeneratedMethodAccessor330
5736:             1             16  sun.reflect.GeneratedMethodAccessor331
5737:             1             16  sun.reflect.GeneratedMethodAccessor332
5738:             1             16  sun.reflect.GeneratedMethodAccessor333
5739:             1             16  sun.reflect.GeneratedMethodAccessor334
5740:             1             16  sun.reflect.GeneratedMethodAccessor335
5741:             1             16  sun.reflect.GeneratedMethodAccessor336
5742:             1             16  sun.reflect.GeneratedMethodAccessor337
5743:             1             16  sun.reflect.GeneratedMethodAccessor338
5744:             1             16  sun.reflect.GeneratedMethodAccessor339
5745:             1             16  sun.reflect.GeneratedMethodAccessor34
5746:             1             16  sun.reflect.GeneratedMethodAccessor340
5747:             1             16  sun.reflect.GeneratedMethodAccessor341
5748:             1             16  sun.reflect.GeneratedMethodAccessor342
5749:             1             16  sun.reflect.GeneratedMethodAccessor343
5750:             1             16  sun.reflect.GeneratedMethodAccessor344
5751:             1             16  sun.reflect.GeneratedMethodAccessor345
5752:             1             16  sun.reflect.GeneratedMethodAccessor346
5753:             1             16  sun.reflect.GeneratedMethodAccessor347
5754:             1             16  sun.reflect.GeneratedMethodAccessor348
5755:             1             16  sun.reflect.GeneratedMethodAccessor349
5756:             1             16  sun.reflect.GeneratedMethodAccessor35
5757:             1             16  sun.reflect.GeneratedMethodAccessor350
5758:             1             16  sun.reflect.GeneratedMethodAccessor351
5759:             1             16  sun.reflect.GeneratedMethodAccessor352
5760:             1             16  sun.reflect.GeneratedMethodAccessor353
5761:             1             16  sun.reflect.GeneratedMethodAccessor354
5762:             1             16  sun.reflect.GeneratedMethodAccessor355
5763:             1             16  sun.reflect.GeneratedMethodAccessor356
5764:             1             16  sun.reflect.GeneratedMethodAccessor357
5765:             1             16  sun.reflect.GeneratedMethodAccessor358
5766:             1             16  sun.reflect.GeneratedMethodAccessor359
5767:             1             16  sun.reflect.GeneratedMethodAccessor36
5768:             1             16  sun.reflect.GeneratedMethodAccessor360
5769:             1             16  sun.reflect.GeneratedMethodAccessor361
5770:             1             16  sun.reflect.GeneratedMethodAccessor362
5771:             1             16  sun.reflect.GeneratedMethodAccessor363
5772:             1             16  sun.reflect.GeneratedMethodAccessor364
5773:             1             16  sun.reflect.GeneratedMethodAccessor365
5774:             1             16  sun.reflect.GeneratedMethodAccessor366
5775:             1             16  sun.reflect.GeneratedMethodAccessor367
5776:             1             16  sun.reflect.GeneratedMethodAccessor368
5777:             1             16  sun.reflect.GeneratedMethodAccessor369
5778:             1             16  sun.reflect.GeneratedMethodAccessor37
5779:             1             16  sun.reflect.GeneratedMethodAccessor370
5780:             1             16  sun.reflect.GeneratedMethodAccessor371
5781:             1             16  sun.reflect.GeneratedMethodAccessor372
5782:             1             16  sun.reflect.GeneratedMethodAccessor373
5783:             1             16  sun.reflect.GeneratedMethodAccessor374
5784:             1             16  sun.reflect.GeneratedMethodAccessor375
5785:             1             16  sun.reflect.GeneratedMethodAccessor376
5786:             1             16  sun.reflect.GeneratedMethodAccessor377
5787:             1             16  sun.reflect.GeneratedMethodAccessor378
5788:             1             16  sun.reflect.GeneratedMethodAccessor379
5789:             1             16  sun.reflect.GeneratedMethodAccessor38
5790:             1             16  sun.reflect.GeneratedMethodAccessor380
5791:             1             16  sun.reflect.GeneratedMethodAccessor381
5792:             1             16  sun.reflect.GeneratedMethodAccessor382
5793:             1             16  sun.reflect.GeneratedMethodAccessor383
5794:             1             16  sun.reflect.GeneratedMethodAccessor384
5795:             1             16  sun.reflect.GeneratedMethodAccessor385
5796:             1             16  sun.reflect.GeneratedMethodAccessor386
5797:             1             16  sun.reflect.GeneratedMethodAccessor387
5798:             1             16  sun.reflect.GeneratedMethodAccessor388
5799:             1             16  sun.reflect.GeneratedMethodAccessor389
5800:             1             16  sun.reflect.GeneratedMethodAccessor39
5801:             1             16  sun.reflect.GeneratedMethodAccessor390
5802:             1             16  sun.reflect.GeneratedMethodAccessor391
5803:             1             16  sun.reflect.GeneratedMethodAccessor392
5804:             1             16  sun.reflect.GeneratedMethodAccessor393
5805:             1             16  sun.reflect.GeneratedMethodAccessor394
5806:             1             16  sun.reflect.GeneratedMethodAccessor395
5807:             1             16  sun.reflect.GeneratedMethodAccessor396
5808:             1             16  sun.reflect.GeneratedMethodAccessor397
5809:             1             16  sun.reflect.GeneratedMethodAccessor398
5810:             1             16  sun.reflect.GeneratedMethodAccessor399
5811:             1             16  sun.reflect.GeneratedMethodAccessor4
5812:             1             16  sun.reflect.GeneratedMethodAccessor40
5813:             1             16  sun.reflect.GeneratedMethodAccessor400
5814:             1             16  sun.reflect.GeneratedMethodAccessor401
5815:             1             16  sun.reflect.GeneratedMethodAccessor402
5816:             1             16  sun.reflect.GeneratedMethodAccessor403
5817:             1             16  sun.reflect.GeneratedMethodAccessor404
5818:             1             16  sun.reflect.GeneratedMethodAccessor405
5819:             1             16  sun.reflect.GeneratedMethodAccessor406
5820:             1             16  sun.reflect.GeneratedMethodAccessor407
5821:             1             16  sun.reflect.GeneratedMethodAccessor408
5822:             1             16  sun.reflect.GeneratedMethodAccessor409
5823:             1             16  sun.reflect.GeneratedMethodAccessor41
5824:             1             16  sun.reflect.GeneratedMethodAccessor410
5825:             1             16  sun.reflect.GeneratedMethodAccessor411
5826:             1             16  sun.reflect.GeneratedMethodAccessor412
5827:             1             16  sun.reflect.GeneratedMethodAccessor413
5828:             1             16  sun.reflect.GeneratedMethodAccessor414
5829:             1             16  sun.reflect.GeneratedMethodAccessor415
5830:             1             16  sun.reflect.GeneratedMethodAccessor416
5831:             1             16  sun.reflect.GeneratedMethodAccessor417
5832:             1             16  sun.reflect.GeneratedMethodAccessor418
5833:             1             16  sun.reflect.GeneratedMethodAccessor419
5834:             1             16  sun.reflect.GeneratedMethodAccessor42
5835:             1             16  sun.reflect.GeneratedMethodAccessor420
5836:             1             16  sun.reflect.GeneratedMethodAccessor421
5837:             1             16  sun.reflect.GeneratedMethodAccessor422
5838:             1             16  sun.reflect.GeneratedMethodAccessor423
5839:             1             16  sun.reflect.GeneratedMethodAccessor424
5840:             1             16  sun.reflect.GeneratedMethodAccessor425
5841:             1             16  sun.reflect.GeneratedMethodAccessor426
5842:             1             16  sun.reflect.GeneratedMethodAccessor427
5843:             1             16  sun.reflect.GeneratedMethodAccessor428
5844:             1             16  sun.reflect.GeneratedMethodAccessor429
5845:             1             16  sun.reflect.GeneratedMethodAccessor43
5846:             1             16  sun.reflect.GeneratedMethodAccessor430
5847:             1             16  sun.reflect.GeneratedMethodAccessor431
5848:             1             16  sun.reflect.GeneratedMethodAccessor432
5849:             1             16  sun.reflect.GeneratedMethodAccessor433
5850:             1             16  sun.reflect.GeneratedMethodAccessor434
5851:             1             16  sun.reflect.GeneratedMethodAccessor435
5852:             1             16  sun.reflect.GeneratedMethodAccessor436
5853:             1             16  sun.reflect.GeneratedMethodAccessor437
5854:             1             16  sun.reflect.GeneratedMethodAccessor438
5855:             1             16  sun.reflect.GeneratedMethodAccessor439
5856:             1             16  sun.reflect.GeneratedMethodAccessor44
5857:             1             16  sun.reflect.GeneratedMethodAccessor440
5858:             1             16  sun.reflect.GeneratedMethodAccessor441
5859:             1             16  sun.reflect.GeneratedMethodAccessor442
5860:             1             16  sun.reflect.GeneratedMethodAccessor443
5861:             1             16  sun.reflect.GeneratedMethodAccessor444
5862:             1             16  sun.reflect.GeneratedMethodAccessor445
5863:             1             16  sun.reflect.GeneratedMethodAccessor446
5864:             1             16  sun.reflect.GeneratedMethodAccessor447
5865:             1             16  sun.reflect.GeneratedMethodAccessor448
5866:             1             16  sun.reflect.GeneratedMethodAccessor449
5867:             1             16  sun.reflect.GeneratedMethodAccessor45
5868:             1             16  sun.reflect.GeneratedMethodAccessor450
5869:             1             16  sun.reflect.GeneratedMethodAccessor451
5870:             1             16  sun.reflect.GeneratedMethodAccessor452
5871:             1             16  sun.reflect.GeneratedMethodAccessor453
5872:             1             16  sun.reflect.GeneratedMethodAccessor454
5873:             1             16  sun.reflect.GeneratedMethodAccessor455
5874:             1             16  sun.reflect.GeneratedMethodAccessor456
5875:             1             16  sun.reflect.GeneratedMethodAccessor457
5876:             1             16  sun.reflect.GeneratedMethodAccessor458
5877:             1             16  sun.reflect.GeneratedMethodAccessor459
5878:             1             16  sun.reflect.GeneratedMethodAccessor46
5879:             1             16  sun.reflect.GeneratedMethodAccessor460
5880:             1             16  sun.reflect.GeneratedMethodAccessor461
5881:             1             16  sun.reflect.GeneratedMethodAccessor462
5882:             1             16  sun.reflect.GeneratedMethodAccessor463
5883:             1             16  sun.reflect.GeneratedMethodAccessor464
5884:             1             16  sun.reflect.GeneratedMethodAccessor465
5885:             1             16  sun.reflect.GeneratedMethodAccessor466
5886:             1             16  sun.reflect.GeneratedMethodAccessor467
5887:             1             16  sun.reflect.GeneratedMethodAccessor468
5888:             1             16  sun.reflect.GeneratedMethodAccessor469
5889:             1             16  sun.reflect.GeneratedMethodAccessor47
5890:             1             16  sun.reflect.GeneratedMethodAccessor470
5891:             1             16  sun.reflect.GeneratedMethodAccessor471
5892:             1             16  sun.reflect.GeneratedMethodAccessor472
5893:             1             16  sun.reflect.GeneratedMethodAccessor473
5894:             1             16  sun.reflect.GeneratedMethodAccessor474
5895:             1             16  sun.reflect.GeneratedMethodAccessor475
5896:             1             16  sun.reflect.GeneratedMethodAccessor476
5897:             1             16  sun.reflect.GeneratedMethodAccessor477
5898:             1             16  sun.reflect.GeneratedMethodAccessor478
5899:             1             16  sun.reflect.GeneratedMethodAccessor479
5900:             1             16  sun.reflect.GeneratedMethodAccessor48
5901:             1             16  sun.reflect.GeneratedMethodAccessor480
5902:             1             16  sun.reflect.GeneratedMethodAccessor481
5903:             1             16  sun.reflect.GeneratedMethodAccessor482
5904:             1             16  sun.reflect.GeneratedMethodAccessor483
5905:             1             16  sun.reflect.GeneratedMethodAccessor484
5906:             1             16  sun.reflect.GeneratedMethodAccessor485
5907:             1             16  sun.reflect.GeneratedMethodAccessor486
5908:             1             16  sun.reflect.GeneratedMethodAccessor487
5909:             1             16  sun.reflect.GeneratedMethodAccessor488
5910:             1             16  sun.reflect.GeneratedMethodAccessor489
5911:             1             16  sun.reflect.GeneratedMethodAccessor49
5912:             1             16  sun.reflect.GeneratedMethodAccessor490
5913:             1             16  sun.reflect.GeneratedMethodAccessor491
5914:             1             16  sun.reflect.GeneratedMethodAccessor492
5915:             1             16  sun.reflect.GeneratedMethodAccessor493
5916:             1             16  sun.reflect.GeneratedMethodAccessor494
5917:             1             16  sun.reflect.GeneratedMethodAccessor495
5918:             1             16  sun.reflect.GeneratedMethodAccessor496
5919:             1             16  sun.reflect.GeneratedMethodAccessor497
5920:             1             16  sun.reflect.GeneratedMethodAccessor498
5921:             1             16  sun.reflect.GeneratedMethodAccessor499
5922:             1             16  sun.reflect.GeneratedMethodAccessor5
5923:             1             16  sun.reflect.GeneratedMethodAccessor50
5924:             1             16  sun.reflect.GeneratedMethodAccessor500
5925:             1             16  sun.reflect.GeneratedMethodAccessor501
5926:             1             16  sun.reflect.GeneratedMethodAccessor502
5927:             1             16  sun.reflect.GeneratedMethodAccessor503
5928:             1             16  sun.reflect.GeneratedMethodAccessor504
5929:             1             16  sun.reflect.GeneratedMethodAccessor505
5930:             1             16  sun.reflect.GeneratedMethodAccessor506
5931:             1             16  sun.reflect.GeneratedMethodAccessor507
5932:             1             16  sun.reflect.GeneratedMethodAccessor508
5933:             1             16  sun.reflect.GeneratedMethodAccessor509
5934:             1             16  sun.reflect.GeneratedMethodAccessor51
5935:             1             16  sun.reflect.GeneratedMethodAccessor510
5936:             1             16  sun.reflect.GeneratedMethodAccessor511
5937:             1             16  sun.reflect.GeneratedMethodAccessor512
5938:             1             16  sun.reflect.GeneratedMethodAccessor513
5939:             1             16  sun.reflect.GeneratedMethodAccessor514
5940:             1             16  sun.reflect.GeneratedMethodAccessor515
5941:             1             16  sun.reflect.GeneratedMethodAccessor516
5942:             1             16  sun.reflect.GeneratedMethodAccessor517
5943:             1             16  sun.reflect.GeneratedMethodAccessor518
5944:             1             16  sun.reflect.GeneratedMethodAccessor519
5945:             1             16  sun.reflect.GeneratedMethodAccessor52
5946:             1             16  sun.reflect.GeneratedMethodAccessor520
5947:             1             16  sun.reflect.GeneratedMethodAccessor521
5948:             1             16  sun.reflect.GeneratedMethodAccessor522
5949:             1             16  sun.reflect.GeneratedMethodAccessor523
5950:             1             16  sun.reflect.GeneratedMethodAccessor524
5951:             1             16  sun.reflect.GeneratedMethodAccessor525
5952:             1             16  sun.reflect.GeneratedMethodAccessor526
5953:             1             16  sun.reflect.GeneratedMethodAccessor527
5954:             1             16  sun.reflect.GeneratedMethodAccessor528
5955:             1             16  sun.reflect.GeneratedMethodAccessor529
5956:             1             16  sun.reflect.GeneratedMethodAccessor53
5957:             1             16  sun.reflect.GeneratedMethodAccessor530
5958:             1             16  sun.reflect.GeneratedMethodAccessor531
5959:             1             16  sun.reflect.GeneratedMethodAccessor532
5960:             1             16  sun.reflect.GeneratedMethodAccessor533
5961:             1             16  sun.reflect.GeneratedMethodAccessor534
5962:             1             16  sun.reflect.GeneratedMethodAccessor535
5963:             1             16  sun.reflect.GeneratedMethodAccessor536
5964:             1             16  sun.reflect.GeneratedMethodAccessor537
5965:             1             16  sun.reflect.GeneratedMethodAccessor538
5966:             1             16  sun.reflect.GeneratedMethodAccessor539
5967:             1             16  sun.reflect.GeneratedMethodAccessor54
5968:             1             16  sun.reflect.GeneratedMethodAccessor540
5969:             1             16  sun.reflect.GeneratedMethodAccessor541
5970:             1             16  sun.reflect.GeneratedMethodAccessor542
5971:             1             16  sun.reflect.GeneratedMethodAccessor543
5972:             1             16  sun.reflect.GeneratedMethodAccessor544
5973:             1             16  sun.reflect.GeneratedMethodAccessor545
5974:             1             16  sun.reflect.GeneratedMethodAccessor546
5975:             1             16  sun.reflect.GeneratedMethodAccessor547
5976:             1             16  sun.reflect.GeneratedMethodAccessor548
5977:             1             16  sun.reflect.GeneratedMethodAccessor549
5978:             1             16  sun.reflect.GeneratedMethodAccessor55
5979:             1             16  sun.reflect.GeneratedMethodAccessor550
5980:             1             16  sun.reflect.GeneratedMethodAccessor551
5981:             1             16  sun.reflect.GeneratedMethodAccessor552
5982:             1             16  sun.reflect.GeneratedMethodAccessor553
5983:             1             16  sun.reflect.GeneratedMethodAccessor554
5984:             1             16  sun.reflect.GeneratedMethodAccessor555
5985:             1             16  sun.reflect.GeneratedMethodAccessor556
5986:             1             16  sun.reflect.GeneratedMethodAccessor557
5987:             1             16  sun.reflect.GeneratedMethodAccessor558
5988:             1             16  sun.reflect.GeneratedMethodAccessor559
5989:             1             16  sun.reflect.GeneratedMethodAccessor56
5990:             1             16  sun.reflect.GeneratedMethodAccessor560
5991:             1             16  sun.reflect.GeneratedMethodAccessor561
5992:             1             16  sun.reflect.GeneratedMethodAccessor562
5993:             1             16  sun.reflect.GeneratedMethodAccessor563
5994:             1             16  sun.reflect.GeneratedMethodAccessor564
5995:             1             16  sun.reflect.GeneratedMethodAccessor565
5996:             1             16  sun.reflect.GeneratedMethodAccessor566
5997:             1             16  sun.reflect.GeneratedMethodAccessor567
5998:             1             16  sun.reflect.GeneratedMethodAccessor568
5999:             1             16  sun.reflect.GeneratedMethodAccessor569
6000:             1             16  sun.reflect.GeneratedMethodAccessor57
6001:             1             16  sun.reflect.GeneratedMethodAccessor570
6002:             1             16  sun.reflect.GeneratedMethodAccessor571
6003:             1             16  sun.reflect.GeneratedMethodAccessor572
6004:             1             16  sun.reflect.GeneratedMethodAccessor573
6005:             1             16  sun.reflect.GeneratedMethodAccessor574
6006:             1             16  sun.reflect.GeneratedMethodAccessor575
6007:             1             16  sun.reflect.GeneratedMethodAccessor576
6008:             1             16  sun.reflect.GeneratedMethodAccessor577
6009:             1             16  sun.reflect.GeneratedMethodAccessor578
6010:             1             16  sun.reflect.GeneratedMethodAccessor579
6011:             1             16  sun.reflect.GeneratedMethodAccessor58
6012:             1             16  sun.reflect.GeneratedMethodAccessor580
6013:             1             16  sun.reflect.GeneratedMethodAccessor581
6014:             1             16  sun.reflect.GeneratedMethodAccessor582
6015:             1             16  sun.reflect.GeneratedMethodAccessor583
6016:             1             16  sun.reflect.GeneratedMethodAccessor584
6017:             1             16  sun.reflect.GeneratedMethodAccessor585
6018:             1             16  sun.reflect.GeneratedMethodAccessor586
6019:             1             16  sun.reflect.GeneratedMethodAccessor587
6020:             1             16  sun.reflect.GeneratedMethodAccessor588
6021:             1             16  sun.reflect.GeneratedMethodAccessor589
6022:             1             16  sun.reflect.GeneratedMethodAccessor59
6023:             1             16  sun.reflect.GeneratedMethodAccessor590
6024:             1             16  sun.reflect.GeneratedMethodAccessor591
6025:             1             16  sun.reflect.GeneratedMethodAccessor592
6026:             1             16  sun.reflect.GeneratedMethodAccessor593
6027:             1             16  sun.reflect.GeneratedMethodAccessor594
6028:             1             16  sun.reflect.GeneratedMethodAccessor595
6029:             1             16  sun.reflect.GeneratedMethodAccessor596
6030:             1             16  sun.reflect.GeneratedMethodAccessor597
6031:             1             16  sun.reflect.GeneratedMethodAccessor598
6032:             1             16  sun.reflect.GeneratedMethodAccessor599
6033:             1             16  sun.reflect.GeneratedMethodAccessor6
6034:             1             16  sun.reflect.GeneratedMethodAccessor60
6035:             1             16  sun.reflect.GeneratedMethodAccessor600
6036:             1             16  sun.reflect.GeneratedMethodAccessor601
6037:             1             16  sun.reflect.GeneratedMethodAccessor602
6038:             1             16  sun.reflect.GeneratedMethodAccessor603
6039:             1             16  sun.reflect.GeneratedMethodAccessor604
6040:             1             16  sun.reflect.GeneratedMethodAccessor605
6041:             1             16  sun.reflect.GeneratedMethodAccessor606
6042:             1             16  sun.reflect.GeneratedMethodAccessor607
6043:             1             16  sun.reflect.GeneratedMethodAccessor608
6044:             1             16  sun.reflect.GeneratedMethodAccessor609
6045:             1             16  sun.reflect.GeneratedMethodAccessor61
6046:             1             16  sun.reflect.GeneratedMethodAccessor610
6047:             1             16  sun.reflect.GeneratedMethodAccessor611
6048:             1             16  sun.reflect.GeneratedMethodAccessor612
6049:             1             16  sun.reflect.GeneratedMethodAccessor613
6050:             1             16  sun.reflect.GeneratedMethodAccessor614
6051:             1             16  sun.reflect.GeneratedMethodAccessor615
6052:             1             16  sun.reflect.GeneratedMethodAccessor616
6053:             1             16  sun.reflect.GeneratedMethodAccessor617
6054:             1             16  sun.reflect.GeneratedMethodAccessor618
6055:             1             16  sun.reflect.GeneratedMethodAccessor619
6056:             1             16  sun.reflect.GeneratedMethodAccessor62
6057:             1             16  sun.reflect.GeneratedMethodAccessor620
6058:             1             16  sun.reflect.GeneratedMethodAccessor621
6059:             1             16  sun.reflect.GeneratedMethodAccessor622
6060:             1             16  sun.reflect.GeneratedMethodAccessor623
6061:             1             16  sun.reflect.GeneratedMethodAccessor624
6062:             1             16  sun.reflect.GeneratedMethodAccessor625
6063:             1             16  sun.reflect.GeneratedMethodAccessor626
6064:             1             16  sun.reflect.GeneratedMethodAccessor627
6065:             1             16  sun.reflect.GeneratedMethodAccessor628
6066:             1             16  sun.reflect.GeneratedMethodAccessor629
6067:             1             16  sun.reflect.GeneratedMethodAccessor63
6068:             1             16  sun.reflect.GeneratedMethodAccessor630
6069:             1             16  sun.reflect.GeneratedMethodAccessor631
6070:             1             16  sun.reflect.GeneratedMethodAccessor632
6071:             1             16  sun.reflect.GeneratedMethodAccessor633
6072:             1             16  sun.reflect.GeneratedMethodAccessor634
6073:             1             16  sun.reflect.GeneratedMethodAccessor635
6074:             1             16  sun.reflect.GeneratedMethodAccessor636
6075:             1             16  sun.reflect.GeneratedMethodAccessor637
6076:             1             16  sun.reflect.GeneratedMethodAccessor638
6077:             1             16  sun.reflect.GeneratedMethodAccessor639
6078:             1             16  sun.reflect.GeneratedMethodAccessor64
6079:             1             16  sun.reflect.GeneratedMethodAccessor640
6080:             1             16  sun.reflect.GeneratedMethodAccessor641
6081:             1             16  sun.reflect.GeneratedMethodAccessor642
6082:             1             16  sun.reflect.GeneratedMethodAccessor643
6083:             1             16  sun.reflect.GeneratedMethodAccessor644
6084:             1             16  sun.reflect.GeneratedMethodAccessor645
6085:             1             16  sun.reflect.GeneratedMethodAccessor646
6086:             1             16  sun.reflect.GeneratedMethodAccessor647
6087:             1             16  sun.reflect.GeneratedMethodAccessor648
6088:             1             16  sun.reflect.GeneratedMethodAccessor649
6089:             1             16  sun.reflect.GeneratedMethodAccessor65
6090:             1             16  sun.reflect.GeneratedMethodAccessor650
6091:             1             16  sun.reflect.GeneratedMethodAccessor651
6092:             1             16  sun.reflect.GeneratedMethodAccessor652
6093:             1             16  sun.reflect.GeneratedMethodAccessor653
6094:             1             16  sun.reflect.GeneratedMethodAccessor654
6095:             1             16  sun.reflect.GeneratedMethodAccessor655
6096:             1             16  sun.reflect.GeneratedMethodAccessor656
6097:             1             16  sun.reflect.GeneratedMethodAccessor657
6098:             1             16  sun.reflect.GeneratedMethodAccessor658
6099:             1             16  sun.reflect.GeneratedMethodAccessor659
6100:             1             16  sun.reflect.GeneratedMethodAccessor66
6101:             1             16  sun.reflect.GeneratedMethodAccessor660
6102:             1             16  sun.reflect.GeneratedMethodAccessor661
6103:             1             16  sun.reflect.GeneratedMethodAccessor662
6104:             1             16  sun.reflect.GeneratedMethodAccessor663
6105:             1             16  sun.reflect.GeneratedMethodAccessor664
6106:             1             16  sun.reflect.GeneratedMethodAccessor665
6107:             1             16  sun.reflect.GeneratedMethodAccessor666
6108:             1             16  sun.reflect.GeneratedMethodAccessor667
6109:             1             16  sun.reflect.GeneratedMethodAccessor668
6110:             1             16  sun.reflect.GeneratedMethodAccessor669
6111:             1             16  sun.reflect.GeneratedMethodAccessor67
6112:             1             16  sun.reflect.GeneratedMethodAccessor670
6113:             1             16  sun.reflect.GeneratedMethodAccessor671
6114:             1             16  sun.reflect.GeneratedMethodAccessor672
6115:             1             16  sun.reflect.GeneratedMethodAccessor673
6116:             1             16  sun.reflect.GeneratedMethodAccessor674
6117:             1             16  sun.reflect.GeneratedMethodAccessor675
6118:             1             16  sun.reflect.GeneratedMethodAccessor676
6119:             1             16  sun.reflect.GeneratedMethodAccessor677
6120:             1             16  sun.reflect.GeneratedMethodAccessor678
6121:             1             16  sun.reflect.GeneratedMethodAccessor679
6122:             1             16  sun.reflect.GeneratedMethodAccessor68
6123:             1             16  sun.reflect.GeneratedMethodAccessor680
6124:             1             16  sun.reflect.GeneratedMethodAccessor681
6125:             1             16  sun.reflect.GeneratedMethodAccessor682
6126:             1             16  sun.reflect.GeneratedMethodAccessor683
6127:             1             16  sun.reflect.GeneratedMethodAccessor684
6128:             1             16  sun.reflect.GeneratedMethodAccessor685
6129:             1             16  sun.reflect.GeneratedMethodAccessor686
6130:             1             16  sun.reflect.GeneratedMethodAccessor687
6131:             1             16  sun.reflect.GeneratedMethodAccessor688
6132:             1             16  sun.reflect.GeneratedMethodAccessor689
6133:             1             16  sun.reflect.GeneratedMethodAccessor69
6134:             1             16  sun.reflect.GeneratedMethodAccessor690
6135:             1             16  sun.reflect.GeneratedMethodAccessor691
6136:             1             16  sun.reflect.GeneratedMethodAccessor692
6137:             1             16  sun.reflect.GeneratedMethodAccessor693
6138:             1             16  sun.reflect.GeneratedMethodAccessor694
6139:             1             16  sun.reflect.GeneratedMethodAccessor695
6140:             1             16  sun.reflect.GeneratedMethodAccessor696
6141:             1             16  sun.reflect.GeneratedMethodAccessor697
6142:             1             16  sun.reflect.GeneratedMethodAccessor698
6143:             1             16  sun.reflect.GeneratedMethodAccessor699
6144:             1             16  sun.reflect.GeneratedMethodAccessor7
6145:             1             16  sun.reflect.GeneratedMethodAccessor70
6146:             1             16  sun.reflect.GeneratedMethodAccessor700
6147:             1             16  sun.reflect.GeneratedMethodAccessor701
6148:             1             16  sun.reflect.GeneratedMethodAccessor702
6149:             1             16  sun.reflect.GeneratedMethodAccessor703
6150:             1             16  sun.reflect.GeneratedMethodAccessor704
6151:             1             16  sun.reflect.GeneratedMethodAccessor705
6152:             1             16  sun.reflect.GeneratedMethodAccessor706
6153:             1             16  sun.reflect.GeneratedMethodAccessor707
6154:             1             16  sun.reflect.GeneratedMethodAccessor708
6155:             1             16  sun.reflect.GeneratedMethodAccessor709
6156:             1             16  sun.reflect.GeneratedMethodAccessor71
6157:             1             16  sun.reflect.GeneratedMethodAccessor710
6158:             1             16  sun.reflect.GeneratedMethodAccessor711
6159:             1             16  sun.reflect.GeneratedMethodAccessor712
6160:             1             16  sun.reflect.GeneratedMethodAccessor713
6161:             1             16  sun.reflect.GeneratedMethodAccessor714
6162:             1             16  sun.reflect.GeneratedMethodAccessor715
6163:             1             16  sun.reflect.GeneratedMethodAccessor716
6164:             1             16  sun.reflect.GeneratedMethodAccessor717
6165:             1             16  sun.reflect.GeneratedMethodAccessor718
6166:             1             16  sun.reflect.GeneratedMethodAccessor719
6167:             1             16  sun.reflect.GeneratedMethodAccessor72
6168:             1             16  sun.reflect.GeneratedMethodAccessor720
6169:             1             16  sun.reflect.GeneratedMethodAccessor721
6170:             1             16  sun.reflect.GeneratedMethodAccessor722
6171:             1             16  sun.reflect.GeneratedMethodAccessor723
6172:             1             16  sun.reflect.GeneratedMethodAccessor724
6173:             1             16  sun.reflect.GeneratedMethodAccessor725
6174:             1             16  sun.reflect.GeneratedMethodAccessor726
6175:             1             16  sun.reflect.GeneratedMethodAccessor727
6176:             1             16  sun.reflect.GeneratedMethodAccessor728
6177:             1             16  sun.reflect.GeneratedMethodAccessor729
6178:             1             16  sun.reflect.GeneratedMethodAccessor73
6179:             1             16  sun.reflect.GeneratedMethodAccessor730
6180:             1             16  sun.reflect.GeneratedMethodAccessor731
6181:             1             16  sun.reflect.GeneratedMethodAccessor732
6182:             1             16  sun.reflect.GeneratedMethodAccessor733
6183:             1             16  sun.reflect.GeneratedMethodAccessor734
6184:             1             16  sun.reflect.GeneratedMethodAccessor735
6185:             1             16  sun.reflect.GeneratedMethodAccessor736
6186:             1             16  sun.reflect.GeneratedMethodAccessor737
6187:             1             16  sun.reflect.GeneratedMethodAccessor738
6188:             1             16  sun.reflect.GeneratedMethodAccessor739
6189:             1             16  sun.reflect.GeneratedMethodAccessor74
6190:             1             16  sun.reflect.GeneratedMethodAccessor740
6191:             1             16  sun.reflect.GeneratedMethodAccessor741
6192:             1             16  sun.reflect.GeneratedMethodAccessor742
6193:             1             16  sun.reflect.GeneratedMethodAccessor743
6194:             1             16  sun.reflect.GeneratedMethodAccessor744
6195:             1             16  sun.reflect.GeneratedMethodAccessor745
6196:             1             16  sun.reflect.GeneratedMethodAccessor746
6197:             1             16  sun.reflect.GeneratedMethodAccessor747
6198:             1             16  sun.reflect.GeneratedMethodAccessor748
6199:             1             16  sun.reflect.GeneratedMethodAccessor749
6200:             1             16  sun.reflect.GeneratedMethodAccessor75
6201:             1             16  sun.reflect.GeneratedMethodAccessor750
6202:             1             16  sun.reflect.GeneratedMethodAccessor751
6203:             1             16  sun.reflect.GeneratedMethodAccessor752
6204:             1             16  sun.reflect.GeneratedMethodAccessor753
6205:             1             16  sun.reflect.GeneratedMethodAccessor754
6206:             1             16  sun.reflect.GeneratedMethodAccessor755
6207:             1             16  sun.reflect.GeneratedMethodAccessor756
6208:             1             16  sun.reflect.GeneratedMethodAccessor757
6209:             1             16  sun.reflect.GeneratedMethodAccessor758
6210:             1             16  sun.reflect.GeneratedMethodAccessor759
6211:             1             16  sun.reflect.GeneratedMethodAccessor76
6212:             1             16  sun.reflect.GeneratedMethodAccessor760
6213:             1             16  sun.reflect.GeneratedMethodAccessor761
6214:             1             16  sun.reflect.GeneratedMethodAccessor762
6215:             1             16  sun.reflect.GeneratedMethodAccessor763
6216:             1             16  sun.reflect.GeneratedMethodAccessor764
6217:             1             16  sun.reflect.GeneratedMethodAccessor765
6218:             1             16  sun.reflect.GeneratedMethodAccessor766
6219:             1             16  sun.reflect.GeneratedMethodAccessor767
6220:             1             16  sun.reflect.GeneratedMethodAccessor768
6221:             1             16  sun.reflect.GeneratedMethodAccessor769
6222:             1             16  sun.reflect.GeneratedMethodAccessor77
6223:             1             16  sun.reflect.GeneratedMethodAccessor770
6224:             1             16  sun.reflect.GeneratedMethodAccessor771
6225:             1             16  sun.reflect.GeneratedMethodAccessor772
6226:             1             16  sun.reflect.GeneratedMethodAccessor773
6227:             1             16  sun.reflect.GeneratedMethodAccessor774
6228:             1             16  sun.reflect.GeneratedMethodAccessor775
6229:             1             16  sun.reflect.GeneratedMethodAccessor776
6230:             1             16  sun.reflect.GeneratedMethodAccessor777
6231:             1             16  sun.reflect.GeneratedMethodAccessor778
6232:             1             16  sun.reflect.GeneratedMethodAccessor779
6233:             1             16  sun.reflect.GeneratedMethodAccessor78
6234:             1             16  sun.reflect.GeneratedMethodAccessor780
6235:             1             16  sun.reflect.GeneratedMethodAccessor781
6236:             1             16  sun.reflect.GeneratedMethodAccessor782
6237:             1             16  sun.reflect.GeneratedMethodAccessor783
6238:             1             16  sun.reflect.GeneratedMethodAccessor784
6239:             1             16  sun.reflect.GeneratedMethodAccessor785
6240:             1             16  sun.reflect.GeneratedMethodAccessor786
6241:             1             16  sun.reflect.GeneratedMethodAccessor787
6242:             1             16  sun.reflect.GeneratedMethodAccessor788
6243:             1             16  sun.reflect.GeneratedMethodAccessor789
6244:             1             16  sun.reflect.GeneratedMethodAccessor79
6245:             1             16  sun.reflect.GeneratedMethodAccessor790
6246:             1             16  sun.reflect.GeneratedMethodAccessor791
6247:             1             16  sun.reflect.GeneratedMethodAccessor792
6248:             1             16  sun.reflect.GeneratedMethodAccessor793
6249:             1             16  sun.reflect.GeneratedMethodAccessor794
6250:             1             16  sun.reflect.GeneratedMethodAccessor795
6251:             1             16  sun.reflect.GeneratedMethodAccessor796
6252:             1             16  sun.reflect.GeneratedMethodAccessor797
6253:             1             16  sun.reflect.GeneratedMethodAccessor798
6254:             1             16  sun.reflect.GeneratedMethodAccessor799
6255:             1             16  sun.reflect.GeneratedMethodAccessor8
6256:             1             16  sun.reflect.GeneratedMethodAccessor80
6257:             1             16  sun.reflect.GeneratedMethodAccessor800
6258:             1             16  sun.reflect.GeneratedMethodAccessor801
6259:             1             16  sun.reflect.GeneratedMethodAccessor802
6260:             1             16  sun.reflect.GeneratedMethodAccessor803
6261:             1             16  sun.reflect.GeneratedMethodAccessor804
6262:             1             16  sun.reflect.GeneratedMethodAccessor805
6263:             1             16  sun.reflect.GeneratedMethodAccessor806
6264:             1             16  sun.reflect.GeneratedMethodAccessor807
6265:             1             16  sun.reflect.GeneratedMethodAccessor808
6266:             1             16  sun.reflect.GeneratedMethodAccessor809
6267:             1             16  sun.reflect.GeneratedMethodAccessor81
6268:             1             16  sun.reflect.GeneratedMethodAccessor810
6269:             1             16  sun.reflect.GeneratedMethodAccessor811
6270:             1             16  sun.reflect.GeneratedMethodAccessor812
6271:             1             16  sun.reflect.GeneratedMethodAccessor813
6272:             1             16  sun.reflect.GeneratedMethodAccessor814
6273:             1             16  sun.reflect.GeneratedMethodAccessor815
6274:             1             16  sun.reflect.GeneratedMethodAccessor816
6275:             1             16  sun.reflect.GeneratedMethodAccessor817
6276:             1             16  sun.reflect.GeneratedMethodAccessor818
6277:             1             16  sun.reflect.GeneratedMethodAccessor819
6278:             1             16  sun.reflect.GeneratedMethodAccessor82
6279:             1             16  sun.reflect.GeneratedMethodAccessor820
6280:             1             16  sun.reflect.GeneratedMethodAccessor821
6281:             1             16  sun.reflect.GeneratedMethodAccessor822
6282:             1             16  sun.reflect.GeneratedMethodAccessor823
6283:             1             16  sun.reflect.GeneratedMethodAccessor824
6284:             1             16  sun.reflect.GeneratedMethodAccessor825
6285:             1             16  sun.reflect.GeneratedMethodAccessor826
6286:             1             16  sun.reflect.GeneratedMethodAccessor827
6287:             1             16  sun.reflect.GeneratedMethodAccessor828
6288:             1             16  sun.reflect.GeneratedMethodAccessor829
6289:             1             16  sun.reflect.GeneratedMethodAccessor83
6290:             1             16  sun.reflect.GeneratedMethodAccessor830
6291:             1             16  sun.reflect.GeneratedMethodAccessor831
6292:             1             16  sun.reflect.GeneratedMethodAccessor832
6293:             1             16  sun.reflect.GeneratedMethodAccessor833
6294:             1             16  sun.reflect.GeneratedMethodAccessor834
6295:             1             16  sun.reflect.GeneratedMethodAccessor835
6296:             1             16  sun.reflect.GeneratedMethodAccessor836
6297:             1             16  sun.reflect.GeneratedMethodAccessor837
6298:             1             16  sun.reflect.GeneratedMethodAccessor838
6299:             1             16  sun.reflect.GeneratedMethodAccessor839
6300:             1             16  sun.reflect.GeneratedMethodAccessor84
6301:             1             16  sun.reflect.GeneratedMethodAccessor840
6302:             1             16  sun.reflect.GeneratedMethodAccessor841
6303:             1             16  sun.reflect.GeneratedMethodAccessor842
6304:             1             16  sun.reflect.GeneratedMethodAccessor843
6305:             1             16  sun.reflect.GeneratedMethodAccessor844
6306:             1             16  sun.reflect.GeneratedMethodAccessor845
6307:             1             16  sun.reflect.GeneratedMethodAccessor846
6308:             1             16  sun.reflect.GeneratedMethodAccessor847
6309:             1             16  sun.reflect.GeneratedMethodAccessor848
6310:             1             16  sun.reflect.GeneratedMethodAccessor849
6311:             1             16  sun.reflect.GeneratedMethodAccessor85
6312:             1             16  sun.reflect.GeneratedMethodAccessor850
6313:             1             16  sun.reflect.GeneratedMethodAccessor851
6314:             1             16  sun.reflect.GeneratedMethodAccessor852
6315:             1             16  sun.reflect.GeneratedMethodAccessor853
6316:             1             16  sun.reflect.GeneratedMethodAccessor854
6317:             1             16  sun.reflect.GeneratedMethodAccessor855
6318:             1             16  sun.reflect.GeneratedMethodAccessor856
6319:             1             16  sun.reflect.GeneratedMethodAccessor857
6320:             1             16  sun.reflect.GeneratedMethodAccessor858
6321:             1             16  sun.reflect.GeneratedMethodAccessor859
6322:             1             16  sun.reflect.GeneratedMethodAccessor86
6323:             1             16  sun.reflect.GeneratedMethodAccessor860
6324:             1             16  sun.reflect.GeneratedMethodAccessor861
6325:             1             16  sun.reflect.GeneratedMethodAccessor862
6326:             1             16  sun.reflect.GeneratedMethodAccessor863
6327:             1             16  sun.reflect.GeneratedMethodAccessor864
6328:             1             16  sun.reflect.GeneratedMethodAccessor865
6329:             1             16  sun.reflect.GeneratedMethodAccessor866
6330:             1             16  sun.reflect.GeneratedMethodAccessor867
6331:             1             16  sun.reflect.GeneratedMethodAccessor868
6332:             1             16  sun.reflect.GeneratedMethodAccessor869
6333:             1             16  sun.reflect.GeneratedMethodAccessor87
6334:             1             16  sun.reflect.GeneratedMethodAccessor870
6335:             1             16  sun.reflect.GeneratedMethodAccessor871
6336:             1             16  sun.reflect.GeneratedMethodAccessor872
6337:             1             16  sun.reflect.GeneratedMethodAccessor873
6338:             1             16  sun.reflect.GeneratedMethodAccessor874
6339:             1             16  sun.reflect.GeneratedMethodAccessor875
6340:             1             16  sun.reflect.GeneratedMethodAccessor876
6341:             1             16  sun.reflect.GeneratedMethodAccessor877
6342:             1             16  sun.reflect.GeneratedMethodAccessor878
6343:             1             16  sun.reflect.GeneratedMethodAccessor879
6344:             1             16  sun.reflect.GeneratedMethodAccessor88
6345:             1             16  sun.reflect.GeneratedMethodAccessor880
6346:             1             16  sun.reflect.GeneratedMethodAccessor881
6347:             1             16  sun.reflect.GeneratedMethodAccessor882
6348:             1             16  sun.reflect.GeneratedMethodAccessor883
6349:             1             16  sun.reflect.GeneratedMethodAccessor884
6350:             1             16  sun.reflect.GeneratedMethodAccessor885
6351:             1             16  sun.reflect.GeneratedMethodAccessor886
6352:             1             16  sun.reflect.GeneratedMethodAccessor887
6353:             1             16  sun.reflect.GeneratedMethodAccessor888
6354:             1             16  sun.reflect.GeneratedMethodAccessor889
6355:             1             16  sun.reflect.GeneratedMethodAccessor89
6356:             1             16  sun.reflect.GeneratedMethodAccessor890
6357:             1             16  sun.reflect.GeneratedMethodAccessor891
6358:             1             16  sun.reflect.GeneratedMethodAccessor892
6359:             1             16  sun.reflect.GeneratedMethodAccessor893
6360:             1             16  sun.reflect.GeneratedMethodAccessor894
6361:             1             16  sun.reflect.GeneratedMethodAccessor895
6362:             1             16  sun.reflect.GeneratedMethodAccessor896
6363:             1             16  sun.reflect.GeneratedMethodAccessor897
6364:             1             16  sun.reflect.GeneratedMethodAccessor898
6365:             1             16  sun.reflect.GeneratedMethodAccessor899
6366:             1             16  sun.reflect.GeneratedMethodAccessor9
6367:             1             16  sun.reflect.GeneratedMethodAccessor90
6368:             1             16  sun.reflect.GeneratedMethodAccessor900
6369:             1             16  sun.reflect.GeneratedMethodAccessor901
6370:             1             16  sun.reflect.GeneratedMethodAccessor902
6371:             1             16  sun.reflect.GeneratedMethodAccessor903
6372:             1             16  sun.reflect.GeneratedMethodAccessor904
6373:             1             16  sun.reflect.GeneratedMethodAccessor905
6374:             1             16  sun.reflect.GeneratedMethodAccessor906
6375:             1             16  sun.reflect.GeneratedMethodAccessor907
6376:             1             16  sun.reflect.GeneratedMethodAccessor908
6377:             1             16  sun.reflect.GeneratedMethodAccessor909
6378:             1             16  sun.reflect.GeneratedMethodAccessor91
6379:             1             16  sun.reflect.GeneratedMethodAccessor910
6380:             1             16  sun.reflect.GeneratedMethodAccessor911
6381:             1             16  sun.reflect.GeneratedMethodAccessor912
6382:             1             16  sun.reflect.GeneratedMethodAccessor913
6383:             1             16  sun.reflect.GeneratedMethodAccessor914
6384:             1             16  sun.reflect.GeneratedMethodAccessor915
6385:             1             16  sun.reflect.GeneratedMethodAccessor916
6386:             1             16  sun.reflect.GeneratedMethodAccessor917
6387:             1             16  sun.reflect.GeneratedMethodAccessor918
6388:             1             16  sun.reflect.GeneratedMethodAccessor919
6389:             1             16  sun.reflect.GeneratedMethodAccessor92
6390:             1             16  sun.reflect.GeneratedMethodAccessor920
6391:             1             16  sun.reflect.GeneratedMethodAccessor921
6392:             1             16  sun.reflect.GeneratedMethodAccessor922
6393:             1             16  sun.reflect.GeneratedMethodAccessor923
6394:             1             16  sun.reflect.GeneratedMethodAccessor924
6395:             1             16  sun.reflect.GeneratedMethodAccessor925
6396:             1             16  sun.reflect.GeneratedMethodAccessor926
6397:             1             16  sun.reflect.GeneratedMethodAccessor927
6398:             1             16  sun.reflect.GeneratedMethodAccessor928
6399:             1             16  sun.reflect.GeneratedMethodAccessor929
6400:             1             16  sun.reflect.GeneratedMethodAccessor93
6401:             1             16  sun.reflect.GeneratedMethodAccessor930
6402:             1             16  sun.reflect.GeneratedMethodAccessor931
6403:             1             16  sun.reflect.GeneratedMethodAccessor932
6404:             1             16  sun.reflect.GeneratedMethodAccessor933
6405:             1             16  sun.reflect.GeneratedMethodAccessor934
6406:             1             16  sun.reflect.GeneratedMethodAccessor935
6407:             1             16  sun.reflect.GeneratedMethodAccessor936
6408:             1             16  sun.reflect.GeneratedMethodAccessor937
6409:             1             16  sun.reflect.GeneratedMethodAccessor938
6410:             1             16  sun.reflect.GeneratedMethodAccessor939
6411:             1             16  sun.reflect.GeneratedMethodAccessor94
6412:             1             16  sun.reflect.GeneratedMethodAccessor940
6413:             1             16  sun.reflect.GeneratedMethodAccessor941
6414:             1             16  sun.reflect.GeneratedMethodAccessor942
6415:             1             16  sun.reflect.GeneratedMethodAccessor943
6416:             1             16  sun.reflect.GeneratedMethodAccessor944
6417:             1             16  sun.reflect.GeneratedMethodAccessor945
6418:             1             16  sun.reflect.GeneratedMethodAccessor946
6419:             1             16  sun.reflect.GeneratedMethodAccessor947
6420:             1             16  sun.reflect.GeneratedMethodAccessor948
6421:             1             16  sun.reflect.GeneratedMethodAccessor949
6422:             1             16  sun.reflect.GeneratedMethodAccessor95
6423:             1             16  sun.reflect.GeneratedMethodAccessor950
6424:             1             16  sun.reflect.GeneratedMethodAccessor951
6425:             1             16  sun.reflect.GeneratedMethodAccessor952
6426:             1             16  sun.reflect.GeneratedMethodAccessor953
6427:             1             16  sun.reflect.GeneratedMethodAccessor954
6428:             1             16  sun.reflect.GeneratedMethodAccessor955
6429:             1             16  sun.reflect.GeneratedMethodAccessor956
6430:             1             16  sun.reflect.GeneratedMethodAccessor957
6431:             1             16  sun.reflect.GeneratedMethodAccessor958
6432:             1             16  sun.reflect.GeneratedMethodAccessor959
6433:             1             16  sun.reflect.GeneratedMethodAccessor96
6434:             1             16  sun.reflect.GeneratedMethodAccessor960
6435:             1             16  sun.reflect.GeneratedMethodAccessor961
6436:             1             16  sun.reflect.GeneratedMethodAccessor962
6437:             1             16  sun.reflect.GeneratedMethodAccessor963
6438:             1             16  sun.reflect.GeneratedMethodAccessor964
6439:             1             16  sun.reflect.GeneratedMethodAccessor965
6440:             1             16  sun.reflect.GeneratedMethodAccessor966
6441:             1             16  sun.reflect.GeneratedMethodAccessor967
6442:             1             16  sun.reflect.GeneratedMethodAccessor968
6443:             1             16  sun.reflect.GeneratedMethodAccessor969
6444:             1             16  sun.reflect.GeneratedMethodAccessor97
6445:             1             16  sun.reflect.GeneratedMethodAccessor970
6446:             1             16  sun.reflect.GeneratedMethodAccessor971
6447:             1             16  sun.reflect.GeneratedMethodAccessor972
6448:             1             16  sun.reflect.GeneratedMethodAccessor973
6449:             1             16  sun.reflect.GeneratedMethodAccessor974
6450:             1             16  sun.reflect.GeneratedMethodAccessor975
6451:             1             16  sun.reflect.GeneratedMethodAccessor976
6452:             1             16  sun.reflect.GeneratedMethodAccessor977
6453:             1             16  sun.reflect.GeneratedMethodAccessor978
6454:             1             16  sun.reflect.GeneratedMethodAccessor979
6455:             1             16  sun.reflect.GeneratedMethodAccessor98
6456:             1             16  sun.reflect.GeneratedMethodAccessor980
6457:             1             16  sun.reflect.GeneratedMethodAccessor981
6458:             1             16  sun.reflect.GeneratedMethodAccessor982
6459:             1             16  sun.reflect.GeneratedMethodAccessor983
6460:             1             16  sun.reflect.GeneratedMethodAccessor984
6461:             1             16  sun.reflect.GeneratedMethodAccessor985
6462:             1             16  sun.reflect.GeneratedMethodAccessor986
6463:             1             16  sun.reflect.GeneratedMethodAccessor987
6464:             1             16  sun.reflect.GeneratedMethodAccessor988
6465:             1             16  sun.reflect.GeneratedMethodAccessor989
6466:             1             16  sun.reflect.GeneratedMethodAccessor99
6467:             1             16  sun.reflect.GeneratedMethodAccessor990
6468:             1             16  sun.reflect.GeneratedMethodAccessor991
6469:             1             16  sun.reflect.GeneratedMethodAccessor992
6470:             1             16  sun.reflect.GeneratedMethodAccessor993
6471:             1             16  sun.reflect.GeneratedMethodAccessor994
6472:             1             16  sun.reflect.GeneratedMethodAccessor995
6473:             1             16  sun.reflect.GeneratedMethodAccessor996
6474:             1             16  sun.reflect.GeneratedMethodAccessor997
6475:             1             16  sun.reflect.GeneratedMethodAccessor998
6476:             1             16  sun.reflect.GeneratedMethodAccessor999
6477:             1             16  sun.reflect.ReflectionFactory
6478:             1             16  sun.reflect.generics.tree.BottomSignature
6479:             1             16  sun.reflect.generics.tree.ByteSignature
6480:             1             16  sun.reflect.generics.tree.CharSignature
6481:             1             16  sun.reflect.generics.tree.VoidDescriptor
6482:             1             16  sun.util.calendar.Gregorian
6483:             1             16  sun.util.locale.provider.AuxLocaleProviderAdapter$NullProvider
6484:             1             16  sun.util.locale.provider.CalendarDataUtility$CalendarWeekParameterGetter
6485:             1             16  sun.util.locale.provider.SPILocaleProviderAdapter
6486:             1             16  sun.util.resources.LocaleData
6487:             1             16  sun.util.resources.LocaleData$LocaleDataResourceBundleControl
Total        998918       53449320
